Archive member included to satisfy reference by file (symbol)

c:/dev/tools/xpack-arm-none-eabi-gcc-9.2.1-1.1/bin/../lib/gcc/arm-none-eabi/9.2.1/../../../../arm-none-eabi/lib/thumb/v7-m/nofp\libm.a(lib_a-wf_sqrt.o)
                              CMakeFiles/Balance.elf.dir/Bsp/imu/filters/filter_math.c.obj (sqrtf)
c:/dev/tools/xpack-arm-none-eabi-gcc-9.2.1-1.1/bin/../lib/gcc/arm-none-eabi/9.2.1/../../../../arm-none-eabi/lib/thumb/v7-m/nofp\libm.a(lib_a-ef_sqrt.o)
                              c:/dev/tools/xpack-arm-none-eabi-gcc-9.2.1-1.1/bin/../lib/gcc/arm-none-eabi/9.2.1/../../../../arm-none-eabi/lib/thumb/v7-m/nofp\libm.a(lib_a-wf_sqrt.o) (__ieee754_sqrtf)
c:/dev/tools/xpack-arm-none-eabi-gcc-9.2.1-1.1/bin/../lib/gcc/arm-none-eabi/9.2.1/../../../../arm-none-eabi/lib/thumb/v7-m/nofp\libm.a(lib_a-s_lib_ver.o)
                              c:/dev/tools/xpack-arm-none-eabi-gcc-9.2.1-1.1/bin/../lib/gcc/arm-none-eabi/9.2.1/../../../../arm-none-eabi/lib/thumb/v7-m/nofp\libm.a(lib_a-wf_sqrt.o) (__fdlib_version)
c:/dev/tools/xpack-arm-none-eabi-gcc-9.2.1-1.1/bin/../lib/gcc/arm-none-eabi/9.2.1/../../../../arm-none-eabi/lib/thumb/v7-m/nofp\libm.a(lib_a-s_matherr.o)
                              c:/dev/tools/xpack-arm-none-eabi-gcc-9.2.1-1.1/bin/../lib/gcc/arm-none-eabi/9.2.1/../../../../arm-none-eabi/lib/thumb/v7-m/nofp\libm.a(lib_a-wf_sqrt.o) (matherr)
c:/dev/tools/xpack-arm-none-eabi-gcc-9.2.1-1.1/bin/../lib/gcc/arm-none-eabi/9.2.1/thumb/v7-m/nofp\libgcc.a(_arm_mulsf3.o)
                              CMakeFiles/Balance.elf.dir/Bsp/imu/filters/biquad_filter.c.obj (__aeabi_fmul)
c:/dev/tools/xpack-arm-none-eabi-gcc-9.2.1-1.1/bin/../lib/gcc/arm-none-eabi/9.2.1/thumb/v7-m/nofp\libgcc.a(_arm_addsubdf3.o)
                              c:/dev/tools/xpack-arm-none-eabi-gcc-9.2.1-1.1/bin/../lib/gcc/arm-none-eabi/9.2.1/../../../../arm-none-eabi/lib/thumb/v7-m/nofp\libm.a(lib_a-wf_sqrt.o) (__aeabi_f2d)
c:/dev/tools/xpack-arm-none-eabi-gcc-9.2.1-1.1/bin/../lib/gcc/arm-none-eabi/9.2.1/thumb/v7-m/nofp\libgcc.a(_arm_muldivdf3.o)
                              c:/dev/tools/xpack-arm-none-eabi-gcc-9.2.1-1.1/bin/../lib/gcc/arm-none-eabi/9.2.1/../../../../arm-none-eabi/lib/thumb/v7-m/nofp\libm.a(lib_a-wf_sqrt.o) (__aeabi_ddiv)
c:/dev/tools/xpack-arm-none-eabi-gcc-9.2.1-1.1/bin/../lib/gcc/arm-none-eabi/9.2.1/thumb/v7-m/nofp\libgcc.a(_arm_truncdfsf2.o)
                              c:/dev/tools/xpack-arm-none-eabi-gcc-9.2.1-1.1/bin/../lib/gcc/arm-none-eabi/9.2.1/../../../../arm-none-eabi/lib/thumb/v7-m/nofp\libm.a(lib_a-wf_sqrt.o) (__aeabi_d2f)
c:/dev/tools/xpack-arm-none-eabi-gcc-9.2.1-1.1/bin/../lib/gcc/arm-none-eabi/9.2.1/thumb/v7-m/nofp\libgcc.a(_arm_addsubsf3.o)
                              CMakeFiles/Balance.elf.dir/Bsp/imu/filters/biquad_filter.c.obj (__aeabi_fsub)
c:/dev/tools/xpack-arm-none-eabi-gcc-9.2.1-1.1/bin/../lib/gcc/arm-none-eabi/9.2.1/thumb/v7-m/nofp\libgcc.a(_arm_muldivsf3.o)
                              CMakeFiles/Balance.elf.dir/Bsp/imu/MPU6050.cpp.obj (__aeabi_fdiv)
c:/dev/tools/xpack-arm-none-eabi-gcc-9.2.1-1.1/bin/../lib/gcc/arm-none-eabi/9.2.1/thumb/v7-m/nofp\libgcc.a(_arm_cmpsf2.o)
                              CMakeFiles/Balance.elf.dir/Bsp/imu/filters/filter_math.c.obj (__aeabi_fcmpeq)
c:/dev/tools/xpack-arm-none-eabi-gcc-9.2.1-1.1/bin/../lib/gcc/arm-none-eabi/9.2.1/thumb/v7-m/nofp\libgcc.a(_arm_unordsf2.o)
                              c:/dev/tools/xpack-arm-none-eabi-gcc-9.2.1-1.1/bin/../lib/gcc/arm-none-eabi/9.2.1/../../../../arm-none-eabi/lib/thumb/v7-m/nofp\libm.a(lib_a-wf_sqrt.o) (__aeabi_fcmpun)
c:/dev/tools/xpack-arm-none-eabi-gcc-9.2.1-1.1/bin/../lib/gcc/arm-none-eabi/9.2.1/thumb/v7-m/nofp\libgcc.a(_arm_fixsfsi.o)
                              CMakeFiles/Balance.elf.dir/Bsp/imu/filters/filter_math.c.obj (__aeabi_f2iz)
c:/dev/tools/xpack-arm-none-eabi-gcc-9.2.1-1.1/bin/../lib/gcc/arm-none-eabi/9.2.1/thumb/v7-m/nofp\libgcc.a(unwind-arm.o)
                              CMakeFiles/Balance.elf.dir/Bsp/imu/MPU6050.cpp.obj (__aeabi_unwind_cpp_pr0)
c:/dev/tools/xpack-arm-none-eabi-gcc-9.2.1-1.1/bin/../lib/gcc/arm-none-eabi/9.2.1/thumb/v7-m/nofp\libgcc.a(libunwind.o)
                              c:/dev/tools/xpack-arm-none-eabi-gcc-9.2.1-1.1/bin/../lib/gcc/arm-none-eabi/9.2.1/thumb/v7-m/nofp\libgcc.a(unwind-arm.o) (restore_core_regs)
c:/dev/tools/xpack-arm-none-eabi-gcc-9.2.1-1.1/bin/../lib/gcc/arm-none-eabi/9.2.1/thumb/v7-m/nofp\libgcc.a(pr-support.o)
                              c:/dev/tools/xpack-arm-none-eabi-gcc-9.2.1-1.1/bin/../lib/gcc/arm-none-eabi/9.2.1/thumb/v7-m/nofp\libgcc.a(unwind-arm.o) (__gnu_unwind_execute)
c:/dev/tools/xpack-arm-none-eabi-gcc-9.2.1-1.1/bin/../lib/gcc/arm-none-eabi/9.2.1/../../../../arm-none-eabi/lib/thumb/v7-m/nofp\libg.a(lib_a-abort.o)
                              c:/dev/tools/xpack-arm-none-eabi-gcc-9.2.1-1.1/bin/../lib/gcc/arm-none-eabi/9.2.1/thumb/v7-m/nofp\libgcc.a(unwind-arm.o) (abort)
[...]
Memory Configuration

Name             Origin             Length             Attributes
RAM              0x0000000020000000 0x0000000000005000 xrw
FLASH            0x0000000008000000 0x0000000000010000 xr
*default*        0x0000000000000000 0xffffffffffffffff

Linker script and memory map

LOAD c:/dev/tools/xpack-arm-none-eabi-gcc-9.2.1-1.1/bin/../lib/gcc/arm-none-eabi/9.2.1/thumb/v7-m/nofp/crti.o
LOAD c:/dev/tools/xpack-arm-none-eabi-gcc-9.2.1-1.1/bin/../lib/gcc/arm-none-eabi/9.2.1/thumb/v7-m/nofp/crtbegin.o
LOAD c:/dev/tools/xpack-arm-none-eabi-gcc-9.2.1-1.1/bin/../lib/gcc/arm-none-eabi/9.2.1/../../../../arm-none-eabi/lib/thumb/v7-m/nofp/crt0.o
LOAD CMakeFiles/Balance.elf.dir/Bsp/imu/MPU6050.cpp.obj
LOAD CMakeFiles/Balance.elf.dir/Bsp/imu/filters/biquad_filter.c.obj
LOAD CMakeFiles/Balance.elf.dir/Bsp/imu/filters/filter_math.c.obj
LOAD CMakeFiles/Balance.elf.dir/Bsp/imu/i2c_dev.cpp.obj
LOAD CMakeFiles/Balance.elf.dir/Core/Src/gpio.c.obj
LOAD CMakeFiles/Balance.elf.dir/Core/Src/i2c.c.obj
LOAD CMakeFiles/Balance.elf.dir/Core/Src/main.c.obj
LOAD CMakeFiles/Balance.elf.dir/Core/Src/stm32f1xx_hal_msp.c.obj
LOAD CMakeFiles/Balance.elf.dir/Core/Src/stm32f1xx_it.c.obj
LOAD CMakeFiles/Balance.elf.dir/Core/Src/syscalls.c.obj
LOAD CMakeFiles/Balance.elf.dir/Core/Src/system_stm32f1xx.c.obj
LOAD CMakeFiles/Balance.elf.dir/Core/Src/usart.c.obj
LOAD CMakeFiles/Balance.elf.dir/Drivers/STM32F1xx_HAL_Driver/Src/stm32f1xx_hal.c.obj
LOAD CMakeFiles/Balance.elf.dir/Drivers/STM32F1xx_HAL_Driver/Src/stm32f1xx_hal_cortex.c.obj
LOAD CMakeFiles/Balance.elf.dir/Drivers/STM32F1xx_HAL_Driver/Src/stm32f1xx_hal_dma.c.obj
LOAD CMakeFiles/Balance.elf.dir/Drivers/STM32F1xx_HAL_Driver/Src/stm32f1xx_hal_exti.c.obj
LOAD CMakeFiles/Balance.elf.dir/Drivers/STM32F1xx_HAL_Driver/Src/stm32f1xx_hal_flash.c.obj
LOAD CMakeFiles/Balance.elf.dir/Drivers/STM32F1xx_HAL_Driver/Src/stm32f1xx_hal_flash_ex.c.obj
LOAD CMakeFiles/Balance.elf.dir/Drivers/STM32F1xx_HAL_Driver/Src/stm32f1xx_hal_gpio.c.obj
LOAD CMakeFiles/Balance.elf.dir/Drivers/STM32F1xx_HAL_Driver/Src/stm32f1xx_hal_gpio_ex.c.obj
LOAD CMakeFiles/Balance.elf.dir/Drivers/STM32F1xx_HAL_Driver/Src/stm32f1xx_hal_i2c.c.obj
LOAD CMakeFiles/Balance.elf.dir/Drivers/STM32F1xx_HAL_Driver/Src/stm32f1xx_hal_pwr.c.obj
LOAD CMakeFiles/Balance.elf.dir/Drivers/STM32F1xx_HAL_Driver/Src/stm32f1xx_hal_rcc.c.obj
LOAD CMakeFiles/Balance.elf.dir/Drivers/STM32F1xx_HAL_Driver/Src/stm32f1xx_hal_rcc_ex.c.obj
LOAD CMakeFiles/Balance.elf.dir/Drivers/STM32F1xx_HAL_Driver/Src/stm32f1xx_hal_tim.c.obj
LOAD CMakeFiles/Balance.elf.dir/Drivers/STM32F1xx_HAL_Driver/Src/stm32f1xx_hal_tim_ex.c.obj
LOAD CMakeFiles/Balance.elf.dir/Drivers/STM32F1xx_HAL_Driver/Src/stm32f1xx_hal_uart.c.obj
LOAD CMakeFiles/Balance.elf.dir/Platform/retarget.c.obj
LOAD CMakeFiles/Balance.elf.dir/User/main.cpp.obj
LOAD CMakeFiles/Balance.elf.dir/startup/startup_stm32f103xb.s.obj
LOAD c:/dev/tools/xpack-arm-none-eabi-gcc-9.2.1-1.1/bin/../lib/gcc/arm-none-eabi/9.2.1/../../../../arm-none-eabi/lib/thumb/v7-m/nofp\libstdc++.a
LOAD c:/dev/tools/xpack-arm-none-eabi-gcc-9.2.1-1.1/bin/../lib/gcc/arm-none-eabi/9.2.1/../../../../arm-none-eabi/lib/thumb/v7-m/nofp\libm.a
START GROUP
LOAD c:/dev/tools/xpack-arm-none-eabi-gcc-9.2.1-1.1/bin/../lib/gcc/arm-none-eabi/9.2.1/thumb/v7-m/nofp\libgcc.a
LOAD c:/dev/tools/xpack-arm-none-eabi-gcc-9.2.1-1.1/bin/../lib/gcc/arm-none-eabi/9.2.1/../../../../arm-none-eabi/lib/thumb/v7-m/nofp\libg.a
LOAD c:/dev/tools/xpack-arm-none-eabi-gcc-9.2.1-1.1/bin/../lib/gcc/arm-none-eabi/9.2.1/../../../../arm-none-eabi/lib/thumb/v7-m/nofp\libc.a
END GROUP
LOAD c:/dev/tools/xpack-arm-none-eabi-gcc-9.2.1-1.1/bin/../lib/gcc/arm-none-eabi/9.2.1/thumb/v7-m/nofp/crtend.o
LOAD c:/dev/tools/xpack-arm-none-eabi-gcc-9.2.1-1.1/bin/../lib/gcc/arm-none-eabi/9.2.1/thumb/v7-m/nofp/crtn.o
                0x0000000020005000                _estack = (ORIGIN (RAM) + LENGTH (RAM))
                0x0000000000000200                _Min_Heap_Size = 0x200
                0x0000000000000400                _Min_Stack_Size = 0x400

.isr_vector     0x0000000008000000      0x10c
                0x0000000008000000                . = ALIGN (0x4)
 *(.isr_vector)
 .isr_vector    0x0000000008000000      0x10c CMakeFiles/Balance.elf.dir/startup/startup_stm32f103xb.s.obj
                0x0000000008000000                g_pfnVectors
                0x000000000800010c                . = ALIGN (0x4)

.text           0x0000000008000110     0x9678
                0x0000000008000110                . = ALIGN (0x4)
 *(.text)
 .text          0x0000000008000110      0x378 c:/dev/tools/xpack-arm-none-eabi-gcc-9.2.1-1.1/bin/../lib/gcc/arm-none-eabi/9.2.1/thumb/v7-m/nofp\libgcc.a(_arm_addsubdf3.o)
                0x0000000008000110                __aeabi_drsub
                0x0000000008000118                __aeabi_dsub
                0x0000000008000118                __subdf3
                0x000000000800011c                __aeabi_dadd
                0x000000000800011c                __adddf3
                0x0000000008000394                __floatunsidf
                0x0000000008000394                __aeabi_ui2d
                0x00000000080003b4                __floatsidf
                0x00000000080003b4                __aeabi_i2d
                0x00000000080003d8                __aeabi_f2d
                0x00000000080003d8                __extendsfdf2
                0x000000000800041c                __floatundidf
                0x000000000800041c                __aeabi_ul2d
                0x000000000800042c                __floatdidf
                0x000000000800042c                __aeabi_l2d
 .text          0x0000000008000488      0x424 c:/dev/tools/xpack-arm-none-eabi-gcc-9.2.1-1.1/bin/../lib/gcc/arm-none-eabi/9.2.1/thumb/v7-m/nofp\libgcc.a(_arm_muldivdf3.o)
                0x0000000008000488                __aeabi_dmul
                0x0000000008000488                __muldf3
                0x00000000080006dc                __divdf3
                0x00000000080006dc                __aeabi_ddiv
 .text          0x00000000080008ac      0x21c c:/dev/tools/xpack-arm-none-eabi-gcc-9.2.1-1.1/bin/../lib/gcc/arm-none-eabi/9.2.1/thumb/v7-m/nofp\libgcc.a(_arm_addsubsf3.o)
                0x00000000080008ac                __aeabi_frsub
                0x00000000080008b4                __subsf3
                0x00000000080008b4                __aeabi_fsub
                0x00000000080008b8                __aeabi_fadd
                0x00000000080008b8                __addsf3
                0x0000000008000a18                __aeabi_ui2f
                0x0000000008000a18                __floatunsisf
                0x0000000008000a20                __aeabi_i2f
                0x0000000008000a20                __floatsisf
                0x0000000008000a3c                __aeabi_ul2f
                0x0000000008000a3c                __floatundisf
                0x0000000008000a4c                __aeabi_l2f
                0x0000000008000a4c                __floatdisf
 .text          0x0000000008000ac8      0x2a0 c:/dev/tools/xpack-arm-none-eabi-gcc-9.2.1-1.1/bin/../lib/gcc/arm-none-eabi/9.2.1/thumb/v7-m/nofp\libgcc.a(_arm_muldivsf3.o)
                0x0000000008000ac8                __mulsf3
                0x0000000008000ac8                __aeabi_fmul
                0x0000000008000c30                __aeabi_fdiv
                0x0000000008000c30                __divsf3
 .text          0x0000000008000d68       0xec c:/dev/tools/xpack-arm-none-eabi-gcc-9.2.1-1.1/bin/../lib/gcc/arm-none-eabi/9.2.1/thumb/v7-m/nofp\libgcc.a(_arm_cmpsf2.o)
                0x0000000008000d68                __gesf2
                0x0000000008000d68                __gtsf2
                0x0000000008000d70                __lesf2
                0x0000000008000d70                __ltsf2
                0x0000000008000d78                __nesf2
                0x0000000008000d78                __eqsf2
                0x0000000008000d78                __cmpsf2
                0x0000000008000dd8                __aeabi_cfrcmple
                0x0000000008000de0                __aeabi_cfcmpeq
                0x0000000008000de0                __aeabi_cfcmple
                0x0000000008000df0                __aeabi_fcmpeq
                0x0000000008000e04                __aeabi_fcmplt
                0x0000000008000e18                __aeabi_fcmple
                0x0000000008000e2c                __aeabi_fcmpge
                0x0000000008000e40                __aeabi_fcmpgt
 .text          0x0000000008000e54       0x4c c:/dev/tools/xpack-arm-none-eabi-gcc-9.2.1-1.1/bin/../lib/gcc/arm-none-eabi/9.2.1/thumb/v7-m/nofp\libgcc.a(_arm_fixsfsi.o)
                0x0000000008000e54                __aeabi_f2iz
                0x0000000008000e54                __fixsfsi
 .text          0x0000000008000ea0      0x1ac c:/dev/tools/xpack-arm-none-eabi-gcc-9.2.1-1.1/bin/../lib/gcc/arm-none-eabi/9.2.1/thumb/v7-m/nofp\libgcc.a(libunwind.o)
                0x0000000008000ea0                __restore_core_regs
                0x0000000008000ea0                restore_core_regs
                0x0000000008000eb8                __gnu_Unwind_Restore_VFP
                0x0000000008000ec0                __gnu_Unwind_Save_VFP
                0x0000000008000ec8                __gnu_Unwind_Restore_VFP_D
                0x0000000008000ed0                __gnu_Unwind_Save_VFP_D
                0x0000000008000ed8                __gnu_Unwind_Restore_VFP_D_16_to_31
                0x0000000008000ee0                __gnu_Unwind_Save_VFP_D_16_to_31
                0x0000000008000ee8                __gnu_Unwind_Restore_WMMXD
                0x0000000008000f2c                __gnu_Unwind_Save_WMMXD
                0x0000000008000f70                __gnu_Unwind_Restore_WMMXC
                0x0000000008000f84                __gnu_Unwind_Save_WMMXC
                0x0000000008000f98                ___Unwind_RaiseException
                0x0000000008000f98                _Unwind_RaiseException
                0x0000000008000fbc                _Unwind_Resume
                0x0000000008000fbc                ___Unwind_Resume
                0x0000000008000fe0                _Unwind_Resume_or_Rethrow
                0x0000000008000fe0                ___Unwind_Resume_or_Rethrow
                0x0000000008001004                _Unwind_ForcedUnwind
                0x0000000008001004                ___Unwind_ForcedUnwind
                0x0000000008001028                ___Unwind_Backtrace
                0x0000000008001028                _Unwind_Backtrace
 .text          0x000000000800104c       0xec c:/dev/tools/xpack-arm-none-eabi-gcc-9.2.1-1.1/bin/../lib/gcc/arm-none-eabi/9.2.1/../../../../arm-none-eabi/lib/thumb/v7-m/nofp\libg.a(lib_a-memcpy.o)
                0x000000000800104c                memcpy
 .text          0x0000000008001138      0x110 c:/dev/tools/xpack-arm-none-eabi-gcc-9.2.1-1.1/bin/../lib/gcc/arm-none-eabi/9.2.1/thumb/v7-m/nofp\libgcc.a(_arm_cmpdf2.o)
                0x0000000008001138                __gtdf2
                0x0000000008001138                __gedf2
                0x0000000008001140                __ltdf2
                0x0000000008001140                __ledf2
                0x0000000008001148                __nedf2
                0x0000000008001148                __eqdf2
                0x0000000008001148                __cmpdf2
                0x00000000080011c4                __aeabi_cdrcmple
                0x00000000080011d4                __aeabi_cdcmpeq
                0x00000000080011d4                __aeabi_cdcmple
                0x00000000080011e4                __aeabi_dcmpeq
                0x00000000080011f8                __aeabi_dcmplt
                0x000000000800120c                __aeabi_dcmple
                0x0000000008001220                __aeabi_dcmpge
                0x0000000008001234                __aeabi_dcmpgt
 .text          0x0000000008001248       0x2c c:/dev/tools/xpack-arm-none-eabi-gcc-9.2.1-1.1/bin/../lib/gcc/arm-none-eabi/9.2.1/thumb/v7-m/nofp\libgcc.a(_arm_unorddf2.o)
                0x0000000008001248                __unorddf2
                0x0000000008001248                __aeabi_dcmpun
 .text          0x0000000008001274       0x50 c:/dev/tools/xpack-arm-none-eabi-gcc-9.2.1-1.1/bin/../lib/gcc/arm-none-eabi/9.2.1/thumb/v7-m/nofp\libgcc.a(_arm_fixdfsi.o)
                0x0000000008001274                __aeabi_d2iz
                0x0000000008001274                __fixdfsi
 .text          0x00000000080012c4       0x30 c:/dev/tools/xpack-arm-none-eabi-gcc-9.2.1-1.1/bin/../lib/gcc/arm-none-eabi/9.2.1/thumb/v7-m/nofp\libgcc.a(_aeabi_uldivmod.o)
                0x00000000080012c4                __aeabi_uldivmod
 .text          0x00000000080012f4        0x4 c:/dev/tools/xpack-arm-none-eabi-gcc-9.2.1-1.1/bin/../lib/gcc/arm-none-eabi/9.2.1/thumb/v7-m/nofp\libgcc.a(_dvmd_tls.o)
                0x00000000080012f4                __aeabi_idiv0
                0x00000000080012f4                __aeabi_ldiv0
 *(.text*)
 .text.__do_global_dtors_aux
                0x00000000080012f8       0x24 c:/dev/tools/xpack-arm-none-eabi-gcc-9.2.1-1.1/bin/../lib/gcc/arm-none-eabi/9.2.1/thumb/v7-m/nofp/crtbegin.o
 .text.frame_dummy
                0x000000000800131c       0x1c c:/dev/tools/xpack-arm-none-eabi-gcc-9.2.1-1.1/bin/../lib/gcc/arm-none-eabi/9.2.1/thumb/v7-m/nofp/crtbegin.o
 .text._ZN7MPU605011setDLPFModeEh
                0x0000000008001338       0x1a CMakeFiles/Balance.elf.dir/Bsp/imu/MPU6050.cpp.obj
                0x0000000008001338                MPU6050::setDLPFMode(unsigned char)
 *fill*         0x0000000008001352        0x2 
 .text._ZN7MPU605021setFullScaleGyroRangeEh
                0x0000000008001354       0x58 CMakeFiles/Balance.elf.dir/Bsp/imu/MPU6050.cpp.obj
                0x0000000008001354                MPU6050::setFullScaleGyroRange(unsigned char)
 .text._ZN7MPU605022setFullScaleAccelRangeEh
                0x00000000080013ac       0x4e CMakeFiles/Balance.elf.dir/Bsp/imu/MPU6050.cpp.obj
                0x00000000080013ac                MPU6050::setFullScaleAccelRange(unsigned char)
 .text._ZN7MPU605016getAccelerationXEv
                0x00000000080013fa       0x2e CMakeFiles/Balance.elf.dir/Bsp/imu/MPU6050.cpp.obj
                0x00000000080013fa                MPU6050::getAccelerationX()
 .text._ZN7MPU605015setSleepEnabledEb
                0x0000000008001428       0x12 CMakeFiles/Balance.elf.dir/Bsp/imu/MPU6050.cpp.obj
                0x0000000008001428                MPU6050::setSleepEnabled(bool)
 .text._ZN7MPU605014setClockSourceEh
                0x000000000800143a       0x1a CMakeFiles/Balance.elf.dir/Bsp/imu/MPU6050.cpp.obj
                0x000000000800143a                MPU6050::setClockSource(unsigned char)
 .text._ZN7MPU60504InitEv
                0x0000000008001454       0x2c CMakeFiles/Balance.elf.dir/Bsp/imu/MPU6050.cpp.obj
                0x0000000008001454                MPU6050::Init()
 .text._ZN7MPU605011getDeviceIDEv
                0x0000000008001480       0x28 CMakeFiles/Balance.elf.dir/Bsp/imu/MPU6050.cpp.obj
                0x0000000008001480                MPU6050::getDeviceID()
 .text._ZN7MPU605014testConnectionEv
                0x00000000080014a8       0x10 CMakeFiles/Balance.elf.dir/Bsp/imu/MPU6050.cpp.obj
                0x00000000080014a8                MPU6050::testConnection()
 .text._ZN7MPU605010InitFilterEfff
                0x00000000080014b8       0x3e CMakeFiles/Balance.elf.dir/Bsp/imu/MPU6050.cpp.obj
                0x00000000080014b8                MPU6050::InitFilter(float, float, float)
 *fill*         0x00000000080014f6        0x2 
 .text._ZN7MPU6050C2EP17I2C_HandleTypeDefh
                0x00000000080014f8       0x2c CMakeFiles/Balance.elf.dir/Bsp/imu/MPU6050.cpp.obj
                0x00000000080014f8                MPU6050::MPU6050(I2C_HandleTypeDef*, unsigned char)
                0x00000000080014f8                MPU6050::MPU6050(I2C_HandleTypeDef*, unsigned char)
 .text.biquadFilterUpdate
                0x0000000008001524      0x114 CMakeFiles/Balance.elf.dir/Bsp/imu/filters/biquad_filter.c.obj
                0x0000000008001524                biquadFilterUpdate
 .text.biquadFilterInit
                0x0000000008001638       0x1e CMakeFiles/Balance.elf.dir/Bsp/imu/filters/biquad_filter.c.obj
                0x0000000008001638                biquadFilterInit
 *fill*         0x0000000008001656        0x2 
 .text.biquadFilterInitLPF
                0x0000000008001658       0x18 CMakeFiles/Balance.elf.dir/Bsp/imu/filters/biquad_filter.c.obj
                0x0000000008001658                biquadFilterInitLPF
 .text.sin_approx
                0x0000000008001670       0xe8 CMakeFiles/Balance.elf.dir/Bsp/imu/filters/filter_math.c.obj
                0x0000000008001670                sin_approx
 .text.cos_approx
                0x0000000008001758       0x14 CMakeFiles/Balance.elf.dir/Bsp/imu/filters/filter_math.c.obj
                0x0000000008001758                cos_approx
 .text._Z11I2Cdev_initP17I2C_HandleTypeDef
                0x000000000800176c        0xc CMakeFiles/Balance.elf.dir/Bsp/imu/i2c_dev.cpp.obj
                0x000000000800176c                I2Cdev_init(I2C_HandleTypeDef*)
 .text._Z16I2Cdev_readByteshhhPht
                0x0000000008001778       0x54 CMakeFiles/Balance.elf.dir/Bsp/imu/i2c_dev.cpp.obj
                0x0000000008001778                I2Cdev_readBytes(unsigned char, unsigned char, unsigned char, unsigned char*, unsigned short)
 .text._Z15I2Cdev_readBytehhPht
                0x00000000080017cc       0x14 CMakeFiles/Balance.elf.dir/Bsp/imu/i2c_dev.cpp.obj
                0x00000000080017cc                I2Cdev_readByte(unsigned char, unsigned char, unsigned char*, unsigned short)
 .text._Z15I2Cdev_readBitshhhhPht
                0x00000000080017e0       0x34 CMakeFiles/Balance.elf.dir/Bsp/imu/i2c_dev.cpp.obj
                0x00000000080017e0                I2Cdev_readBits(unsigned char, unsigned char, unsigned char, unsigned char, unsigned char*, unsigned short)
 .text._Z17I2Cdev_writeByteshhhPh
                0x0000000008001814       0x50 CMakeFiles/Balance.elf.dir/Bsp/imu/i2c_dev.cpp.obj
                0x0000000008001814                I2Cdev_writeBytes(unsigned char, unsigned char, unsigned char, unsigned char*)
 .text._Z16I2Cdev_writeBytehhh
                0x0000000008001864       0x18 CMakeFiles/Balance.elf.dir/Bsp/imu/i2c_dev.cpp.obj
                0x0000000008001864                I2Cdev_writeByte(unsigned char, unsigned char, unsigned char)
 .text._Z15I2Cdev_writeBithhhh
                0x000000000800187c       0x4c CMakeFiles/Balance.elf.dir/Bsp/imu/i2c_dev.cpp.obj
                0x000000000800187c                I2Cdev_writeBit(unsigned char, unsigned char, unsigned char, unsigned char)
 .text._Z16I2Cdev_writeBitshhhhh
                0x00000000080018c8       0x56 CMakeFiles/Balance.elf.dir/Bsp/imu/i2c_dev.cpp.obj
                0x00000000080018c8                I2Cdev_writeBits(unsigned char, unsigned char, unsigned char, unsigned char, unsigned char)
 *fill*         0x000000000800191e        0x2 
 .text.MX_GPIO_Init
                0x0000000008001920       0x78 CMakeFiles/Balance.elf.dir/Core/Src/gpio.c.obj
                0x0000000008001920                MX_GPIO_Init
 .text.MX_I2C1_Init
                0x0000000008001998       0x3c CMakeFiles/Balance.elf.dir/Core/Src/i2c.c.obj
                0x0000000008001998                MX_I2C1_Init
 .text.HAL_I2C_MspInit
                0x00000000080019d4       0x78 CMakeFiles/Balance.elf.dir/Core/Src/i2c.c.obj
                0x00000000080019d4                HAL_I2C_MspInit
 .text.Error_Handler
                0x0000000008001a4c        0x4 CMakeFiles/Balance.elf.dir/Core/Src/main.c.obj
                0x0000000008001a4c                Error_Handler
 .text.SystemClock_Config
                0x0000000008001a50       0x62 CMakeFiles/Balance.elf.dir/Core/Src/main.c.obj
                0x0000000008001a50                SystemClock_Config
 *fill*         0x0000000008001ab2        0x2 
 .text.main     0x0000000008001ab4       0x30 CMakeFiles/Balance.elf.dir/Core/Src/main.c.obj
                0x0000000008001ab4                main
 .text.HAL_MspInit
                0x0000000008001ae4       0x44 CMakeFiles/Balance.elf.dir/Core/Src/stm32f1xx_hal_msp.c.obj
                0x0000000008001ae4                HAL_MspInit
 .text.NMI_Handler
                0x0000000008001b28        0x2 CMakeFiles/Balance.elf.dir/Core/Src/stm32f1xx_it.c.obj
                0x0000000008001b28                NMI_Handler
 .text.HardFault_Handler
                0x0000000008001b2a        0x2 CMakeFiles/Balance.elf.dir/Core/Src/stm32f1xx_it.c.obj
                0x0000000008001b2a                HardFault_Handler
 .text.MemManage_Handler
                0x0000000008001b2c        0x2 CMakeFiles/Balance.elf.dir/Core/Src/stm32f1xx_it.c.obj
                0x0000000008001b2c                MemManage_Handler
 .text.BusFault_Handler
                0x0000000008001b2e        0x2 CMakeFiles/Balance.elf.dir/Core/Src/stm32f1xx_it.c.obj
                0x0000000008001b2e                BusFault_Handler
 .text.UsageFault_Handler
                0x0000000008001b30        0x2 CMakeFiles/Balance.elf.dir/Core/Src/stm32f1xx_it.c.obj
                0x0000000008001b30                UsageFault_Handler
 .text.SVC_Handler
                0x0000000008001b32        0x2 CMakeFiles/Balance.elf.dir/Core/Src/stm32f1xx_it.c.obj
                0x0000000008001b32                SVC_Handler
 .text.DebugMon_Handler
                0x0000000008001b34        0x2 CMakeFiles/Balance.elf.dir/Core/Src/stm32f1xx_it.c.obj
                0x0000000008001b34                DebugMon_Handler
 .text.PendSV_Handler
                0x0000000008001b36        0x2 CMakeFiles/Balance.elf.dir/Core/Src/stm32f1xx_it.c.obj
                0x0000000008001b36                PendSV_Handler
 .text.SysTick_Handler
                0x0000000008001b38        0x8 CMakeFiles/Balance.elf.dir/Core/Src/stm32f1xx_it.c.obj
                0x0000000008001b38                SysTick_Handler
 .text._getpid  0x0000000008001b40        0x4 CMakeFiles/Balance.elf.dir/Core/Src/syscalls.c.obj
                0x0000000008001b40                _getpid
 .text._kill    0x0000000008001b44       0x10 CMakeFiles/Balance.elf.dir/Core/Src/syscalls.c.obj
                0x0000000008001b44                _kill
 .text._exit    0x0000000008001b54        0xc CMakeFiles/Balance.elf.dir/Core/Src/syscalls.c.obj
                0x0000000008001b54                _exit
 .text._sbrk    0x0000000008001b60       0x3c CMakeFiles/Balance.elf.dir/Core/Src/syscalls.c.obj
                0x0000000008001b60                _sbrk
 .text.SystemInit
                0x0000000008001b9c        0x2 CMakeFiles/Balance.elf.dir/Core/Src/system_stm32f1xx.c.obj
                0x0000000008001b9c                SystemInit
 *fill*         0x0000000008001b9e        0x2 
 .text.MX_USART1_UART_Init
                0x0000000008001ba0       0x34 CMakeFiles/Balance.elf.dir/Core/Src/usart.c.obj
                0x0000000008001ba0                MX_USART1_UART_Init
 .text.HAL_UART_MspInit
                0x0000000008001bd4       0x78 CMakeFiles/Balance.elf.dir/Core/Src/usart.c.obj
                0x0000000008001bd4                HAL_UART_MspInit
 .text.HAL_InitTick
                0x0000000008001c4c       0x4c CMakeFiles/Balance.elf.dir/Drivers/STM32F1xx_HAL_Driver/Src/stm32f1xx_hal.c.obj
                0x0000000008001c4c                HAL_InitTick
 .text.HAL_Init
                0x0000000008001c98       0x24 CMakeFiles/Balance.elf.dir/Drivers/STM32F1xx_HAL_Driver/Src/stm32f1xx_hal.c.obj
                0x0000000008001c98                HAL_Init
 .text.HAL_IncTick
                0x0000000008001cbc       0x18 CMakeFiles/Balance.elf.dir/Drivers/STM32F1xx_HAL_Driver/Src/stm32f1xx_hal.c.obj
                0x0000000008001cbc                HAL_IncTick
 .text.HAL_GetTick
                0x0000000008001cd4        0xc CMakeFiles/Balance.elf.dir/Drivers/STM32F1xx_HAL_Driver/Src/stm32f1xx_hal.c.obj
                0x0000000008001cd4                HAL_GetTick
 .text.HAL_Delay
                0x0000000008001ce0       0x28 CMakeFiles/Balance.elf.dir/Drivers/STM32F1xx_HAL_Driver/Src/stm32f1xx_hal.c.obj
                0x0000000008001ce0                HAL_Delay
 .text.HAL_NVIC_SetPriorityGrouping
                0x0000000008001d08       0x24 CMakeFiles/Balance.elf.dir/Drivers/STM32F1xx_HAL_Driver/Src/stm32f1xx_hal_cortex.c.obj
                0x0000000008001d08                HAL_NVIC_SetPriorityGrouping
 .text.HAL_NVIC_SetPriority
                0x0000000008001d2c       0x68 CMakeFiles/Balance.elf.dir/Drivers/STM32F1xx_HAL_Driver/Src/stm32f1xx_hal_cortex.c.obj
                0x0000000008001d2c                HAL_NVIC_SetPriority
 .text.HAL_SYSTICK_Config
                0x0000000008001d94       0x2c CMakeFiles/Balance.elf.dir/Drivers/STM32F1xx_HAL_Driver/Src/stm32f1xx_hal_cortex.c.obj
                0x0000000008001d94                HAL_SYSTICK_Config
 .text.HAL_GPIO_Init
                0x0000000008001dc0      0x220 CMakeFiles/Balance.elf.dir/Drivers/STM32F1xx_HAL_Driver/Src/stm32f1xx_hal_gpio.c.obj
                0x0000000008001dc0                HAL_GPIO_Init
 .text.HAL_GPIO_WritePin
                0x0000000008001fe0        0xc CMakeFiles/Balance.elf.dir/Drivers/STM32F1xx_HAL_Driver/Src/stm32f1xx_hal_gpio.c.obj
                0x0000000008001fe0                HAL_GPIO_WritePin
 .text.I2C_IsAcknowledgeFailed
                0x0000000008001fec       0x32 CMakeFiles/Balance.elf.dir/Drivers/STM32F1xx_HAL_Driver/Src/stm32f1xx_hal_i2c.c.obj
 .text.I2C_WaitOnFlagUntilTimeout
                0x000000000800201e       0x74 CMakeFiles/Balance.elf.dir/Drivers/STM32F1xx_HAL_Driver/Src/stm32f1xx_hal_i2c.c.obj
 .text.I2C_WaitOnMasterAddressFlagUntilTimeout
                0x0000000008002092       0xaa CMakeFiles/Balance.elf.dir/Drivers/STM32F1xx_HAL_Driver/Src/stm32f1xx_hal_i2c.c.obj
 .text.I2C_MasterRequestWrite
                0x000000000800213c       0xb4 CMakeFiles/Balance.elf.dir/Drivers/STM32F1xx_HAL_Driver/Src/stm32f1xx_hal_i2c.c.obj
 .text.I2C_MasterRequestRead
                0x00000000080021f0      0x120 CMakeFiles/Balance.elf.dir/Drivers/STM32F1xx_HAL_Driver/Src/stm32f1xx_hal_i2c.c.obj
 .text.I2C_WaitOnTXEFlagUntilTimeout
                0x0000000008002310       0x54 CMakeFiles/Balance.elf.dir/Drivers/STM32F1xx_HAL_Driver/Src/stm32f1xx_hal_i2c.c.obj
 .text.I2C_WaitOnBTFFlagUntilTimeout
                0x0000000008002364       0x54 CMakeFiles/Balance.elf.dir/Drivers/STM32F1xx_HAL_Driver/Src/stm32f1xx_hal_i2c.c.obj
 .text.I2C_WaitOnRXNEFlagUntilTimeout
                0x00000000080023b8       0x6a CMakeFiles/Balance.elf.dir/Drivers/STM32F1xx_HAL_Driver/Src/stm32f1xx_hal_i2c.c.obj
 *fill*         0x0000000008002422        0x2 
 .text.HAL_I2C_Init
                0x0000000008002424      0x1bc CMakeFiles/Balance.elf.dir/Drivers/STM32F1xx_HAL_Driver/Src/stm32f1xx_hal_i2c.c.obj
                0x0000000008002424                HAL_I2C_Init
 .text.HAL_I2C_Master_Transmit
                0x00000000080025e0      0x178 CMakeFiles/Balance.elf.dir/Drivers/STM32F1xx_HAL_Driver/Src/stm32f1xx_hal_i2c.c.obj
                0x00000000080025e0                HAL_I2C_Master_Transmit
 .text.HAL_I2C_Master_Receive
                0x0000000008002758      0x340 CMakeFiles/Balance.elf.dir/Drivers/STM32F1xx_HAL_Driver/Src/stm32f1xx_hal_i2c.c.obj
                0x0000000008002758                HAL_I2C_Master_Receive
 .text.RCC_Delay
                0x0000000008002a98       0x2c CMakeFiles/Balance.elf.dir/Drivers/STM32F1xx_HAL_Driver/Src/stm32f1xx_hal_rcc.c.obj
 .text.HAL_RCC_OscConfig
                0x0000000008002ac4      0x410 CMakeFiles/Balance.elf.dir/Drivers/STM32F1xx_HAL_Driver/Src/stm32f1xx_hal_rcc.c.obj
                0x0000000008002ac4                HAL_RCC_OscConfig
 .text.HAL_RCC_GetSysClockFreq
                0x0000000008002ed4       0x6c CMakeFiles/Balance.elf.dir/Drivers/STM32F1xx_HAL_Driver/Src/stm32f1xx_hal_rcc.c.obj
                0x0000000008002ed4                HAL_RCC_GetSysClockFreq
 .text.HAL_RCC_ClockConfig
                0x0000000008002f40      0x16c CMakeFiles/Balance.elf.dir/Drivers/STM32F1xx_HAL_Driver/Src/stm32f1xx_hal_rcc.c.obj
                0x0000000008002f40                HAL_RCC_ClockConfig
 .text.HAL_RCC_GetHCLKFreq
                0x00000000080030ac        0xc CMakeFiles/Balance.elf.dir/Drivers/STM32F1xx_HAL_Driver/Src/stm32f1xx_hal_rcc.c.obj
                0x00000000080030ac                HAL_RCC_GetHCLKFreq
 .text.HAL_RCC_GetPCLK1Freq
                0x00000000080030b8       0x20 CMakeFiles/Balance.elf.dir/Drivers/STM32F1xx_HAL_Driver/Src/stm32f1xx_hal_rcc.c.obj
                0x00000000080030b8                HAL_RCC_GetPCLK1Freq
 .text.HAL_RCC_GetPCLK2Freq
                0x00000000080030d8       0x20 CMakeFiles/Balance.elf.dir/Drivers/STM32F1xx_HAL_Driver/Src/stm32f1xx_hal_rcc.c.obj
                0x00000000080030d8                HAL_RCC_GetPCLK2Freq
 .text.UART_SetConfig
                0x00000000080030f8       0x90 CMakeFiles/Balance.elf.dir/Drivers/STM32F1xx_HAL_Driver/Src/stm32f1xx_hal_uart.c.obj
 .text.UART_WaitOnFlagUntilTimeout
                0x0000000008003188       0x68 CMakeFiles/Balance.elf.dir/Drivers/STM32F1xx_HAL_Driver/Src/stm32f1xx_hal_uart.c.obj
 .text.HAL_UART_Init
                0x00000000080031f0       0x5e CMakeFiles/Balance.elf.dir/Drivers/STM32F1xx_HAL_Driver/Src/stm32f1xx_hal_uart.c.obj
                0x00000000080031f0                HAL_UART_Init
 .text.HAL_UART_Transmit
                0x000000000800324e       0xd8 CMakeFiles/Balance.elf.dir/Drivers/STM32F1xx_HAL_Driver/Src/stm32f1xx_hal_uart.c.obj
                0x000000000800324e                HAL_UART_Transmit
 .text.HAL_UART_Receive
                0x0000000008003326       0xe4 CMakeFiles/Balance.elf.dir/Drivers/STM32F1xx_HAL_Driver/Src/stm32f1xx_hal_uart.c.obj
                0x0000000008003326                HAL_UART_Receive
 *fill*         0x000000000800340a        0x2 
 .text.RetargetInit
                0x000000000800340c       0x20 CMakeFiles/Balance.elf.dir/Platform/retarget.c.obj
                0x000000000800340c                RetargetInit
 .text._isatty  0x000000000800342c       0x16 CMakeFiles/Balance.elf.dir/Platform/retarget.c.obj
                0x000000000800342c                _isatty
 *fill*         0x0000000008003442        0x2 
 .text._write   0x0000000008003444       0x28 CMakeFiles/Balance.elf.dir/Platform/retarget.c.obj
                0x0000000008003444                _write
 .text._close   0x000000000800346c       0x18 CMakeFiles/Balance.elf.dir/Platform/retarget.c.obj
                0x000000000800346c                _close
 .text._lseek   0x0000000008003484       0x10 CMakeFiles/Balance.elf.dir/Platform/retarget.c.obj
                0x0000000008003484                _lseek
 .text._read    0x0000000008003494       0x30 CMakeFiles/Balance.elf.dir/Platform/retarget.c.obj
                0x0000000008003494                _read
 .text._fstat   0x00000000080034c4       0x1a CMakeFiles/Balance.elf.dir/Platform/retarget.c.obj
                0x00000000080034c4                _fstat
 *fill*         0x00000000080034de        0x2 
 .text._Z41__static_initialization_and_destruction_0ii
                0x00000000080034e0       0x28 CMakeFiles/Balance.elf.dir/User/main.cpp.obj
 .text.Main     0x0000000008003508       0x34 CMakeFiles/Balance.elf.dir/User/main.cpp.obj
                0x0000000008003508                Main
 .text._GLOBAL__sub_I_mpu6050
                0x000000000800353c        0xe CMakeFiles/Balance.elf.dir/User/main.cpp.obj
 *fill*         0x000000000800354a        0x2 
 .text.Reset_Handler
                0x000000000800354c       0x48 CMakeFiles/Balance.elf.dir/startup/startup_stm32f103xb.s.obj
                0x000000000800354c                Reset_Handler
 .text.Default_Handler
                0x0000000008003594        0x2 CMakeFiles/Balance.elf.dir/startup/startup_stm32f103xb.s.obj
                0x0000000008003594                RTC_Alarm_IRQHandler
                0x0000000008003594                EXTI2_IRQHandler
                0x0000000008003594                TIM1_CC_IRQHandler
                0x0000000008003594                PVD_IRQHandler
                0x0000000008003594                EXTI3_IRQHandler
                0x0000000008003594                EXTI0_IRQHandler
                0x0000000008003594                I2C2_EV_IRQHandler
                0x0000000008003594                ADC1_2_IRQHandler
                0x0000000008003594                SPI1_IRQHandler
                0x0000000008003594                TAMPER_IRQHandler
                0x0000000008003594                DMA1_Channel4_IRQHandler
                0x0000000008003594                USART3_IRQHandler
                0x0000000008003594                RTC_IRQHandler
                0x0000000008003594                DMA1_Channel7_IRQHandler
                0x0000000008003594                CAN1_RX1_IRQHandler
                0x0000000008003594                TIM4_IRQHandler
                0x0000000008003594                I2C1_EV_IRQHandler
                0x0000000008003594                DMA1_Channel6_IRQHandler
                0x0000000008003594                TIM3_IRQHandler
                0x0000000008003594                RCC_IRQHandler
                0x0000000008003594                TIM1_TRG_COM_IRQHandler
                0x0000000008003594                DMA1_Channel1_IRQHandler
                0x0000000008003594                Default_Handler
                0x0000000008003594                EXTI15_10_IRQHandler
                0x0000000008003594                EXTI9_5_IRQHandler
                0x0000000008003594                SPI2_IRQHandler
                0x0000000008003594                DMA1_Channel5_IRQHandler
                0x0000000008003594                EXTI4_IRQHandler
                0x0000000008003594                USB_LP_CAN1_RX0_IRQHandler
                0x0000000008003594                USB_HP_CAN1_TX_IRQHandler
                0x0000000008003594                DMA1_Channel3_IRQHandler
                0x0000000008003594                TIM1_UP_IRQHandler
                0x0000000008003594                WWDG_IRQHandler
                0x0000000008003594                TIM2_IRQHandler
                0x0000000008003594                TIM1_BRK_IRQHandler
                0x0000000008003594                EXTI1_IRQHandler
                0x0000000008003594                USART2_IRQHandler
                0x0000000008003594                I2C2_ER_IRQHandler
                0x0000000008003594                DMA1_Channel2_IRQHandler
                0x0000000008003594                CAN1_SCE_IRQHandler
                0x0000000008003594                FLASH_IRQHandler
                0x0000000008003594                USART1_IRQHandler
                0x0000000008003594                I2C1_ER_IRQHandler
                0x0000000008003594                USBWakeUp_IRQHandler
 *fill*         0x0000000008003596        0x2 
 .text.selfrel_offset31
                0x0000000008003598       0x14 c:/dev/tools/xpack-arm-none-eabi-gcc-9.2.1-1.1/bin/../lib/gcc/arm-none-eabi/9.2.1/thumb/v7-m/nofp\libgcc.a(unwind-arm.o)
 .text.search_EIT_table
                0x00000000080035ac       0x5c c:/dev/tools/xpack-arm-none-eabi-gcc-9.2.1-1.1/bin/../lib/gcc/arm-none-eabi/9.2.1/thumb/v7-m/nofp\libgcc.a(unwind-arm.o)
 .text.__gnu_unwind_get_pr_addr
                0x0000000008003608       0x28 c:/dev/tools/xpack-arm-none-eabi-gcc-9.2.1-1.1/bin/../lib/gcc/arm-none-eabi/9.2.1/thumb/v7-m/nofp\libgcc.a(unwind-arm.o)
 .text.get_eit_entry
                0x0000000008003630       0xa0 c:/dev/tools/xpack-arm-none-eabi-gcc-9.2.1-1.1/bin/../lib/gcc/arm-none-eabi/9.2.1/thumb/v7-m/nofp\libgcc.a(unwind-arm.o)
 .text.restore_non_core_regs
                0x00000000080036d0       0x58 c:/dev/tools/xpack-arm-none-eabi-gcc-9.2.1-1.1/bin/../lib/gcc/arm-none-eabi/9.2.1/thumb/v7-m/nofp\libgcc.a(unwind-arm.o)
 .text._Unwind_decode_typeinfo_ptr.isra.0
                0x0000000008003728        0xc c:/dev/tools/xpack-arm-none-eabi-gcc-9.2.1-1.1/bin/../lib/gcc/arm-none-eabi/9.2.1/thumb/v7-m/nofp\libgcc.a(unwind-arm.o)
 .text._Unwind_DebugHook
                0x0000000008003734        0x4 c:/dev/tools/xpack-arm-none-eabi-gcc-9.2.1-1.1/bin/../lib/gcc/arm-none-eabi/9.2.1/thumb/v7-m/nofp\libgcc.a(unwind-arm.o)
 .text.unwind_phase2
                0x0000000008003738       0x3c c:/dev/tools/xpack-arm-none-eabi-gcc-9.2.1-1.1/bin/../lib/gcc/arm-none-eabi/9.2.1/thumb/v7-m/nofp\libgcc.a(unwind-arm.o)
 .text.unwind_phase2_forced
                0x0000000008003774       0xc4 c:/dev/tools/xpack-arm-none-eabi-gcc-9.2.1-1.1/bin/../lib/gcc/arm-none-eabi/9.2.1/thumb/v7-m/nofp\libgcc.a(unwind-arm.o)
 .text.__gnu_Unwind_RaiseException
                0x0000000008003838       0x60 c:/dev/tools/xpack-arm-none-eabi-gcc-9.2.1-1.1/bin/../lib/gcc/arm-none-eabi/9.2.1/thumb/v7-m/nofp\libgcc.a(unwind-arm.o)
                0x0000000008003838                __gnu_Unwind_RaiseException
 .text.__gnu_Unwind_ForcedUnwind
                0x0000000008003898       0x14 c:/dev/tools/xpack-arm-none-eabi-gcc-9.2.1-1.1/bin/../lib/gcc/arm-none-eabi/9.2.1/thumb/v7-m/nofp\libgcc.a(unwind-arm.o)
                0x0000000008003898                __gnu_Unwind_ForcedUnwind
 .text.__gnu_Unwind_Resume
                0x00000000080038ac       0x44 c:/dev/tools/xpack-arm-none-eabi-gcc-9.2.1-1.1/bin/../lib/gcc/arm-none-eabi/9.2.1/thumb/v7-m/nofp\libgcc.a(unwind-arm.o)
                0x00000000080038ac                __gnu_Unwind_Resume
 .text.__gnu_Unwind_Resume_or_Rethrow
                0x00000000080038f0       0x18 c:/dev/tools/xpack-arm-none-eabi-gcc-9.2.1-1.1/bin/../lib/gcc/arm-none-eabi/9.2.1/thumb/v7-m/nofp\libgcc.a(unwind-arm.o)
                0x00000000080038f0                __gnu_Unwind_Resume_or_Rethrow
 .text._Unwind_VRS_Get
                0x0000000008003908       0x30 c:/dev/tools/xpack-arm-none-eabi-gcc-9.2.1-1.1/bin/../lib/gcc/arm-none-eabi/9.2.1/thumb/v7-m/nofp\libgcc.a(unwind-arm.o)
                0x0000000008003908                _Unwind_VRS_Get
 .text._Unwind_GetGR
                0x0000000008003938       0x18 c:/dev/tools/xpack-arm-none-eabi-gcc-9.2.1-1.1/bin/../lib/gcc/arm-none-eabi/9.2.1/thumb/v7-m/nofp\libgcc.a(unwind-arm.o)
 .text._Unwind_VRS_Set
                0x0000000008003950       0x30 c:/dev/tools/xpack-arm-none-eabi-gcc-9.2.1-1.1/bin/../lib/gcc/arm-none-eabi/9.2.1/thumb/v7-m/nofp\libgcc.a(unwind-arm.o)
                0x0000000008003950                _Unwind_VRS_Set
 .text._Unwind_SetGR
                0x0000000008003980       0x1c c:/dev/tools/xpack-arm-none-eabi-gcc-9.2.1-1.1/bin/../lib/gcc/arm-none-eabi/9.2.1/thumb/v7-m/nofp\libgcc.a(unwind-arm.o)
 .text.__gnu_Unwind_Backtrace
                0x000000000800399c       0x74 c:/dev/tools/xpack-arm-none-eabi-gcc-9.2.1-1.1/bin/../lib/gcc/arm-none-eabi/9.2.1/thumb/v7-m/nofp\libgcc.a(unwind-arm.o)
                0x000000000800399c                __gnu_Unwind_Backtrace
 .text.__gnu_unwind_pr_common
                0x0000000008003a10      0x2a8 c:/dev/tools/xpack-arm-none-eabi-gcc-9.2.1-1.1/bin/../lib/gcc/arm-none-eabi/9.2.1/thumb/v7-m/nofp\libgcc.a(unwind-arm.o)
 .text.__aeabi_unwind_cpp_pr0
                0x0000000008003cb8        0x8 c:/dev/tools/xpack-arm-none-eabi-gcc-9.2.1-1.1/bin/../lib/gcc/arm-none-eabi/9.2.1/thumb/v7-m/nofp\libgcc.a(unwind-arm.o)
                0x0000000008003cb8                __aeabi_unwind_cpp_pr0
 .text.__aeabi_unwind_cpp_pr1
                0x0000000008003cc0        0x8 c:/dev/tools/xpack-arm-none-eabi-gcc-9.2.1-1.1/bin/../lib/gcc/arm-none-eabi/9.2.1/thumb/v7-m/nofp\libgcc.a(unwind-arm.o)
                0x0000000008003cc0                __aeabi_unwind_cpp_pr1
 .text.__aeabi_unwind_cpp_pr2
                0x0000000008003cc8        0x8 c:/dev/tools/xpack-arm-none-eabi-gcc-9.2.1-1.1/bin/../lib/gcc/arm-none-eabi/9.2.1/thumb/v7-m/nofp\libgcc.a(unwind-arm.o)
                0x0000000008003cc8                __aeabi_unwind_cpp_pr2
 .text._Unwind_VRS_Pop
                0x0000000008003cd0      0x268 c:/dev/tools/xpack-arm-none-eabi-gcc-9.2.1-1.1/bin/../lib/gcc/arm-none-eabi/9.2.1/thumb/v7-m/nofp\libgcc.a(unwind-arm.o)
                0x0000000008003cd0                _Unwind_VRS_Pop
 .text.next_unwind_byte
                0x0000000008003f38       0x38 c:/dev/tools/xpack-arm-none-eabi-gcc-9.2.1-1.1/bin/../lib/gcc/arm-none-eabi/9.2.1/thumb/v7-m/nofp\libgcc.a(pr-support.o)
 .text.__gnu_unwind_execute
                0x0000000008003f70      0x29c c:/dev/tools/xpack-arm-none-eabi-gcc-9.2.1-1.1/bin/../lib/gcc/arm-none-eabi/9.2.1/thumb/v7-m/nofp\libgcc.a(pr-support.o)
                0x0000000008003f70                __gnu_unwind_execute
 .text.abort    0x000000000800420c       0x10 c:/dev/tools/xpack-arm-none-eabi-gcc-9.2.1-1.1/bin/../lib/gcc/arm-none-eabi/9.2.1/../../../../arm-none-eabi/lib/thumb/v7-m/nofp\libg.a(lib_a-abort.o)
                0x000000000800420c                abort
 .text.__errno  0x000000000800421c        0xc c:/dev/tools/xpack-arm-none-eabi-gcc-9.2.1-1.1/bin/../lib/gcc/arm-none-eabi/9.2.1/../../../../arm-none-eabi/lib/thumb/v7-m/nofp\libg.a(lib_a-errno.o)
                0x000000000800421c                __errno
 .text.__libc_init_array
                0x0000000008004228       0x48 c:/dev/tools/xpack-arm-none-eabi-gcc-9.2.1-1.1/bin/../lib/gcc/arm-none-eabi/9.2.1/../../../../arm-none-eabi/lib/thumb/v7-m/nofp\libg.a(lib_a-init.o)
                0x0000000008004228                __libc_init_array
 .text.malloc   0x0000000008004270       0x10 c:/dev/tools/xpack-arm-none-eabi-gcc-9.2.1-1.1/bin/../lib/gcc/arm-none-eabi/9.2.1/../../../../arm-none-eabi/lib/thumb/v7-m/nofp\libg.a(lib_a-malloc.o)
                0x0000000008004270                malloc
 .text.free     0x0000000008004280       0x10 c:/dev/tools/xpack-arm-none-eabi-gcc-9.2.1-1.1/bin/../lib/gcc/arm-none-eabi/9.2.1/../../../../arm-none-eabi/lib/thumb/v7-m/nofp\libg.a(lib_a-malloc.o)
                0x0000000008004280                free
 .text._malloc_r
                0x0000000008004290      0x55c c:/dev/tools/xpack-arm-none-eabi-gcc-9.2.1-1.1/bin/../lib/gcc/arm-none-eabi/9.2.1/../../../../arm-none-eabi/lib/thumb/v7-m/nofp\libg.a(lib_a-mallocr.o)
                0x0000000008004290                _malloc_r
 .text.memset   0x00000000080047ec       0xa0 c:/dev/tools/xpack-arm-none-eabi-gcc-9.2.1-1.1/bin/../lib/gcc/arm-none-eabi/9.2.1/../../../../arm-none-eabi/lib/thumb/v7-m/nofp\libg.a(lib_a-memset.o)
                0x00000000080047ec                memset
 .text.__malloc_lock
                0x000000000800488c        0xc c:/dev/tools/xpack-arm-none-eabi-gcc-9.2.1-1.1/bin/../lib/gcc/arm-none-eabi/9.2.1/../../../../arm-none-eabi/lib/thumb/v7-m/nofp\libg.a(lib_a-mlock.o)
                0x000000000800488c                __malloc_lock
 .text.__malloc_unlock
                0x0000000008004898        0xc c:/dev/tools/xpack-arm-none-eabi-gcc-9.2.1-1.1/bin/../lib/gcc/arm-none-eabi/9.2.1/../../../../arm-none-eabi/lib/thumb/v7-m/nofp\libg.a(lib_a-mlock.o)
                0x0000000008004898                __malloc_unlock
 .text.printf   0x00000000080048a4       0x28 c:/dev/tools/xpack-arm-none-eabi-gcc-9.2.1-1.1/bin/../lib/gcc/arm-none-eabi/9.2.1/../../../../arm-none-eabi/lib/thumb/v7-m/nofp\libg.a(lib_a-printf.o)
                0x00000000080048a4                printf
 .text._realloc_r
                0x00000000080048cc      0x3e0 c:/dev/tools/xpack-arm-none-eabi-gcc-9.2.1-1.1/bin/../lib/gcc/arm-none-eabi/9.2.1/../../../../arm-none-eabi/lib/thumb/v7-m/nofp\libg.a(lib_a-reallocr.o)
                0x00000000080048cc                _realloc_r
 .text._sbrk_r  0x0000000008004cac       0x24 c:/dev/tools/xpack-arm-none-eabi-gcc-9.2.1-1.1/bin/../lib/gcc/arm-none-eabi/9.2.1/../../../../arm-none-eabi/lib/thumb/v7-m/nofp\libg.a(lib_a-sbrkr.o)
                0x0000000008004cac                _sbrk_r
 .text.setvbuf  0x0000000008004cd0      0x1a0 c:/dev/tools/xpack-arm-none-eabi-gcc-9.2.1-1.1/bin/../lib/gcc/arm-none-eabi/9.2.1/../../../../arm-none-eabi/lib/thumb/v7-m/nofp\libg.a(lib_a-setvbuf.o)
                0x0000000008004cd0                setvbuf
 .text._raise_r
                0x0000000008004e70       0x58 c:/dev/tools/xpack-arm-none-eabi-gcc-9.2.1-1.1/bin/../lib/gcc/arm-none-eabi/9.2.1/../../../../arm-none-eabi/lib/thumb/v7-m/nofp\libg.a(lib_a-signal.o)
                0x0000000008004e70                _raise_r
 .text.raise    0x0000000008004ec8       0x10 c:/dev/tools/xpack-arm-none-eabi-gcc-9.2.1-1.1/bin/../lib/gcc/arm-none-eabi/9.2.1/../../../../arm-none-eabi/lib/thumb/v7-m/nofp\libg.a(lib_a-signal.o)
                0x0000000008004ec8                raise
 .text._kill_r  0x0000000008004ed8       0x2c c:/dev/tools/xpack-arm-none-eabi-gcc-9.2.1-1.1/bin/../lib/gcc/arm-none-eabi/9.2.1/../../../../arm-none-eabi/lib/thumb/v7-m/nofp\libg.a(lib_a-signalr.o)
                0x0000000008004ed8                _kill_r
 .text._getpid_r
                0x0000000008004f04        0x4 c:/dev/tools/xpack-arm-none-eabi-gcc-9.2.1-1.1/bin/../lib/gcc/arm-none-eabi/9.2.1/../../../../arm-none-eabi/lib/thumb/v7-m/nofp\libg.a(lib_a-signalr.o)
                0x0000000008004f04                _getpid_r
 .text._vfprintf_r
                0x0000000008004f08     0x1c18 c:/dev/tools/xpack-arm-none-eabi-gcc-9.2.1-1.1/bin/../lib/gcc/arm-none-eabi/9.2.1/../../../../arm-none-eabi/lib/thumb/v7-m/nofp\libg.a(lib_a-vfprintf.o)
                0x0000000008004f08                _vfprintf_r
 .text.__sbprintf
                0x0000000008006b20       0x88 c:/dev/tools/xpack-arm-none-eabi-gcc-9.2.1-1.1/bin/../lib/gcc/arm-none-eabi/9.2.1/../../../../arm-none-eabi/lib/thumb/v7-m/nofp\libg.a(lib_a-vfprintf.o)
 .text.__swsetup_r
                0x0000000008006ba8       0xd0 c:/dev/tools/xpack-arm-none-eabi-gcc-9.2.1-1.1/bin/../lib/gcc/arm-none-eabi/9.2.1/../../../../arm-none-eabi/lib/thumb/v7-m/nofp\libg.a(lib_a-wsetup.o)
                0x0000000008006ba8                __swsetup_r
 .text.startup.register_fini
                0x0000000008006c78       0x14 c:/dev/tools/xpack-arm-none-eabi-gcc-9.2.1-1.1/bin/../lib/gcc/arm-none-eabi/9.2.1/../../../../arm-none-eabi/lib/thumb/v7-m/nofp\libg.a(lib_a-__call_atexit.o)
 .text.atexit   0x0000000008006c8c        0xc c:/dev/tools/xpack-arm-none-eabi-gcc-9.2.1-1.1/bin/../lib/gcc/arm-none-eabi/9.2.1/../../../../arm-none-eabi/lib/thumb/v7-m/nofp\libg.a(lib_a-atexit.o)
                0x0000000008006c8c                atexit
 .text.quorem   0x0000000008006c98      0x120 c:/dev/tools/xpack-arm-none-eabi-gcc-9.2.1-1.1/bin/../lib/gcc/arm-none-eabi/9.2.1/../../../../arm-none-eabi/lib/thumb/v7-m/nofp\libg.a(lib_a-dtoa.o)
 .text._dtoa_r  0x0000000008006db8      0xe8c c:/dev/tools/xpack-arm-none-eabi-gcc-9.2.1-1.1/bin/../lib/gcc/arm-none-eabi/9.2.1/../../../../arm-none-eabi/lib/thumb/v7-m/nofp\libg.a(lib_a-dtoa.o)
                0x0000000008006db8                _dtoa_r
 .text.__sflush_r
                0x0000000008007c44      0x130 c:/dev/tools/xpack-arm-none-eabi-gcc-9.2.1-1.1/bin/../lib/gcc/arm-none-eabi/9.2.1/../../../../arm-none-eabi/lib/thumb/v7-m/nofp\libg.a(lib_a-fflush.o)
                0x0000000008007c44                __sflush_r
 .text._fflush_r
                0x0000000008007d74       0x5c c:/dev/tools/xpack-arm-none-eabi-gcc-9.2.1-1.1/bin/../lib/gcc/arm-none-eabi/9.2.1/../../../../arm-none-eabi/lib/thumb/v7-m/nofp\libg.a(lib_a-fflush.o)
                0x0000000008007d74                _fflush_r
 .text.std      0x0000000008007dd0       0x50 c:/dev/tools/xpack-arm-none-eabi-gcc-9.2.1-1.1/bin/../lib/gcc/arm-none-eabi/9.2.1/../../../../arm-none-eabi/lib/thumb/v7-m/nofp\libg.a(lib_a-findfp.o)
 .text._cleanup_r
                0x0000000008007e20        0xc c:/dev/tools/xpack-arm-none-eabi-gcc-9.2.1-1.1/bin/../lib/gcc/arm-none-eabi/9.2.1/../../../../arm-none-eabi/lib/thumb/v7-m/nofp\libg.a(lib_a-findfp.o)
                0x0000000008007e20                _cleanup_r
 .text.__sinit  0x0000000008007e2c       0x5c c:/dev/tools/xpack-arm-none-eabi-gcc-9.2.1-1.1/bin/../lib/gcc/arm-none-eabi/9.2.1/../../../../arm-none-eabi/lib/thumb/v7-m/nofp\libg.a(lib_a-findfp.o)
                0x0000000008007e2c                __sinit
 .text.__sfp_lock_acquire
                0x0000000008007e88        0xc c:/dev/tools/xpack-arm-none-eabi-gcc-9.2.1-1.1/bin/../lib/gcc/arm-none-eabi/9.2.1/../../../../arm-none-eabi/lib/thumb/v7-m/nofp\libg.a(lib_a-findfp.o)
                0x0000000008007e88                __sfp_lock_acquire
 .text.__sfp_lock_release
                0x0000000008007e94        0xc c:/dev/tools/xpack-arm-none-eabi-gcc-9.2.1-1.1/bin/../lib/gcc/arm-none-eabi/9.2.1/../../../../arm-none-eabi/lib/thumb/v7-m/nofp\libg.a(lib_a-findfp.o)
                0x0000000008007e94                __sfp_lock_release
 .text.__libc_fini_array
                0x0000000008007ea0       0x2c c:/dev/tools/xpack-arm-none-eabi-gcc-9.2.1-1.1/bin/../lib/gcc/arm-none-eabi/9.2.1/../../../../arm-none-eabi/lib/thumb/v7-m/nofp\libg.a(lib_a-fini.o)
                0x0000000008007ea0                __libc_fini_array
 .text._malloc_trim_r
                0x0000000008007ecc       0xa0 c:/dev/tools/xpack-arm-none-eabi-gcc-9.2.1-1.1/bin/../lib/gcc/arm-none-eabi/9.2.1/../../../../arm-none-eabi/lib/thumb/v7-m/nofp\libg.a(lib_a-freer.o)
                0x0000000008007ecc                _malloc_trim_r
 .text._free_r  0x0000000008007f6c      0x20c c:/dev/tools/xpack-arm-none-eabi-gcc-9.2.1-1.1/bin/../lib/gcc/arm-none-eabi/9.2.1/../../../../arm-none-eabi/lib/thumb/v7-m/nofp\libg.a(lib_a-freer.o)
                0x0000000008007f6c                _free_r
 .text._fwalk_reent
                0x0000000008008178       0x48 c:/dev/tools/xpack-arm-none-eabi-gcc-9.2.1-1.1/bin/../lib/gcc/arm-none-eabi/9.2.1/../../../../arm-none-eabi/lib/thumb/v7-m/nofp\libg.a(lib_a-fwalk.o)
                0x0000000008008178                _fwalk_reent
 .text._localeconv_r
                0x00000000080081c0        0x8 c:/dev/tools/xpack-arm-none-eabi-gcc-9.2.1-1.1/bin/../lib/gcc/arm-none-eabi/9.2.1/../../../../arm-none-eabi/lib/thumb/v7-m/nofp\libg.a(lib_a-localeconv.o)
                0x00000000080081c0                _localeconv_r
 .text.__retarget_lock_init_recursive
                0x00000000080081c8        0x4 c:/dev/tools/xpack-arm-none-eabi-gcc-9.2.1-1.1/bin/../lib/gcc/arm-none-eabi/9.2.1/../../../../arm-none-eabi/lib/thumb/v7-m/nofp\libg.a(lib_a-lock.o)
                0x00000000080081c8                __retarget_lock_init_recursive
 .text.__retarget_lock_close_recursive
                0x00000000080081cc        0x4 c:/dev/tools/xpack-arm-none-eabi-gcc-9.2.1-1.1/bin/../lib/gcc/arm-none-eabi/9.2.1/../../../../arm-none-eabi/lib/thumb/v7-m/nofp\libg.a(lib_a-lock.o)
                0x00000000080081cc                __retarget_lock_close_recursive
 .text.__retarget_lock_acquire_recursive
                0x00000000080081d0        0x4 c:/dev/tools/xpack-arm-none-eabi-gcc-9.2.1-1.1/bin/../lib/gcc/arm-none-eabi/9.2.1/../../../../arm-none-eabi/lib/thumb/v7-m/nofp\libg.a(lib_a-lock.o)
                0x00000000080081d0                __retarget_lock_acquire_recursive
 .text.__retarget_lock_release_recursive
                0x00000000080081d4        0x4 c:/dev/tools/xpack-arm-none-eabi-gcc-9.2.1-1.1/bin/../lib/gcc/arm-none-eabi/9.2.1/../../../../arm-none-eabi/lib/thumb/v7-m/nofp\libg.a(lib_a-lock.o)
                0x00000000080081d4                __retarget_lock_release_recursive
 .text.__swhatbuf_r
                0x00000000080081d8       0x5c c:/dev/tools/xpack-arm-none-eabi-gcc-9.2.1-1.1/bin/../lib/gcc/arm-none-eabi/9.2.1/../../../../arm-none-eabi/lib/thumb/v7-m/nofp\libg.a(lib_a-makebuf.o)
                0x00000000080081d8                __swhatbuf_r
 .text.__smakebuf_r
                0x0000000008008234       0x94 c:/dev/tools/xpack-arm-none-eabi-gcc-9.2.1-1.1/bin/../lib/gcc/arm-none-eabi/9.2.1/../../../../arm-none-eabi/lib/thumb/v7-m/nofp\libg.a(lib_a-makebuf.o)
                0x0000000008008234                __smakebuf_r
 .text.memchr   0x00000000080082c8       0x80 c:/dev/tools/xpack-arm-none-eabi-gcc-9.2.1-1.1/bin/../lib/gcc/arm-none-eabi/9.2.1/../../../../arm-none-eabi/lib/thumb/v7-m/nofp\libg.a(lib_a-memchr-stub.o)
                0x00000000080082c8                memchr
 .text.memmove  0x0000000008008348       0xd4 c:/dev/tools/xpack-arm-none-eabi-gcc-9.2.1-1.1/bin/../lib/gcc/arm-none-eabi/9.2.1/../../../../arm-none-eabi/lib/thumb/v7-m/nofp\libg.a(lib_a-memmove.o)
                0x0000000008008348                memmove
 .text._Balloc  0x000000000800841c       0x4c c:/dev/tools/xpack-arm-none-eabi-gcc-9.2.1-1.1/bin/../lib/gcc/arm-none-eabi/9.2.1/../../../../arm-none-eabi/lib/thumb/v7-m/nofp\libg.a(lib_a-mprec.o)
                0x000000000800841c                _Balloc
 .text._Bfree   0x0000000008008468       0x14 c:/dev/tools/xpack-arm-none-eabi-gcc-9.2.1-1.1/bin/../lib/gcc/arm-none-eabi/9.2.1/../../../../arm-none-eabi/lib/thumb/v7-m/nofp\libg.a(lib_a-mprec.o)
                0x0000000008008468                _Bfree
 .text.__multadd
                0x000000000800847c       0x7c c:/dev/tools/xpack-arm-none-eabi-gcc-9.2.1-1.1/bin/../lib/gcc/arm-none-eabi/9.2.1/../../../../arm-none-eabi/lib/thumb/v7-m/nofp\libg.a(lib_a-mprec.o)
                0x000000000800847c                __multadd
 .text.__hi0bits
                0x00000000080084f8       0x40 c:/dev/tools/xpack-arm-none-eabi-gcc-9.2.1-1.1/bin/../lib/gcc/arm-none-eabi/9.2.1/../../../../arm-none-eabi/lib/thumb/v7-m/nofp\libg.a(lib_a-mprec.o)
                0x00000000080084f8                __hi0bits
 .text.__lo0bits
                0x0000000008008538       0x60 c:/dev/tools/xpack-arm-none-eabi-gcc-9.2.1-1.1/bin/../lib/gcc/arm-none-eabi/9.2.1/../../../../arm-none-eabi/lib/thumb/v7-m/nofp\libg.a(lib_a-mprec.o)
                0x0000000008008538                __lo0bits
 .text.__i2b    0x0000000008008598       0x14 c:/dev/tools/xpack-arm-none-eabi-gcc-9.2.1-1.1/bin/../lib/gcc/arm-none-eabi/9.2.1/../../../../arm-none-eabi/lib/thumb/v7-m/nofp\libg.a(lib_a-mprec.o)
                0x0000000008008598                __i2b
 .text.__multiply
                0x00000000080085ac      0x144 c:/dev/tools/xpack-arm-none-eabi-gcc-9.2.1-1.1/bin/../lib/gcc/arm-none-eabi/9.2.1/../../../../arm-none-eabi/lib/thumb/v7-m/nofp\libg.a(lib_a-mprec.o)
                0x00000000080085ac                __multiply
 .text.__pow5mult
                0x00000000080086f0       0xa0 c:/dev/tools/xpack-arm-none-eabi-gcc-9.2.1-1.1/bin/../lib/gcc/arm-none-eabi/9.2.1/../../../../arm-none-eabi/lib/thumb/v7-m/nofp\libg.a(lib_a-mprec.o)
                0x00000000080086f0                __pow5mult
 .text.__lshift
                0x0000000008008790       0xd0 c:/dev/tools/xpack-arm-none-eabi-gcc-9.2.1-1.1/bin/../lib/gcc/arm-none-eabi/9.2.1/../../../../arm-none-eabi/lib/thumb/v7-m/nofp\libg.a(lib_a-mprec.o)
                0x0000000008008790                __lshift
 .text.__mcmp   0x0000000008008860       0x3c c:/dev/tools/xpack-arm-none-eabi-gcc-9.2.1-1.1/bin/../lib/gcc/arm-none-eabi/9.2.1/../../../../arm-none-eabi/lib/thumb/v7-m/nofp\libg.a(lib_a-mprec.o)
                0x0000000008008860                __mcmp
 .text.__mdiff  0x000000000800889c      0x138 c:/dev/tools/xpack-arm-none-eabi-gcc-9.2.1-1.1/bin/../lib/gcc/arm-none-eabi/9.2.1/../../../../arm-none-eabi/lib/thumb/v7-m/nofp\libg.a(lib_a-mprec.o)
                0x000000000800889c                __mdiff
 .text.__d2b    0x00000000080089d4       0xa8 c:/dev/tools/xpack-arm-none-eabi-gcc-9.2.1-1.1/bin/../lib/gcc/arm-none-eabi/9.2.1/../../../../arm-none-eabi/lib/thumb/v7-m/nofp\libg.a(lib_a-mprec.o)
                0x00000000080089d4                __d2b
 .text.frexp    0x0000000008008a7c       0x70 c:/dev/tools/xpack-arm-none-eabi-gcc-9.2.1-1.1/bin/../lib/gcc/arm-none-eabi/9.2.1/../../../../arm-none-eabi/lib/thumb/v7-m/nofp\libg.a(lib_a-s_frexp.o)
                0x0000000008008a7c                frexp
 .text.__sread  0x0000000008008aec       0x24 c:/dev/tools/xpack-arm-none-eabi-gcc-9.2.1-1.1/bin/../lib/gcc/arm-none-eabi/9.2.1/../../../../arm-none-eabi/lib/thumb/v7-m/nofp\libg.a(lib_a-stdio.o)
                0x0000000008008aec                __sread
 .text.__swrite
                0x0000000008008b10       0x40 c:/dev/tools/xpack-arm-none-eabi-gcc-9.2.1-1.1/bin/../lib/gcc/arm-none-eabi/9.2.1/../../../../arm-none-eabi/lib/thumb/v7-m/nofp\libg.a(lib_a-stdio.o)
                0x0000000008008b10                __swrite
 .text.__sseek  0x0000000008008b50       0x20 c:/dev/tools/xpack-arm-none-eabi-gcc-9.2.1-1.1/bin/../lib/gcc/arm-none-eabi/9.2.1/../../../../arm-none-eabi/lib/thumb/v7-m/nofp\libg.a(lib_a-stdio.o)
                0x0000000008008b50                __sseek
 .text.__sclose
                0x0000000008008b70        0x8 c:/dev/tools/xpack-arm-none-eabi-gcc-9.2.1-1.1/bin/../lib/gcc/arm-none-eabi/9.2.1/../../../../arm-none-eabi/lib/thumb/v7-m/nofp\libg.a(lib_a-stdio.o)
                0x0000000008008b70                __sclose
 .text.strlen   0x0000000008008b78       0x5c c:/dev/tools/xpack-arm-none-eabi-gcc-9.2.1-1.1/bin/../lib/gcc/arm-none-eabi/9.2.1/../../../../arm-none-eabi/lib/thumb/v7-m/nofp\libg.a(lib_a-strlen-stub.o)
                0x0000000008008b78                strlen
 .text.strncpy  0x0000000008008bd4       0x68 c:/dev/tools/xpack-arm-none-eabi-gcc-9.2.1-1.1/bin/../lib/gcc/arm-none-eabi/9.2.1/../../../../arm-none-eabi/lib/thumb/v7-m/nofp\libg.a(lib_a-strncpy.o)
                0x0000000008008bd4                strncpy
 .text.__sprint_r.part.0
                0x0000000008008c3c       0x78 c:/dev/tools/xpack-arm-none-eabi-gcc-9.2.1-1.1/bin/../lib/gcc/arm-none-eabi/9.2.1/../../../../arm-none-eabi/lib/thumb/v7-m/nofp\libg.a(lib_a-vfiprintf.o)
 .text.__sprint_r
                0x0000000008008cb4       0x14 c:/dev/tools/xpack-arm-none-eabi-gcc-9.2.1-1.1/bin/../lib/gcc/arm-none-eabi/9.2.1/../../../../arm-none-eabi/lib/thumb/v7-m/nofp\libg.a(lib_a-vfiprintf.o)
                0x0000000008008cb4                __sprint_r
 .text._write_r
                0x0000000008008cc8       0x2c c:/dev/tools/xpack-arm-none-eabi-gcc-9.2.1-1.1/bin/../lib/gcc/arm-none-eabi/9.2.1/../../../../arm-none-eabi/lib/thumb/v7-m/nofp\libg.a(lib_a-writer.o)
                0x0000000008008cc8                _write_r
 .text.__register_exitproc
                0x0000000008008cf4       0x8c c:/dev/tools/xpack-arm-none-eabi-gcc-9.2.1-1.1/bin/../lib/gcc/arm-none-eabi/9.2.1/../../../../arm-none-eabi/lib/thumb/v7-m/nofp\libg.a(lib_a-__atexit.o)
                0x0000000008008cf4                __register_exitproc
 .text._calloc_r
                0x0000000008008d80       0x60 c:/dev/tools/xpack-arm-none-eabi-gcc-9.2.1-1.1/bin/../lib/gcc/arm-none-eabi/9.2.1/../../../../arm-none-eabi/lib/thumb/v7-m/nofp\libg.a(lib_a-callocr.o)
                0x0000000008008d80                _calloc_r
 .text._close_r
                0x0000000008008de0       0x24 c:/dev/tools/xpack-arm-none-eabi-gcc-9.2.1-1.1/bin/../lib/gcc/arm-none-eabi/9.2.1/../../../../arm-none-eabi/lib/thumb/v7-m/nofp\libg.a(lib_a-closer.o)
                0x0000000008008de0                _close_r
 .text._fclose_r
                0x0000000008008e04       0xcc c:/dev/tools/xpack-arm-none-eabi-gcc-9.2.1-1.1/bin/../lib/gcc/arm-none-eabi/9.2.1/../../../../arm-none-eabi/lib/thumb/v7-m/nofp\libg.a(lib_a-fclose.o)
                0x0000000008008e04                _fclose_r
 .text.__fputwc
                0x0000000008008ed0       0xa0 c:/dev/tools/xpack-arm-none-eabi-gcc-9.2.1-1.1/bin/../lib/gcc/arm-none-eabi/9.2.1/../../../../arm-none-eabi/lib/thumb/v7-m/nofp\libg.a(lib_a-fputwc.o)
                0x0000000008008ed0                __fputwc
 .text._fputwc_r
                0x0000000008008f70       0x68 c:/dev/tools/xpack-arm-none-eabi-gcc-9.2.1-1.1/bin/../lib/gcc/arm-none-eabi/9.2.1/../../../../arm-none-eabi/lib/thumb/v7-m/nofp\libg.a(lib_a-fputwc.o)
                0x0000000008008f70                _fputwc_r
 .text._fstat_r
                0x0000000008008fd8       0x2c c:/dev/tools/xpack-arm-none-eabi-gcc-9.2.1-1.1/bin/../lib/gcc/arm-none-eabi/9.2.1/../../../../arm-none-eabi/lib/thumb/v7-m/nofp\libg.a(lib_a-fstatr.o)
                0x0000000008008fd8                _fstat_r
 .text.__sfvwrite_r
                0x0000000008009004      0x2ec c:/dev/tools/xpack-arm-none-eabi-gcc-9.2.1-1.1/bin/../lib/gcc/arm-none-eabi/9.2.1/../../../../arm-none-eabi/lib/thumb/v7-m/nofp\libg.a(lib_a-fvwrite.o)
                0x0000000008009004                __sfvwrite_r
 .text._isatty_r
                0x00000000080092f0       0x24 c:/dev/tools/xpack-arm-none-eabi-gcc-9.2.1-1.1/bin/../lib/gcc/arm-none-eabi/9.2.1/../../../../arm-none-eabi/lib/thumb/v7-m/nofp\libg.a(lib_a-isattyr.o)
                0x00000000080092f0                _isatty_r
 .text.__locale_mb_cur_max
                0x0000000008009314        0xc c:/dev/tools/xpack-arm-none-eabi-gcc-9.2.1-1.1/bin/../lib/gcc/arm-none-eabi/9.2.1/../../../../arm-none-eabi/lib/thumb/v7-m/nofp\libg.a(lib_a-locale.o)
                0x0000000008009314                __locale_mb_cur_max
 .text._lseek_r
                0x0000000008009320       0x2c c:/dev/tools/xpack-arm-none-eabi-gcc-9.2.1-1.1/bin/../lib/gcc/arm-none-eabi/9.2.1/../../../../arm-none-eabi/lib/thumb/v7-m/nofp\libg.a(lib_a-lseekr.o)
                0x0000000008009320                _lseek_r
 .text.__ascii_mbtowc
                0x000000000800934c       0x2c c:/dev/tools/xpack-arm-none-eabi-gcc-9.2.1-1.1/bin/../lib/gcc/arm-none-eabi/9.2.1/../../../../arm-none-eabi/lib/thumb/v7-m/nofp\libg.a(lib_a-mbtowc_r.o)
                0x000000000800934c                __ascii_mbtowc
 .text._read_r  0x0000000008009378       0x2c c:/dev/tools/xpack-arm-none-eabi-gcc-9.2.1-1.1/bin/../lib/gcc/arm-none-eabi/9.2.1/../../../../arm-none-eabi/lib/thumb/v7-m/nofp\libg.a(lib_a-readr.o)
                0x0000000008009378                _read_r
 .text.__swbuf_r
                0x00000000080093a4       0xb0 c:/dev/tools/xpack-arm-none-eabi-gcc-9.2.1-1.1/bin/../lib/gcc/arm-none-eabi/9.2.1/../../../../arm-none-eabi/lib/thumb/v7-m/nofp\libg.a(lib_a-wbuf.o)
                0x00000000080093a4                __swbuf_r
 .text._wcrtomb_r
                0x0000000008009454       0x3c c:/dev/tools/xpack-arm-none-eabi-gcc-9.2.1-1.1/bin/../lib/gcc/arm-none-eabi/9.2.1/../../../../arm-none-eabi/lib/thumb/v7-m/nofp\libg.a(lib_a-wcrtomb.o)
                0x0000000008009454                _wcrtomb_r
 .text.__ascii_wctomb
                0x0000000008009490       0x1c c:/dev/tools/xpack-arm-none-eabi-gcc-9.2.1-1.1/bin/../lib/gcc/arm-none-eabi/9.2.1/../../../../arm-none-eabi/lib/thumb/v7-m/nofp\libg.a(lib_a-wctomb_r.o)
                0x0000000008009490                __ascii_wctomb
 .text.__udivmoddi4
                0x00000000080094ac      0x2c4 c:/dev/tools/xpack-arm-none-eabi-gcc-9.2.1-1.1/bin/../lib/gcc/arm-none-eabi/9.2.1/thumb/v7-m/nofp\libgcc.a(_udivmoddi4.o)
                0x00000000080094ac                __udivmoddi4
 *(.glue_7)
 .glue_7        0x0000000008009770        0x0 linker stubs
 *(.glue_7t)
 .glue_7t       0x0000000008009770        0x0 linker stubs
 *(.eh_frame)
 .eh_frame      0x0000000008009770        0x0 c:/dev/tools/xpack-arm-none-eabi-gcc-9.2.1-1.1/bin/../lib/gcc/arm-none-eabi/9.2.1/thumb/v7-m/nofp/crtbegin.o
 *(.init)
 .init          0x0000000008009770        0x4 c:/dev/tools/xpack-arm-none-eabi-gcc-9.2.1-1.1/bin/../lib/gcc/arm-none-eabi/9.2.1/thumb/v7-m/nofp/crti.o
                0x0000000008009770                _init
 .init          0x0000000008009774        0x8 c:/dev/tools/xpack-arm-none-eabi-gcc-9.2.1-1.1/bin/../lib/gcc/arm-none-eabi/9.2.1/thumb/v7-m/nofp/crtn.o
 *(.fini)
 .fini          0x000000000800977c        0x4 c:/dev/tools/xpack-arm-none-eabi-gcc-9.2.1-1.1/bin/../lib/gcc/arm-none-eabi/9.2.1/thumb/v7-m/nofp/crti.o
                0x000000000800977c                _fini
 .fini          0x0000000008009780        0x8 c:/dev/tools/xpack-arm-none-eabi-gcc-9.2.1-1.1/bin/../lib/gcc/arm-none-eabi/9.2.1/thumb/v7-m/nofp/crtn.o
                0x0000000008009788                . = ALIGN (0x4)
                0x0000000008009788                _etext = .

.vfp11_veneer   0x0000000008009788        0x0
 .vfp11_veneer  0x0000000008009788        0x0 linker stubs

.v4_bx          0x0000000008009788        0x0
 .v4_bx         0x0000000008009788        0x0 linker stubs

.iplt           0x0000000008009788        0x0
 .iplt          0x0000000008009788        0x0 c:/dev/tools/xpack-arm-none-eabi-gcc-9.2.1-1.1/bin/../lib/gcc/arm-none-eabi/9.2.1/thumb/v7-m/nofp/crtbegin.o

.rodata         0x0000000008009788      0x2c0
                0x0000000008009788                . = ALIGN (0x4)
 *(.rodata)
 *(.rodata*)
 .rodata.main.str1.4
                0x0000000008009788        0x3 CMakeFiles/Balance.elf.dir/Core/Src/main.c.obj
 *fill*         0x000000000800978b        0x1 
 .rodata.AHBPrescTable
                0x000000000800978c       0x10 CMakeFiles/Balance.elf.dir/Core/Src/system_stm32f1xx.c.obj
                0x000000000800978c                AHBPrescTable
 .rodata.APBPrescTable
                0x000000000800979c        0x8 CMakeFiles/Balance.elf.dir/Core/Src/system_stm32f1xx.c.obj
                0x000000000800979c                APBPrescTable
 .rodata.HAL_RCC_GetSysClockFreq.str1.4
                0x00000000080097a4       0x11 CMakeFiles/Balance.elf.dir/Drivers/STM32F1xx_HAL_Driver/Src/stm32f1xx_hal_rcc.c.obj
 *fill*         0x00000000080097b5        0x3 
 .rodata.Main.str1.4
                0x00000000080097b8        0x7 CMakeFiles/Balance.elf.dir/User/main.cpp.obj
 *fill*         0x00000000080097bf        0x1 
 .rodata._global_impure_ptr
                0x00000000080097c0        0x4 c:/dev/tools/xpack-arm-none-eabi-gcc-9.2.1-1.1/bin/../lib/gcc/arm-none-eabi/9.2.1/../../../../arm-none-eabi/lib/thumb/v7-m/nofp\libg.a(lib_a-impure.o)
                0x00000000080097c0                _global_impure_ptr
 .rodata._vfprintf_r.str1.4
                0x00000000080097c4       0x42 c:/dev/tools/xpack-arm-none-eabi-gcc-9.2.1-1.1/bin/../lib/gcc/arm-none-eabi/9.2.1/../../../../arm-none-eabi/lib/thumb/v7-m/nofp\libg.a(lib_a-vfprintf.o)
 *fill*         0x0000000008009806        0x2 
 .rodata.blanks.7366
                0x0000000008009808       0x10 c:/dev/tools/xpack-arm-none-eabi-gcc-9.2.1-1.1/bin/../lib/gcc/arm-none-eabi/9.2.1/../../../../arm-none-eabi/lib/thumb/v7-m/nofp\libg.a(lib_a-vfprintf.o)
 .rodata.zeroes.7367
                0x0000000008009818       0x10 c:/dev/tools/xpack-arm-none-eabi-gcc-9.2.1-1.1/bin/../lib/gcc/arm-none-eabi/9.2.1/../../../../arm-none-eabi/lib/thumb/v7-m/nofp\libg.a(lib_a-vfprintf.o)
 .rodata._dtoa_r.str1.4
                0x0000000008009828        0xd c:/dev/tools/xpack-arm-none-eabi-gcc-9.2.1-1.1/bin/../lib/gcc/arm-none-eabi/9.2.1/../../../../arm-none-eabi/lib/thumb/v7-m/nofp\libg.a(lib_a-dtoa.o)
                                         0x12 (size before relaxing)
 *fill*         0x0000000008009835        0x3 
 .rodata.__mprec_bigtens
                0x0000000008009838       0x28 c:/dev/tools/xpack-arm-none-eabi-gcc-9.2.1-1.1/bin/../lib/gcc/arm-none-eabi/9.2.1/../../../../arm-none-eabi/lib/thumb/v7-m/nofp\libg.a(lib_a-mprec.o)
                0x0000000008009838                __mprec_bigtens
 .rodata.__mprec_tens
                0x0000000008009860       0xc8 c:/dev/tools/xpack-arm-none-eabi-gcc-9.2.1-1.1/bin/../lib/gcc/arm-none-eabi/9.2.1/../../../../arm-none-eabi/lib/thumb/v7-m/nofp\libg.a(lib_a-mprec.o)
                0x0000000008009860                __mprec_tens
 .rodata.p05.6115
                0x0000000008009928        0xc c:/dev/tools/xpack-arm-none-eabi-gcc-9.2.1-1.1/bin/../lib/gcc/arm-none-eabi/9.2.1/../../../../arm-none-eabi/lib/thumb/v7-m/nofp\libg.a(lib_a-mprec.o)
 .rodata._setlocale_r.str1.4
                0x0000000008009934        0xa c:/dev/tools/xpack-arm-none-eabi-gcc-9.2.1-1.1/bin/../lib/gcc/arm-none-eabi/9.2.1/../../../../arm-none-eabi/lib/thumb/v7-m/nofp\libg.a(lib_a-locale.o)
                                          0xd (size before relaxing)
 *fill*         0x000000000800993e        0x2 
 .rodata.str1.4
                0x0000000008009940        0x2 c:/dev/tools/xpack-arm-none-eabi-gcc-9.2.1-1.1/bin/../lib/gcc/arm-none-eabi/9.2.1/../../../../arm-none-eabi/lib/thumb/v7-m/nofp\libg.a(lib_a-locale.o)
 *fill*         0x0000000008009942        0x2 
 .rodata._ctype_
                0x0000000008009944      0x101 c:/dev/tools/xpack-arm-none-eabi-gcc-9.2.1-1.1/bin/../lib/gcc/arm-none-eabi/9.2.1/../../../../arm-none-eabi/lib/thumb/v7-m/nofp\libg.a(lib_a-ctype_.o)
                0x0000000008009944                _ctype_
                0x0000000008009a48                . = ALIGN (0x4)
 *fill*         0x0000000008009a45        0x3 

.ARM.extab      0x0000000008009a48       0x18
 *(.ARM.extab* .gnu.linkonce.armextab.*)
 .ARM.extab.text._ZN7MPU605015setSleepEnabledEb
                0x0000000008009a48        0xc CMakeFiles/Balance.elf.dir/Bsp/imu/MPU6050.cpp.obj
 .ARM.extab.text._ZN7MPU605014testConnectionEv
                0x0000000008009a54        0xc CMakeFiles/Balance.elf.dir/Bsp/imu/MPU6050.cpp.obj

.ARM            0x0000000008009a60      0x128
                0x0000000008009a60                __exidx_start = .
 *(.ARM.exidx*)
 .ARM.exidx.text._ZN7MPU605011setDLPFModeEh
                0x0000000008009a60        0x8 CMakeFiles/Balance.elf.dir/Bsp/imu/MPU6050.cpp.obj
 .ARM.exidx.text._ZN7MPU605021setFullScaleGyroRangeEh
                0x0000000008009a68        0x8 CMakeFiles/Balance.elf.dir/Bsp/imu/MPU6050.cpp.obj
 .ARM.exidx.text._ZN7MPU605022setFullScaleAccelRangeEh
                0x0000000008009a70        0x0 CMakeFiles/Balance.elf.dir/Bsp/imu/MPU6050.cpp.obj
                                          0x8 (size before relaxing)
 .ARM.exidx.text._ZN7MPU605016getAccelerationXEv
                0x0000000008009a70        0x8 CMakeFiles/Balance.elf.dir/Bsp/imu/MPU6050.cpp.obj
 .ARM.exidx.text._ZN7MPU605015setSleepEnabledEb
                0x0000000008009a78        0x8 CMakeFiles/Balance.elf.dir/Bsp/imu/MPU6050.cpp.obj
 .ARM.exidx.text._ZN7MPU605014setClockSourceEh
                0x0000000008009a80        0x8 CMakeFiles/Balance.elf.dir/Bsp/imu/MPU6050.cpp.obj
 .ARM.exidx.text._ZN7MPU60504InitEv
                0x0000000008009a88        0x8 CMakeFiles/Balance.elf.dir/Bsp/imu/MPU6050.cpp.obj
 .ARM.exidx.text._ZN7MPU605011getDeviceIDEv
                0x0000000008009a90        0x8 CMakeFiles/Balance.elf.dir/Bsp/imu/MPU6050.cpp.obj
 .ARM.exidx.text._ZN7MPU605014testConnectionEv
                0x0000000008009a98        0x8 CMakeFiles/Balance.elf.dir/Bsp/imu/MPU6050.cpp.obj
 .ARM.exidx.text._ZN7MPU605010InitFilterEfff
                0x0000000008009aa0        0x8 CMakeFiles/Balance.elf.dir/Bsp/imu/MPU6050.cpp.obj
 .ARM.exidx.text._ZN7MPU6050C2EP17I2C_HandleTypeDefh
                0x0000000008009aa8       0x10 CMakeFiles/Balance.elf.dir/Bsp/imu/MPU6050.cpp.obj
                                          0x8 (size before relaxing)
 .ARM.exidx.text._Z11I2Cdev_initP17I2C_HandleTypeDef
                0x0000000008009ab8        0x0 CMakeFiles/Balance.elf.dir/Bsp/imu/i2c_dev.cpp.obj
                                          0x8 (size before relaxing)
 .ARM.exidx.text._Z16I2Cdev_readByteshhhPht
                0x0000000008009ab8        0x8 CMakeFiles/Balance.elf.dir/Bsp/imu/i2c_dev.cpp.obj
 .ARM.exidx.text._Z15I2Cdev_readBytehhPht
                0x0000000008009ac0        0x8 CMakeFiles/Balance.elf.dir/Bsp/imu/i2c_dev.cpp.obj
 .ARM.exidx.text._Z15I2Cdev_readBitshhhhPht
                0x0000000008009ac8        0x8 CMakeFiles/Balance.elf.dir/Bsp/imu/i2c_dev.cpp.obj
 .ARM.exidx.text._Z17I2Cdev_writeByteshhhPh
                0x0000000008009ad0        0x8 CMakeFiles/Balance.elf.dir/Bsp/imu/i2c_dev.cpp.obj
 .ARM.exidx.text._Z16I2Cdev_writeBytehhh
                0x0000000008009ad8        0x8 CMakeFiles/Balance.elf.dir/Bsp/imu/i2c_dev.cpp.obj
 .ARM.exidx.text._Z15I2Cdev_writeBithhhh
                0x0000000008009ae0        0x8 CMakeFiles/Balance.elf.dir/Bsp/imu/i2c_dev.cpp.obj
 .ARM.exidx.text._Z16I2Cdev_writeBitshhhhh
                0x0000000008009ae8       0x10 CMakeFiles/Balance.elf.dir/Bsp/imu/i2c_dev.cpp.obj
                                          0x8 (size before relaxing)
 .ARM.exidx.text._Z41__static_initialization_and_destruction_0ii
                0x0000000008009af8        0x0 CMakeFiles/Balance.elf.dir/User/main.cpp.obj
                                          0x8 (size before relaxing)
 .ARM.exidx.text.Main
                0x0000000008009af8        0x8 CMakeFiles/Balance.elf.dir/User/main.cpp.obj
 .ARM.exidx.text._GLOBAL__sub_I_mpu6050
                0x0000000008009b00        0x8 CMakeFiles/Balance.elf.dir/User/main.cpp.obj
 .ARM.exidx.text.selfrel_offset31
                0x0000000008009b08        0x0 c:/dev/tools/xpack-arm-none-eabi-gcc-9.2.1-1.1/bin/../lib/gcc/arm-none-eabi/9.2.1/thumb/v7-m/nofp\libgcc.a(unwind-arm.o)
                                          0x8 (size before relaxing)
 .ARM.exidx.text.search_EIT_table
                0x0000000008009b08        0x0 c:/dev/tools/xpack-arm-none-eabi-gcc-9.2.1-1.1/bin/../lib/gcc/arm-none-eabi/9.2.1/thumb/v7-m/nofp\libgcc.a(unwind-arm.o)
                                          0x8 (size before relaxing)
 .ARM.exidx.text.__gnu_unwind_get_pr_addr
                0x0000000008009b08        0x0 c:/dev/tools/xpack-arm-none-eabi-gcc-9.2.1-1.1/bin/../lib/gcc/arm-none-eabi/9.2.1/thumb/v7-m/nofp\libgcc.a(unwind-arm.o)
                                          0x8 (size before relaxing)
 .ARM.exidx.text.get_eit_entry
                0x0000000008009b08        0x8 c:/dev/tools/xpack-arm-none-eabi-gcc-9.2.1-1.1/bin/../lib/gcc/arm-none-eabi/9.2.1/thumb/v7-m/nofp\libgcc.a(unwind-arm.o)
 .ARM.exidx.text.restore_non_core_regs
                0x0000000008009b10        0x8 c:/dev/tools/xpack-arm-none-eabi-gcc-9.2.1-1.1/bin/../lib/gcc/arm-none-eabi/9.2.1/thumb/v7-m/nofp\libgcc.a(unwind-arm.o)
 .ARM.exidx.text._Unwind_decode_typeinfo_ptr.isra.0
                0x0000000008009b18        0x8 c:/dev/tools/xpack-arm-none-eabi-gcc-9.2.1-1.1/bin/../lib/gcc/arm-none-eabi/9.2.1/thumb/v7-m/nofp\libgcc.a(unwind-arm.o)
 .ARM.exidx.text._Unwind_DebugHook
                0x0000000008009b20        0x0 c:/dev/tools/xpack-arm-none-eabi-gcc-9.2.1-1.1/bin/../lib/gcc/arm-none-eabi/9.2.1/thumb/v7-m/nofp\libgcc.a(unwind-arm.o)
                                          0x8 (size before relaxing)
 .ARM.exidx.text.unwind_phase2
                0x0000000008009b20        0x8 c:/dev/tools/xpack-arm-none-eabi-gcc-9.2.1-1.1/bin/../lib/gcc/arm-none-eabi/9.2.1/thumb/v7-m/nofp\libgcc.a(unwind-arm.o)
 .ARM.exidx.text.unwind_phase2_forced
                0x0000000008009b28        0x8 c:/dev/tools/xpack-arm-none-eabi-gcc-9.2.1-1.1/bin/../lib/gcc/arm-none-eabi/9.2.1/thumb/v7-m/nofp\libgcc.a(unwind-arm.o)
 .ARM.exidx.text.__gnu_Unwind_RaiseException
                0x0000000008009b30        0x8 c:/dev/tools/xpack-arm-none-eabi-gcc-9.2.1-1.1/bin/../lib/gcc/arm-none-eabi/9.2.1/thumb/v7-m/nofp\libgcc.a(unwind-arm.o)
 .ARM.exidx.text.__gnu_Unwind_ForcedUnwind
                0x0000000008009b38        0x8 c:/dev/tools/xpack-arm-none-eabi-gcc-9.2.1-1.1/bin/../lib/gcc/arm-none-eabi/9.2.1/thumb/v7-m/nofp\libgcc.a(unwind-arm.o)
 .ARM.exidx.text.__gnu_Unwind_Resume
                0x0000000008009b40        0x8 c:/dev/tools/xpack-arm-none-eabi-gcc-9.2.1-1.1/bin/../lib/gcc/arm-none-eabi/9.2.1/thumb/v7-m/nofp\libgcc.a(unwind-arm.o)
 .ARM.exidx.text.__gnu_Unwind_Resume_or_Rethrow
                0x0000000008009b48        0x8 c:/dev/tools/xpack-arm-none-eabi-gcc-9.2.1-1.1/bin/../lib/gcc/arm-none-eabi/9.2.1/thumb/v7-m/nofp\libgcc.a(unwind-arm.o)
 .ARM.exidx.text._Unwind_VRS_Get
                0x0000000008009b50        0x0 c:/dev/tools/xpack-arm-none-eabi-gcc-9.2.1-1.1/bin/../lib/gcc/arm-none-eabi/9.2.1/thumb/v7-m/nofp\libgcc.a(unwind-arm.o)
                                          0x8 (size before relaxing)
 .ARM.exidx.text._Unwind_GetGR
                0x0000000008009b50        0x0 c:/dev/tools/xpack-arm-none-eabi-gcc-9.2.1-1.1/bin/../lib/gcc/arm-none-eabi/9.2.1/thumb/v7-m/nofp\libgcc.a(unwind-arm.o)
                                          0x8 (size before relaxing)
 .ARM.exidx.text._Unwind_VRS_Set
                0x0000000008009b50        0x0 c:/dev/tools/xpack-arm-none-eabi-gcc-9.2.1-1.1/bin/../lib/gcc/arm-none-eabi/9.2.1/thumb/v7-m/nofp\libgcc.a(unwind-arm.o)
                                          0x8 (size before relaxing)
 .ARM.exidx.text._Unwind_SetGR
                0x0000000008009b50        0x0 c:/dev/tools/xpack-arm-none-eabi-gcc-9.2.1-1.1/bin/../lib/gcc/arm-none-eabi/9.2.1/thumb/v7-m/nofp\libgcc.a(unwind-arm.o)
                                          0x8 (size before relaxing)
 .ARM.exidx.text.__gnu_Unwind_Backtrace
                0x0000000008009b50        0x8 c:/dev/tools/xpack-arm-none-eabi-gcc-9.2.1-1.1/bin/../lib/gcc/arm-none-eabi/9.2.1/thumb/v7-m/nofp\libgcc.a(unwind-arm.o)
 .ARM.exidx.text.__gnu_unwind_pr_common
                0x0000000008009b58        0x8 c:/dev/tools/xpack-arm-none-eabi-gcc-9.2.1-1.1/bin/../lib/gcc/arm-none-eabi/9.2.1/thumb/v7-m/nofp\libgcc.a(unwind-arm.o)
 .ARM.exidx.text.__aeabi_unwind_cpp_pr0
                0x0000000008009b60        0x8 c:/dev/tools/xpack-arm-none-eabi-gcc-9.2.1-1.1/bin/../lib/gcc/arm-none-eabi/9.2.1/thumb/v7-m/nofp\libgcc.a(unwind-arm.o)
 .ARM.exidx.text.__aeabi_unwind_cpp_pr1
                0x0000000008009b68        0x0 c:/dev/tools/xpack-arm-none-eabi-gcc-9.2.1-1.1/bin/../lib/gcc/arm-none-eabi/9.2.1/thumb/v7-m/nofp\libgcc.a(unwind-arm.o)
                                          0x8 (size before relaxing)
 .ARM.exidx.text.__aeabi_unwind_cpp_pr2
                0x0000000008009b68        0x0 c:/dev/tools/xpack-arm-none-eabi-gcc-9.2.1-1.1/bin/../lib/gcc/arm-none-eabi/9.2.1/thumb/v7-m/nofp\libgcc.a(unwind-arm.o)
                                          0x8 (size before relaxing)
 .ARM.exidx.text._Unwind_VRS_Pop
                0x0000000008009b68        0x8 c:/dev/tools/xpack-arm-none-eabi-gcc-9.2.1-1.1/bin/../lib/gcc/arm-none-eabi/9.2.1/thumb/v7-m/nofp\libgcc.a(unwind-arm.o)
 .ARM.exidx.text.next_unwind_byte
                0x0000000008009b70        0x8 c:/dev/tools/xpack-arm-none-eabi-gcc-9.2.1-1.1/bin/../lib/gcc/arm-none-eabi/9.2.1/thumb/v7-m/nofp\libgcc.a(pr-support.o)
 .ARM.exidx.text.__gnu_unwind_execute
                0x0000000008009b78       0x10 c:/dev/tools/xpack-arm-none-eabi-gcc-9.2.1-1.1/bin/../lib/gcc/arm-none-eabi/9.2.1/thumb/v7-m/nofp\libgcc.a(pr-support.o)
                                          0x8 (size before relaxing)
 .ARM.exidx.text.__udivmoddi4
                0x0000000008009b88        0x0 c:/dev/tools/xpack-arm-none-eabi-gcc-9.2.1-1.1/bin/../lib/gcc/arm-none-eabi/9.2.1/thumb/v7-m/nofp\libgcc.a(_udivmoddi4.o)
                                          0x8 (size before relaxing)
                0x0000000008009b88                __exidx_end = .

.rel.dyn        0x0000000008009b88        0x0
 .rel.iplt      0x0000000008009b88        0x0 c:/dev/tools/xpack-arm-none-eabi-gcc-9.2.1-1.1/bin/../lib/gcc/arm-none-eabi/9.2.1/thumb/v7-m/nofp/crtbegin.o

.preinit_array  0x0000000008009b88        0x0
                0x0000000008009b88                PROVIDE (__preinit_array_start = .)
 *(.preinit_array*)
                0x0000000008009b88                PROVIDE (__preinit_array_end = .)

.init_array     0x0000000008009b88        0xc
                0x0000000008009b88                PROVIDE (__init_array_start = .)
 *(SORT_BY_NAME(.init_array.*))
 .init_array.00000
                0x0000000008009b88        0x4 c:/dev/tools/xpack-arm-none-eabi-gcc-9.2.1-1.1/bin/../lib/gcc/arm-none-eabi/9.2.1/../../../../arm-none-eabi/lib/thumb/v7-m/nofp\libg.a(lib_a-__call_atexit.o)
 *(.init_array*)
 .init_array    0x0000000008009b8c        0x4 c:/dev/tools/xpack-arm-none-eabi-gcc-9.2.1-1.1/bin/../lib/gcc/arm-none-eabi/9.2.1/thumb/v7-m/nofp/crtbegin.o
 .init_array    0x0000000008009b90        0x4 CMakeFiles/Balance.elf.dir/User/main.cpp.obj
                0x0000000008009b94                PROVIDE (__init_array_end = .)

.fini_array     0x0000000008009b94        0x4
                0x0000000008009b94                PROVIDE (__fini_array_start = .)
 *(SORT_BY_NAME(.fini_array.*))
 *(.fini_array*)
 .fini_array    0x0000000008009b94        0x4 c:/dev/tools/xpack-arm-none-eabi-gcc-9.2.1-1.1/bin/../lib/gcc/arm-none-eabi/9.2.1/thumb/v7-m/nofp/crtbegin.o
                0x0000000008009b98                PROVIDE (__fini_array_end = .)
                0x0000000008009b98                _sidata = LOADADDR (.data)

.data           0x0000000020000000      0x9c0 load address 0x0000000008009b98
                0x0000000020000000                . = ALIGN (0x4)
                0x0000000020000000                _sdata = .
 *(.data)
 *(.data*)
 .data.I2Cdev_readTimeout
                0x0000000020000000        0x2 CMakeFiles/Balance.elf.dir/Bsp/imu/i2c_dev.cpp.obj
                0x0000000020000000                I2Cdev_readTimeout
 *fill*         0x0000000020000002        0x2 
 .data.SystemCoreClock
                0x0000000020000004        0x4 CMakeFiles/Balance.elf.dir/Core/Src/system_stm32f1xx.c.obj
                0x0000000020000004                SystemCoreClock
 .data.uwTickFreq
                0x0000000020000008        0x1 CMakeFiles/Balance.elf.dir/Drivers/STM32F1xx_HAL_Driver/Src/stm32f1xx_hal.c.obj
                0x0000000020000008                uwTickFreq
 *fill*         0x0000000020000009        0x3 
 .data.uwTickPrio
                0x000000002000000c        0x4 CMakeFiles/Balance.elf.dir/Drivers/STM32F1xx_HAL_Driver/Src/stm32f1xx_hal.c.obj
                0x000000002000000c                uwTickPrio
 .data._impure_ptr
                0x0000000020000010        0x4 c:/dev/tools/xpack-arm-none-eabi-gcc-9.2.1-1.1/bin/../lib/gcc/arm-none-eabi/9.2.1/../../../../arm-none-eabi/lib/thumb/v7-m/nofp\libg.a(lib_a-impure.o)
                0x0000000020000010                _impure_ptr
 *fill*         0x0000000020000014        0x4 
 .data.impure_data
                0x0000000020000018      0x428 c:/dev/tools/xpack-arm-none-eabi-gcc-9.2.1-1.1/bin/../lib/gcc/arm-none-eabi/9.2.1/../../../../arm-none-eabi/lib/thumb/v7-m/nofp\libg.a(lib_a-impure.o)
 .data.__malloc_av_
                0x0000000020000440      0x408 c:/dev/tools/xpack-arm-none-eabi-gcc-9.2.1-1.1/bin/../lib/gcc/arm-none-eabi/9.2.1/../../../../arm-none-eabi/lib/thumb/v7-m/nofp\libg.a(lib_a-mallocr.o)
                0x0000000020000440                __malloc_av_
 .data.__malloc_sbrk_base
                0x0000000020000848        0x4 c:/dev/tools/xpack-arm-none-eabi-gcc-9.2.1-1.1/bin/../lib/gcc/arm-none-eabi/9.2.1/../../../../arm-none-eabi/lib/thumb/v7-m/nofp\libg.a(lib_a-mallocr.o)
                0x0000000020000848                __malloc_sbrk_base
 .data.__malloc_trim_threshold
                0x000000002000084c        0x4 c:/dev/tools/xpack-arm-none-eabi-gcc-9.2.1-1.1/bin/../lib/gcc/arm-none-eabi/9.2.1/../../../../arm-none-eabi/lib/thumb/v7-m/nofp\libg.a(lib_a-mallocr.o)
                0x000000002000084c                __malloc_trim_threshold
 .data.__atexit_recursive_mutex
                0x0000000020000850        0x4 c:/dev/tools/xpack-arm-none-eabi-gcc-9.2.1-1.1/bin/../lib/gcc/arm-none-eabi/9.2.1/../../../../arm-none-eabi/lib/thumb/v7-m/nofp\libg.a(lib_a-__call_atexit.o)
                0x0000000020000850                __atexit_recursive_mutex
 .data.__global_locale
                0x0000000020000854      0x16c c:/dev/tools/xpack-arm-none-eabi-gcc-9.2.1-1.1/bin/../lib/gcc/arm-none-eabi/9.2.1/../../../../arm-none-eabi/lib/thumb/v7-m/nofp\libg.a(lib_a-locale.o)
                0x0000000020000854                __global_locale
                0x00000000200009c0                . = ALIGN (0x4)
                0x00000000200009c0                _edata = .

.igot.plt       0x00000000200009c0        0x0 load address 0x000000000800a558
 .igot.plt      0x00000000200009c0        0x0 c:/dev/tools/xpack-arm-none-eabi-gcc-9.2.1-1.1/bin/../lib/gcc/arm-none-eabi/9.2.1/thumb/v7-m/nofp/crtbegin.o
                0x00000000200009c0                . = ALIGN (0x4)

.bss            0x00000000200009c0      0x238 load address 0x000000000800a558
                0x00000000200009c0                _sbss = .
                0x00000000200009c0                __bss_start__ = _sbss
 *(.bss)
 *(.bss*)
 .bss.completed.8911
                0x00000000200009c0        0x1 c:/dev/tools/xpack-arm-none-eabi-gcc-9.2.1-1.1/bin/../lib/gcc/arm-none-eabi/9.2.1/thumb/v7-m/nofp/crtbegin.o
 *fill*         0x00000000200009c1        0x3 
 .bss.object.8916
                0x00000000200009c4       0x18 c:/dev/tools/xpack-arm-none-eabi-gcc-9.2.1-1.1/bin/../lib/gcc/arm-none-eabi/9.2.1/thumb/v7-m/nofp/crtbegin.o
 .bss._ZL11I2Cdev_hi2c
                0x00000000200009dc        0x4 CMakeFiles/Balance.elf.dir/Bsp/imu/i2c_dev.cpp.obj
 .bss.hi2c1     0x00000000200009e0       0x54 CMakeFiles/Balance.elf.dir/Core/Src/i2c.c.obj
                0x00000000200009e0                hi2c1
 .bss.heap_end.6023
                0x0000000020000a34        0x4 CMakeFiles/Balance.elf.dir/Core/Src/syscalls.c.obj
 .bss.huart1    0x0000000020000a38       0x44 CMakeFiles/Balance.elf.dir/Core/Src/usart.c.obj
                0x0000000020000a38                huart1
 .bss.uwTick    0x0000000020000a7c        0x4 CMakeFiles/Balance.elf.dir/Drivers/STM32F1xx_HAL_Driver/Src/stm32f1xx_hal.c.obj
                0x0000000020000a7c                uwTick
 .bss.gHuart    0x0000000020000a80        0x4 CMakeFiles/Balance.elf.dir/Platform/retarget.c.obj
                0x0000000020000a80                gHuart
 .bss.mpu6050   0x0000000020000a84      0x118 CMakeFiles/Balance.elf.dir/User/main.cpp.obj
                0x0000000020000a84                mpu6050
 .bss.__malloc_current_mallinfo
                0x0000000020000b9c       0x28 c:/dev/tools/xpack-arm-none-eabi-gcc-9.2.1-1.1/bin/../lib/gcc/arm-none-eabi/9.2.1/../../../../arm-none-eabi/lib/thumb/v7-m/nofp\libg.a(lib_a-mallocr.o)
                0x0000000020000b9c                __malloc_current_mallinfo
 .bss.__malloc_max_sbrked_mem
                0x0000000020000bc4        0x4 c:/dev/tools/xpack-arm-none-eabi-gcc-9.2.1-1.1/bin/../lib/gcc/arm-none-eabi/9.2.1/../../../../arm-none-eabi/lib/thumb/v7-m/nofp\libg.a(lib_a-mallocr.o)
                0x0000000020000bc4                __malloc_max_sbrked_mem
 .bss.__malloc_max_total_mem
                0x0000000020000bc8        0x4 c:/dev/tools/xpack-arm-none-eabi-gcc-9.2.1-1.1/bin/../lib/gcc/arm-none-eabi/9.2.1/../../../../arm-none-eabi/lib/thumb/v7-m/nofp\libg.a(lib_a-mallocr.o)
                0x0000000020000bc8                __malloc_max_total_mem
 .bss.__malloc_top_pad
                0x0000000020000bcc        0x4 c:/dev/tools/xpack-arm-none-eabi-gcc-9.2.1-1.1/bin/../lib/gcc/arm-none-eabi/9.2.1/../../../../arm-none-eabi/lib/thumb/v7-m/nofp\libg.a(lib_a-mallocr.o)
                0x0000000020000bcc                __malloc_top_pad
 *(COMMON)
 COMMON         0x0000000020000bd0       0x21 c:/dev/tools/xpack-arm-none-eabi-gcc-9.2.1-1.1/bin/../lib/gcc/arm-none-eabi/9.2.1/../../../../arm-none-eabi/lib/thumb/v7-m/nofp\libg.a(lib_a-lock.o)
                0x0000000020000bd0                __lock___atexit_recursive_mutex
                0x0000000020000bd4                __lock___arc4random_mutex
                0x0000000020000bd8                __lock___env_recursive_mutex
                0x0000000020000bdc                __lock___sinit_recursive_mutex
                0x0000000020000be0                __lock___malloc_recursive_mutex
                0x0000000020000be4                __lock___at_quick_exit_mutex
                0x0000000020000be8                __lock___dd_hash_mutex
                0x0000000020000bec                __lock___tz_mutex
                0x0000000020000bf0                __lock___sfp_recursive_mutex
 *fill*         0x0000000020000bf1        0x3 
 COMMON         0x0000000020000bf4        0x4 c:/dev/tools/xpack-arm-none-eabi-gcc-9.2.1-1.1/bin/../lib/gcc/arm-none-eabi/9.2.1/../../../../arm-none-eabi/lib/thumb/v7-m/nofp\libg.a(lib_a-reent.o)
                0x0000000020000bf4                errno
                0x0000000020000bf8                . = ALIGN (0x4)
                0x0000000020000bf8                _ebss = .
                0x0000000020000bf8                __bss_end__ = _ebss

._user_heap_stack
                0x0000000020000bf8      0x600 load address 0x000000000800a558
                0x0000000020000bf8                . = ALIGN (0x8)
                0x0000000020000bf8                PROVIDE (end = .)
                [!provide]                        PROVIDE (_end = .)
                0x0000000020000df8                . = (. + _Min_Heap_Size)
 *fill*         0x0000000020000bf8      0x200 
                0x00000000200011f8                . = (. + _Min_Stack_Size)
 *fill*         0x0000000020000df8      0x400 
                0x00000000200011f8                . = ALIGN (0x8)

/DISCARD/
 libc.a(*)
 libm.a(*)
 libgcc.a(*)

.ARM.attributes
                0x0000000000000000       0x29
 *(.ARM.attributes)
 .ARM.attributes
                0x0000000000000000       0x1d c:/dev/tools/xpack-arm-none-eabi-gcc-9.2.1-1.1/bin/../lib/gcc/arm-none-eabi/9.2.1/thumb/v7-m/nofp/crti.o
 .ARM.attributes
                0x000000000000001d       0x2d c:/dev/tools/xpack-arm-none-eabi-gcc-9.2.1-1.1/bin/../lib/gcc/arm-none-eabi/9.2.1/thumb/v7-m/nofp/crtbegin.o
 .ARM.attributes
                0x000000000000004a       0x2d CMakeFiles/Balance.elf.dir/Bsp/imu/MPU6050.cpp.obj
 .ARM.attributes
                0x0000000000000077       0x2d CMakeFiles/Balance.elf.dir/Bsp/imu/filters/biquad_filter.c.obj
 .ARM.attributes
                0x00000000000000a4       0x2d CMakeFiles/Balance.elf.dir/Bsp/imu/filters/filter_math.c.obj
 .ARM.attributes
                0x00000000000000d1       0x2d CMakeFiles/Balance.elf.dir/Bsp/imu/i2c_dev.cpp.obj
 .ARM.attributes
                0x00000000000000fe       0x2d CMakeFiles/Balance.elf.dir/Core/Src/gpio.c.obj
 .ARM.attributes
                0x000000000000012b       0x2d CMakeFiles/Balance.elf.dir/Core/Src/i2c.c.obj
 .ARM.attributes
                0x0000000000000158       0x2d CMakeFiles/Balance.elf.dir/Core/Src/main.c.obj
 .ARM.attributes
                0x0000000000000185       0x2d CMakeFiles/Balance.elf.dir/Core/Src/stm32f1xx_hal_msp.c.obj
 .ARM.attributes
                0x00000000000001b2       0x2d CMakeFiles/Balance.elf.dir/Core/Src/stm32f1xx_it.c.obj
 .ARM.attributes
                0x00000000000001df       0x2d CMakeFiles/Balance.elf.dir/Core/Src/syscalls.c.obj
 .ARM.attributes
                0x000000000000020c       0x2d CMakeFiles/Balance.elf.dir/Core/Src/system_stm32f1xx.c.obj
 .ARM.attributes
                0x0000000000000239       0x2d CMakeFiles/Balance.elf.dir/Core/Src/usart.c.obj
 .ARM.attributes
                0x0000000000000266       0x2d CMakeFiles/Balance.elf.dir/Drivers/STM32F1xx_HAL_Driver/Src/stm32f1xx_hal.c.obj
 .ARM.attributes
                0x0000000000000293       0x2d CMakeFiles/Balance.elf.dir/Drivers/STM32F1xx_HAL_Driver/Src/stm32f1xx_hal_cortex.c.obj
 .ARM.attributes
                0x00000000000002c0       0x2d CMakeFiles/Balance.elf.dir/Drivers/STM32F1xx_HAL_Driver/Src/stm32f1xx_hal_gpio.c.obj
 .ARM.attributes
                0x00000000000002ed       0x2d CMakeFiles/Balance.elf.dir/Drivers/STM32F1xx_HAL_Driver/Src/stm32f1xx_hal_i2c.c.obj
 .ARM.attributes
                0x000000000000031a       0x2d CMakeFiles/Balance.elf.dir/Drivers/STM32F1xx_HAL_Driver/Src/stm32f1xx_hal_rcc.c.obj
 .ARM.attributes
                0x0000000000000347       0x2d CMakeFiles/Balance.elf.dir/Drivers/STM32F1xx_HAL_Driver/Src/stm32f1xx_hal_uart.c.obj
 .ARM.attributes
                0x0000000000000374       0x2d CMakeFiles/Balance.elf.dir/Platform/retarget.c.obj
 .ARM.attributes
                0x00000000000003a1       0x2d CMakeFiles/Balance.elf.dir/User/main.cpp.obj
 .ARM.attributes
                0x00000000000003ce       0x21 CMakeFiles/Balance.elf.dir/startup/startup_stm32f103xb.s.obj
 .ARM.attributes
                0x00000000000003ef       0x1d c:/dev/tools/xpack-arm-none-eabi-gcc-9.2.1-1.1/bin/../lib/gcc/arm-none-eabi/9.2.1/thumb/v7-m/nofp\libgcc.a(_arm_addsubdf3.o)
 .ARM.attributes
                0x000000000000040c       0x1d c:/dev/tools/xpack-arm-none-eabi-gcc-9.2.1-1.1/bin/../lib/gcc/arm-none-eabi/9.2.1/thumb/v7-m/nofp\libgcc.a(_arm_muldivdf3.o)
 .ARM.attributes
                0x0000000000000429       0x1d c:/dev/tools/xpack-arm-none-eabi-gcc-9.2.1-1.1/bin/../lib/gcc/arm-none-eabi/9.2.1/thumb/v7-m/nofp\libgcc.a(_arm_addsubsf3.o)
 .ARM.attributes
                0x0000000000000446       0x1d c:/dev/tools/xpack-arm-none-eabi-gcc-9.2.1-1.1/bin/../lib/gcc/arm-none-eabi/9.2.1/thumb/v7-m/nofp\libgcc.a(_arm_muldivsf3.o)
 .ARM.attributes
                0x0000000000000463       0x1d c:/dev/tools/xpack-arm-none-eabi-gcc-9.2.1-1.1/bin/../lib/gcc/arm-none-eabi/9.2.1/thumb/v7-m/nofp\libgcc.a(_arm_cmpsf2.o)
 .ARM.attributes
                0x0000000000000480       0x1d c:/dev/tools/xpack-arm-none-eabi-gcc-9.2.1-1.1/bin/../lib/gcc/arm-none-eabi/9.2.1/thumb/v7-m/nofp\libgcc.a(_arm_fixsfsi.o)
 .ARM.attributes
                0x000000000000049d       0x2d c:/dev/tools/xpack-arm-none-eabi-gcc-9.2.1-1.1/bin/../lib/gcc/arm-none-eabi/9.2.1/../../../../arm-none-eabi/lib/thumb/v7-m/nofp\libg.a(lib_a-errno.o)
 .ARM.attributes
                0x00000000000004ca       0x2d c:/dev/tools/xpack-arm-none-eabi-gcc-9.2.1-1.1/bin/../lib/gcc/arm-none-eabi/9.2.1/../../../../arm-none-eabi/lib/thumb/v7-m/nofp\libg.a(lib_a-impure.o)
 .ARM.attributes
                0x00000000000004f7       0x2d c:/dev/tools/xpack-arm-none-eabi-gcc-9.2.1-1.1/bin/../lib/gcc/arm-none-eabi/9.2.1/../../../../arm-none-eabi/lib/thumb/v7-m/nofp\libg.a(lib_a-init.o)
 .ARM.attributes
                0x0000000000000524       0x2d c:/dev/tools/xpack-arm-none-eabi-gcc-9.2.1-1.1/bin/../lib/gcc/arm-none-eabi/9.2.1/../../../../arm-none-eabi/lib/thumb/v7-m/nofp\libg.a(lib_a-malloc.o)
 .ARM.attributes
                0x0000000000000551       0x2d c:/dev/tools/xpack-arm-none-eabi-gcc-9.2.1-1.1/bin/../lib/gcc/arm-none-eabi/9.2.1/../../../../arm-none-eabi/lib/thumb/v7-m/nofp\libg.a(lib_a-mallocr.o)
 .ARM.attributes
                0x000000000000057e       0x1b c:/dev/tools/xpack-arm-none-eabi-gcc-9.2.1-1.1/bin/../lib/gcc/arm-none-eabi/9.2.1/../../../../arm-none-eabi/lib/thumb/v7-m/nofp\libg.a(lib_a-memcpy.o)
 .ARM.attributes
                0x0000000000000599       0x2d c:/dev/tools/xpack-arm-none-eabi-gcc-9.2.1-1.1/bin/../lib/gcc/arm-none-eabi/9.2.1/../../../../arm-none-eabi/lib/thumb/v7-m/nofp\libg.a(lib_a-memset.o)