Archive member included to satisfy reference by file (symbol)

c:/dev/tools/xpack-arm-none-eabi-gcc-9.2.1-1.1/bin/../lib/gcc/arm-none-eabi/9.2.1/../../../../arm-none-eabi/lib/thumb/v7-m/nofp\libg.a(lib_a-errno.o)
                              CMakeFiles/Balance.elf.dir/Core/Src/syscalls.c.obj (__errno)
c:/dev/tools/xpack-arm-none-eabi-gcc-9.2.1-1.1/bin/../lib/gcc/arm-none-eabi/9.2.1/../../../../arm-none-eabi/lib/thumb/v7-m/nofp\libg.a(lib_a-exit.o)
                              c:/dev/tools/xpack-arm-none-eabi-gcc-9.2.1-1.1/bin/../lib/gcc/arm-none-eabi/9.2.1/../../../../arm-none-eabi/lib/thumb/v7-m/nofp/crt0.o (exit)
c:/dev/tools/xpack-arm-none-eabi-gcc-9.2.1-1.1/bin/../lib/gcc/arm-none-eabi/9.2.1/../../../../arm-none-eabi/lib/thumb/v7-m/nofp\libg.a(lib_a-impure.o)
                              c:/dev/tools/xpack-arm-none-eabi-gcc-9.2.1-1.1/bin/../lib/gcc/arm-none-eabi/9.2.1/../../../../arm-none-eabi/lib/thumb/v7-m/nofp\libg.a(lib_a-exit.o) (_global_impure_ptr)
c:/dev/tools/xpack-arm-none-eabi-gcc-9.2.1-1.1/bin/../lib/gcc/arm-none-eabi/9.2.1/../../../../arm-none-eabi/lib/thumb/v7-m/nofp\libg.a(lib_a-init.o)
                              c:/dev/tools/xpack-arm-none-eabi-gcc-9.2.1-1.1/bin/../lib/gcc/arm-none-eabi/9.2.1/../../../../arm-none-eabi/lib/thumb/v7-m/nofp/crt0.o (__libc_init_array)
c:/dev/tools/xpack-arm-none-eabi-gcc-9.2.1-1.1/bin/../lib/gcc/arm-none-eabi/9.2.1/../../../../arm-none-eabi/lib/thumb/v7-m/nofp\libg.a(lib_a-memset.o)
                              c:/dev/tools/xpack-arm-none-eabi-gcc-9.2.1-1.1/bin/../lib/gcc/arm-none-eabi/9.2.1/../../../../arm-none-eabi/lib/thumb/v7-m/nofp/crt0.o (memset)
c:/dev/tools/xpack-arm-none-eabi-gcc-9.2.1-1.1/bin/../lib/gcc/arm-none-eabi/9.2.1/../../../../arm-none-eabi/lib/thumb/v7-m/nofp\libg.a(lib_a-printf.o)
                              CMakeFiles/Balance.elf.dir/Core/Src/main.c.obj (printf)
c:/dev/tools/xpack-arm-none-eabi-gcc-9.2.1-1.1/bin/../lib/gcc/arm-none-eabi/9.2.1/../../../../arm-none-eabi/lib/thumb/v7-m/nofp\libg.a(lib_a-setvbuf.o)
                              CMakeFiles/Balance.elf.dir/Platform/retarget.c.obj (setvbuf)
c:/dev/tools/xpack-arm-none-eabi-gcc-9.2.1-1.1/bin/../lib/gcc/arm-none-eabi/9.2.1/../../../../arm-none-eabi/lib/thumb/v7-m/nofp\libg.a(lib_a-vfprintf.o)
                              c:/dev/tools/xpack-arm-none-eabi-gcc-9.2.1-1.1/bin/../lib/gcc/arm-none-eabi/9.2.1/../../../../arm-none-eabi/lib/thumb/v7-m/nofp\libg.a(lib_a-printf.o) (_vfprintf_r)
c:/dev/tools/xpack-arm-none-eabi-gcc-9.2.1-1.1/bin/../lib/gcc/arm-none-eabi/9.2.1/../../../../arm-none-eabi/lib/thumb/v7-m/nofp\libg.a(lib_a-wsetup.o)
                              c:/dev/tools/xpack-arm-none-eabi-gcc-9.2.1-1.1/bin/../lib/gcc/arm-none-eabi/9.2.1/../../../../arm-none-eabi/lib/thumb/v7-m/nofp\libg.a(lib_a-vfprintf.o) (__swsetup_r)
c:/dev/tools/xpack-arm-none-eabi-gcc-9.2.1-1.1/bin/../lib/gcc/arm-none-eabi/9.2.1/../../../../arm-none-eabi/lib/thumb/v7-m/nofp\libg.a(lib_a-__call_atexit.o)
                              c:/dev/tools/xpack-arm-none-eabi-gcc-9.2.1-1.1/bin/../lib/gcc/arm-none-eabi/9.2.1/../../../../arm-none-eabi/lib/thumb/v7-m/nofp\libg.a(lib_a-exit.o) (__call_exitprocs)
c:/dev/tools/xpack-arm-none-eabi-gcc-9.2.1-1.1/bin/../lib/gcc/arm-none-eabi/9.2.1/../../../../arm-none-eabi/lib/thumb/v7-m/nofp\libg.a(lib_a-atexit.o)
                              c:/dev/tools/xpack-arm-none-eabi-gcc-9.2.1-1.1/bin/../lib/gcc/arm-none-eabi/9.2.1/../../../../arm-none-eabi/lib/thumb/v7-m/nofp\libg.a(lib_a-__call_atexit.o) (atexit)
c:/dev/tools/xpack-arm-none-eabi-gcc-9.2.1-1.1/bin/../lib/gcc/arm-none-eabi/9.2.1/../../../../arm-none-eabi/lib/thumb/v7-m/nofp\libg.a(lib_a-dtoa.o)
                              c:/dev/tools/xpack-arm-none-eabi-gcc-9.2.1-1.1/bin/../lib/gcc/arm-none-eabi/9.2.1/../../../../arm-none-eabi/lib/thumb/v7-m/nofp\libg.a(lib_a-vfprintf.o) (_dtoa_r)
c:/dev/tools/xpack-arm-none-eabi-gcc-9.2.1-1.1/bin/../lib/gcc/arm-none-eabi/9.2.1/../../../../arm-none-eabi/lib/thumb/v7-m/nofp\libg.a(lib_a-fflush.o)
                              c:/dev/tools/xpack-arm-none-eabi-gcc-9.2.1-1.1/bin/../lib/gcc/arm-none-eabi/9.2.1/../../../../arm-none-eabi/lib/thumb/v7-m/nofp\libg.a(lib_a-setvbuf.o) (_fflush_r)
c:/dev/tools/xpack-arm-none-eabi-gcc-9.2.1-1.1/bin/../lib/gcc/arm-none-eabi/9.2.1/../../../../arm-none-eabi/lib/thumb/v7-m/nofp\libg.a(lib_a-findfp.o)
                              c:/dev/tools/xpack-arm-none-eabi-gcc-9.2.1-1.1/bin/../lib/gcc/arm-none-eabi/9.2.1/../../../../arm-none-eabi/lib/thumb/v7-m/nofp\libg.a(lib_a-setvbuf.o) (__sinit)
c:/dev/tools/xpack-arm-none-eabi-gcc-9.2.1-1.1/bin/../lib/gcc/arm-none-eabi/9.2.1/../../../../arm-none-eabi/lib/thumb/v7-m/nofp\libg.a(lib_a-fini.o)
                              c:/dev/tools/xpack-arm-none-eabi-gcc-9.2.1-1.1/bin/../lib/gcc/arm-none-eabi/9.2.1/../../../../arm-none-eabi/lib/thumb/v7-m/nofp\libg.a(lib_a-__call_atexit.o) (__libc_fini_array)
[...]
Memory Configuration

Name             Origin             Length             Attributes
RAM              0x0000000020000000 0x0000000000005000 xrw
FLASH            0x0000000008000000 0x0000000000010000 xr
*default*        0x0000000000000000 0xffffffffffffffff

Linker script and memory map

LOAD c:/dev/tools/xpack-arm-none-eabi-gcc-9.2.1-1.1/bin/../lib/gcc/arm-none-eabi/9.2.1/thumb/v7-m/nofp/crti.o
LOAD c:/dev/tools/xpack-arm-none-eabi-gcc-9.2.1-1.1/bin/../lib/gcc/arm-none-eabi/9.2.1/thumb/v7-m/nofp/crtbegin.o
LOAD c:/dev/tools/xpack-arm-none-eabi-gcc-9.2.1-1.1/bin/../lib/gcc/arm-none-eabi/9.2.1/../../../../arm-none-eabi/lib/thumb/v7-m/nofp/crt0.o
LOAD CMakeFiles/Balance.elf.dir/Core/Src/gpio.c.obj
LOAD CMakeFiles/Balance.elf.dir/Core/Src/main.c.obj
LOAD CMakeFiles/Balance.elf.dir/Core/Src/stm32f1xx_hal_msp.c.obj
LOAD CMakeFiles/Balance.elf.dir/Core/Src/stm32f1xx_it.c.obj
LOAD CMakeFiles/Balance.elf.dir/Core/Src/syscalls.c.obj
LOAD CMakeFiles/Balance.elf.dir/Core/Src/system_stm32f1xx.c.obj
LOAD CMakeFiles/Balance.elf.dir/Core/Src/usart.c.obj
LOAD CMakeFiles/Balance.elf.dir/Drivers/STM32F1xx_HAL_Driver/Src/stm32f1xx_hal.c.obj
LOAD CMakeFiles/Balance.elf.dir/Drivers/STM32F1xx_HAL_Driver/Src/stm32f1xx_hal_cortex.c.obj
LOAD CMakeFiles/Balance.elf.dir/Drivers/STM32F1xx_HAL_Driver/Src/stm32f1xx_hal_dma.c.obj
LOAD CMakeFiles/Balance.elf.dir/Drivers/STM32F1xx_HAL_Driver/Src/stm32f1xx_hal_exti.c.obj
LOAD CMakeFiles/Balance.elf.dir/Drivers/STM32F1xx_HAL_Driver/Src/stm32f1xx_hal_flash.c.obj
LOAD CMakeFiles/Balance.elf.dir/Drivers/STM32F1xx_HAL_Driver/Src/stm32f1xx_hal_flash_ex.c.obj
LOAD CMakeFiles/Balance.elf.dir/Drivers/STM32F1xx_HAL_Driver/Src/stm32f1xx_hal_gpio.c.obj
LOAD CMakeFiles/Balance.elf.dir/Drivers/STM32F1xx_HAL_Driver/Src/stm32f1xx_hal_gpio_ex.c.obj
LOAD CMakeFiles/Balance.elf.dir/Drivers/STM32F1xx_HAL_Driver/Src/stm32f1xx_hal_pwr.c.obj
LOAD CMakeFiles/Balance.elf.dir/Drivers/STM32F1xx_HAL_Driver/Src/stm32f1xx_hal_rcc.c.obj
LOAD CMakeFiles/Balance.elf.dir/Drivers/STM32F1xx_HAL_Driver/Src/stm32f1xx_hal_rcc_ex.c.obj
LOAD CMakeFiles/Balance.elf.dir/Drivers/STM32F1xx_HAL_Driver/Src/stm32f1xx_hal_tim.c.obj
LOAD CMakeFiles/Balance.elf.dir/Drivers/STM32F1xx_HAL_Driver/Src/stm32f1xx_hal_tim_ex.c.obj
LOAD CMakeFiles/Balance.elf.dir/Drivers/STM32F1xx_HAL_Driver/Src/stm32f1xx_hal_uart.c.obj
LOAD CMakeFiles/Balance.elf.dir/Platform/retarget.c.obj
LOAD CMakeFiles/Balance.elf.dir/startup/startup_stm32f103xb.s.obj
START GROUP
LOAD c:/dev/tools/xpack-arm-none-eabi-gcc-9.2.1-1.1/bin/../lib/gcc/arm-none-eabi/9.2.1/thumb/v7-m/nofp\libgcc.a
LOAD c:/dev/tools/xpack-arm-none-eabi-gcc-9.2.1-1.1/bin/../lib/gcc/arm-none-eabi/9.2.1/../../../../arm-none-eabi/lib/thumb/v7-m/nofp\libg.a
LOAD c:/dev/tools/xpack-arm-none-eabi-gcc-9.2.1-1.1/bin/../lib/gcc/arm-none-eabi/9.2.1/../../../../arm-none-eabi/lib/thumb/v7-m/nofp\libc.a
END GROUP
LOAD c:/dev/tools/xpack-arm-none-eabi-gcc-9.2.1-1.1/bin/../lib/gcc/arm-none-eabi/9.2.1/thumb/v7-m/nofp/crtend.o
LOAD c:/dev/tools/xpack-arm-none-eabi-gcc-9.2.1-1.1/bin/../lib/gcc/arm-none-eabi/9.2.1/thumb/v7-m/nofp/crtn.o
                0x0000000020005000                _estack = (ORIGIN (RAM) + LENGTH (RAM))
                0x0000000000000200                _Min_Heap_Size = 0x200
                0x0000000000000400                _Min_Stack_Size = 0x400

.isr_vector     0x0000000008000000      0x10c
                0x0000000008000000                . = ALIGN (0x4)
 *(.isr_vector)
 .isr_vector    0x0000000008000000      0x10c CMakeFiles/Balance.elf.dir/startup/startup_stm32f103xb.s.obj
                0x0000000008000000                g_pfnVectors
                0x000000000800010c                . = ALIGN (0x4)

.text           0x0000000008000110     0x6f48
                0x0000000008000110                . = ALIGN (0x4)
 *(.text)
 .text          0x0000000008000110       0xec c:/dev/tools/xpack-arm-none-eabi-gcc-9.2.1-1.1/bin/../lib/gcc/arm-none-eabi/9.2.1/../../../../arm-none-eabi/lib/thumb/v7-m/nofp\libg.a(lib_a-memcpy.o)
                0x0000000008000110                memcpy
 .text          0x00000000080001fc      0x378 c:/dev/tools/xpack-arm-none-eabi-gcc-9.2.1-1.1/bin/../lib/gcc/arm-none-eabi/9.2.1/thumb/v7-m/nofp\libgcc.a(_arm_addsubdf3.o)
                0x00000000080001fc                __aeabi_drsub
                0x0000000008000204                __aeabi_dsub
                0x0000000008000204                __subdf3
                0x0000000008000208                __aeabi_dadd
                0x0000000008000208                __adddf3
                0x0000000008000480                __floatunsidf
                0x0000000008000480                __aeabi_ui2d
                0x00000000080004a0                __floatsidf
                0x00000000080004a0                __aeabi_i2d
                0x00000000080004c4                __aeabi_f2d
                0x00000000080004c4                __extendsfdf2
                0x0000000008000508                __floatundidf
                0x0000000008000508                __aeabi_ul2d
                0x0000000008000518                __floatdidf
                0x0000000008000518                __aeabi_l2d
 .text          0x0000000008000574      0x424 c:/dev/tools/xpack-arm-none-eabi-gcc-9.2.1-1.1/bin/../lib/gcc/arm-none-eabi/9.2.1/thumb/v7-m/nofp\libgcc.a(_arm_muldivdf3.o)
                0x0000000008000574                __aeabi_dmul
                0x0000000008000574                __muldf3
                0x00000000080007c8                __divdf3
                0x00000000080007c8                __aeabi_ddiv
 .text          0x0000000008000998      0x110 c:/dev/tools/xpack-arm-none-eabi-gcc-9.2.1-1.1/bin/../lib/gcc/arm-none-eabi/9.2.1/thumb/v7-m/nofp\libgcc.a(_arm_cmpdf2.o)
                0x0000000008000998                __gtdf2
                0x0000000008000998                __gedf2
                0x00000000080009a0                __ltdf2
                0x00000000080009a0                __ledf2
                0x00000000080009a8                __nedf2
                0x00000000080009a8                __eqdf2
                0x00000000080009a8                __cmpdf2
                0x0000000008000a24                __aeabi_cdrcmple
                0x0000000008000a34                __aeabi_cdcmpeq
                0x0000000008000a34                __aeabi_cdcmple
                0x0000000008000a44                __aeabi_dcmpeq
                0x0000000008000a58                __aeabi_dcmplt
                0x0000000008000a6c                __aeabi_dcmple
                0x0000000008000a80                __aeabi_dcmpge
                0x0000000008000a94                __aeabi_dcmpgt
 .text          0x0000000008000aa8       0x2c c:/dev/tools/xpack-arm-none-eabi-gcc-9.2.1-1.1/bin/../lib/gcc/arm-none-eabi/9.2.1/thumb/v7-m/nofp\libgcc.a(_arm_unorddf2.o)
                0x0000000008000aa8                __unorddf2
                0x0000000008000aa8                __aeabi_dcmpun
 .text          0x0000000008000ad4       0x50 c:/dev/tools/xpack-arm-none-eabi-gcc-9.2.1-1.1/bin/../lib/gcc/arm-none-eabi/9.2.1/thumb/v7-m/nofp\libgcc.a(_arm_fixdfsi.o)
                0x0000000008000ad4                __aeabi_d2iz
                0x0000000008000ad4                __fixdfsi
 .text          0x0000000008000b24       0x30 c:/dev/tools/xpack-arm-none-eabi-gcc-9.2.1-1.1/bin/../lib/gcc/arm-none-eabi/9.2.1/thumb/v7-m/nofp\libgcc.a(_aeabi_uldivmod.o)
                0x0000000008000b24                __aeabi_uldivmod
 .text          0x0000000008000b54        0x4 c:/dev/tools/xpack-arm-none-eabi-gcc-9.2.1-1.1/bin/../lib/gcc/arm-none-eabi/9.2.1/thumb/v7-m/nofp\libgcc.a(_dvmd_tls.o)
                0x0000000008000b54                __aeabi_idiv0
                0x0000000008000b54                __aeabi_ldiv0
 *(.text*)
 .text.__do_global_dtors_aux
                0x0000000008000b58       0x24 c:/dev/tools/xpack-arm-none-eabi-gcc-9.2.1-1.1/bin/../lib/gcc/arm-none-eabi/9.2.1/thumb/v7-m/nofp/crtbegin.o
 .text.frame_dummy
                0x0000000008000b7c       0x1c c:/dev/tools/xpack-arm-none-eabi-gcc-9.2.1-1.1/bin/../lib/gcc/arm-none-eabi/9.2.1/thumb/v7-m/nofp/crtbegin.o
 .text.MX_GPIO_Init
                0x0000000008000b98       0x30 CMakeFiles/Balance.elf.dir/Core/Src/gpio.c.obj
                0x0000000008000b98                MX_GPIO_Init
 .text.Error_Handler
                0x0000000008000bc8        0x4 CMakeFiles/Balance.elf.dir/Core/Src/main.c.obj
                0x0000000008000bc8                Error_Handler
 .text.SystemClock_Config
                0x0000000008000bcc       0x52 CMakeFiles/Balance.elf.dir/Core/Src/main.c.obj
                0x0000000008000bcc                SystemClock_Config
 *fill*         0x0000000008000c1e        0x2 
 .text.main     0x0000000008000c20       0x28 CMakeFiles/Balance.elf.dir/Core/Src/main.c.obj
                0x0000000008000c20                main
 .text.HAL_MspInit
                0x0000000008000c48       0x44 CMakeFiles/Balance.elf.dir/Core/Src/stm32f1xx_hal_msp.c.obj
                0x0000000008000c48                HAL_MspInit
 .text.NMI_Handler
                0x0000000008000c8c        0x2 CMakeFiles/Balance.elf.dir/Core/Src/stm32f1xx_it.c.obj
                0x0000000008000c8c                NMI_Handler
 .text.HardFault_Handler
                0x0000000008000c8e        0x2 CMakeFiles/Balance.elf.dir/Core/Src/stm32f1xx_it.c.obj
                0x0000000008000c8e                HardFault_Handler
 .text.MemManage_Handler
                0x0000000008000c90        0x2 CMakeFiles/Balance.elf.dir/Core/Src/stm32f1xx_it.c.obj
                0x0000000008000c90                MemManage_Handler
 .text.BusFault_Handler
                0x0000000008000c92        0x2 CMakeFiles/Balance.elf.dir/Core/Src/stm32f1xx_it.c.obj
                0x0000000008000c92                BusFault_Handler
 .text.UsageFault_Handler
                0x0000000008000c94        0x2 CMakeFiles/Balance.elf.dir/Core/Src/stm32f1xx_it.c.obj
                0x0000000008000c94                UsageFault_Handler
 .text.SVC_Handler
                0x0000000008000c96        0x2 CMakeFiles/Balance.elf.dir/Core/Src/stm32f1xx_it.c.obj
                0x0000000008000c96                SVC_Handler
 .text.DebugMon_Handler
                0x0000000008000c98        0x2 CMakeFiles/Balance.elf.dir/Core/Src/stm32f1xx_it.c.obj
                0x0000000008000c98                DebugMon_Handler
 .text.PendSV_Handler
                0x0000000008000c9a        0x2 CMakeFiles/Balance.elf.dir/Core/Src/stm32f1xx_it.c.obj
                0x0000000008000c9a                PendSV_Handler
 .text.SysTick_Handler
                0x0000000008000c9c        0x8 CMakeFiles/Balance.elf.dir/Core/Src/stm32f1xx_it.c.obj
                0x0000000008000c9c                SysTick_Handler
 .text._sbrk    0x0000000008000ca4       0x3c CMakeFiles/Balance.elf.dir/Core/Src/syscalls.c.obj
                0x0000000008000ca4                _sbrk
 .text.SystemInit
                0x0000000008000ce0        0x2 CMakeFiles/Balance.elf.dir/Core/Src/system_stm32f1xx.c.obj
                0x0000000008000ce0                SystemInit
 *fill*         0x0000000008000ce2        0x2 
 .text.MX_USART1_UART_Init
                0x0000000008000ce4       0x34 CMakeFiles/Balance.elf.dir/Core/Src/usart.c.obj
                0x0000000008000ce4                MX_USART1_UART_Init
 .text.HAL_UART_MspInit
                0x0000000008000d18       0x78 CMakeFiles/Balance.elf.dir/Core/Src/usart.c.obj
                0x0000000008000d18                HAL_UART_MspInit
 .text.HAL_InitTick
                0x0000000008000d90       0x4c CMakeFiles/Balance.elf.dir/Drivers/STM32F1xx_HAL_Driver/Src/stm32f1xx_hal.c.obj
                0x0000000008000d90                HAL_InitTick
 .text.HAL_Init
                0x0000000008000ddc       0x24 CMakeFiles/Balance.elf.dir/Drivers/STM32F1xx_HAL_Driver/Src/stm32f1xx_hal.c.obj
                0x0000000008000ddc                HAL_Init
 .text.HAL_IncTick
                0x0000000008000e00       0x18 CMakeFiles/Balance.elf.dir/Drivers/STM32F1xx_HAL_Driver/Src/stm32f1xx_hal.c.obj
                0x0000000008000e00                HAL_IncTick
 .text.HAL_GetTick
                0x0000000008000e18        0xc CMakeFiles/Balance.elf.dir/Drivers/STM32F1xx_HAL_Driver/Src/stm32f1xx_hal.c.obj
                0x0000000008000e18                HAL_GetTick
 .text.HAL_NVIC_SetPriorityGrouping
                0x0000000008000e24       0x24 CMakeFiles/Balance.elf.dir/Drivers/STM32F1xx_HAL_Driver/Src/stm32f1xx_hal_cortex.c.obj
                0x0000000008000e24                HAL_NVIC_SetPriorityGrouping
 .text.HAL_NVIC_SetPriority
                0x0000000008000e48       0x68 CMakeFiles/Balance.elf.dir/Drivers/STM32F1xx_HAL_Driver/Src/stm32f1xx_hal_cortex.c.obj
                0x0000000008000e48                HAL_NVIC_SetPriority
 .text.HAL_SYSTICK_Config
                0x0000000008000eb0       0x2c CMakeFiles/Balance.elf.dir/Drivers/STM32F1xx_HAL_Driver/Src/stm32f1xx_hal_cortex.c.obj
                0x0000000008000eb0                HAL_SYSTICK_Config
 .text.HAL_GPIO_Init
                0x0000000008000edc      0x220 CMakeFiles/Balance.elf.dir/Drivers/STM32F1xx_HAL_Driver/Src/stm32f1xx_hal_gpio.c.obj
                0x0000000008000edc                HAL_GPIO_Init
 .text.RCC_Delay
                0x00000000080010fc       0x2c CMakeFiles/Balance.elf.dir/Drivers/STM32F1xx_HAL_Driver/Src/stm32f1xx_hal_rcc.c.obj
 .text.HAL_RCC_OscConfig
                0x0000000008001128      0x410 CMakeFiles/Balance.elf.dir/Drivers/STM32F1xx_HAL_Driver/Src/stm32f1xx_hal_rcc.c.obj
                0x0000000008001128                HAL_RCC_OscConfig
 .text.HAL_RCC_GetSysClockFreq
                0x0000000008001538       0x6c CMakeFiles/Balance.elf.dir/Drivers/STM32F1xx_HAL_Driver/Src/stm32f1xx_hal_rcc.c.obj
                0x0000000008001538                HAL_RCC_GetSysClockFreq
 .text.HAL_RCC_ClockConfig
                0x00000000080015a4      0x16c CMakeFiles/Balance.elf.dir/Drivers/STM32F1xx_HAL_Driver/Src/stm32f1xx_hal_rcc.c.obj
                0x00000000080015a4                HAL_RCC_ClockConfig
 .text.HAL_RCC_GetHCLKFreq
                0x0000000008001710        0xc CMakeFiles/Balance.elf.dir/Drivers/STM32F1xx_HAL_Driver/Src/stm32f1xx_hal_rcc.c.obj
                0x0000000008001710                HAL_RCC_GetHCLKFreq
 .text.HAL_RCC_GetPCLK1Freq
                0x000000000800171c       0x20 CMakeFiles/Balance.elf.dir/Drivers/STM32F1xx_HAL_Driver/Src/stm32f1xx_hal_rcc.c.obj
                0x000000000800171c                HAL_RCC_GetPCLK1Freq
 .text.HAL_RCC_GetPCLK2Freq
                0x000000000800173c       0x20 CMakeFiles/Balance.elf.dir/Drivers/STM32F1xx_HAL_Driver/Src/stm32f1xx_hal_rcc.c.obj
                0x000000000800173c                HAL_RCC_GetPCLK2Freq
 .text.UART_SetConfig
                0x000000000800175c       0x90 CMakeFiles/Balance.elf.dir/Drivers/STM32F1xx_HAL_Driver/Src/stm32f1xx_hal_uart.c.obj
 .text.UART_WaitOnFlagUntilTimeout
                0x00000000080017ec       0x68 CMakeFiles/Balance.elf.dir/Drivers/STM32F1xx_HAL_Driver/Src/stm32f1xx_hal_uart.c.obj
 .text.HAL_UART_Init
                0x0000000008001854       0x5e CMakeFiles/Balance.elf.dir/Drivers/STM32F1xx_HAL_Driver/Src/stm32f1xx_hal_uart.c.obj
                0x0000000008001854                HAL_UART_Init
 .text.HAL_UART_Transmit
                0x00000000080018b2       0xd8 CMakeFiles/Balance.elf.dir/Drivers/STM32F1xx_HAL_Driver/Src/stm32f1xx_hal_uart.c.obj
                0x00000000080018b2                HAL_UART_Transmit
 .text.HAL_UART_Receive
                0x000000000800198a       0xe4 CMakeFiles/Balance.elf.dir/Drivers/STM32F1xx_HAL_Driver/Src/stm32f1xx_hal_uart.c.obj
                0x000000000800198a                HAL_UART_Receive
 *fill*         0x0000000008001a6e        0x2 
 .text.RetargetInit
                0x0000000008001a70       0x20 CMakeFiles/Balance.elf.dir/Platform/retarget.c.obj
                0x0000000008001a70                RetargetInit
 .text._isatty  0x0000000008001a90       0x16 CMakeFiles/Balance.elf.dir/Platform/retarget.c.obj
                0x0000000008001a90                _isatty
 *fill*         0x0000000008001aa6        0x2 
 .text._write   0x0000000008001aa8       0x28 CMakeFiles/Balance.elf.dir/Platform/retarget.c.obj
                0x0000000008001aa8                _write
 .text._close   0x0000000008001ad0       0x18 CMakeFiles/Balance.elf.dir/Platform/retarget.c.obj
                0x0000000008001ad0                _close
 .text._lseek   0x0000000008001ae8       0x10 CMakeFiles/Balance.elf.dir/Platform/retarget.c.obj
                0x0000000008001ae8                _lseek
 .text._read    0x0000000008001af8       0x30 CMakeFiles/Balance.elf.dir/Platform/retarget.c.obj
                0x0000000008001af8                _read
 .text._fstat   0x0000000008001b28       0x1a CMakeFiles/Balance.elf.dir/Platform/retarget.c.obj
                0x0000000008001b28                _fstat
 *fill*         0x0000000008001b42        0x2 
 .text.Reset_Handler
                0x0000000008001b44       0x48 CMakeFiles/Balance.elf.dir/startup/startup_stm32f103xb.s.obj
                0x0000000008001b44                Reset_Handler
 .text.Default_Handler
                0x0000000008001b8c        0x2 CMakeFiles/Balance.elf.dir/startup/startup_stm32f103xb.s.obj
                0x0000000008001b8c                RTC_Alarm_IRQHandler
                0x0000000008001b8c                EXTI2_IRQHandler
                0x0000000008001b8c                TIM1_CC_IRQHandler
                0x0000000008001b8c                PVD_IRQHandler
                0x0000000008001b8c                EXTI3_IRQHandler
                0x0000000008001b8c                EXTI0_IRQHandler
                0x0000000008001b8c                I2C2_EV_IRQHandler
                0x0000000008001b8c                ADC1_2_IRQHandler
                0x0000000008001b8c                SPI1_IRQHandler
                0x0000000008001b8c                TAMPER_IRQHandler
                0x0000000008001b8c                DMA1_Channel4_IRQHandler
                0x0000000008001b8c                USART3_IRQHandler
                0x0000000008001b8c                RTC_IRQHandler
                0x0000000008001b8c                DMA1_Channel7_IRQHandler
                0x0000000008001b8c                CAN1_RX1_IRQHandler
                0x0000000008001b8c                TIM4_IRQHandler
                0x0000000008001b8c                I2C1_EV_IRQHandler
                0x0000000008001b8c                DMA1_Channel6_IRQHandler
                0x0000000008001b8c                TIM3_IRQHandler
                0x0000000008001b8c                RCC_IRQHandler
                0x0000000008001b8c                TIM1_TRG_COM_IRQHandler
                0x0000000008001b8c                DMA1_Channel1_IRQHandler
                0x0000000008001b8c                Default_Handler
                0x0000000008001b8c                EXTI15_10_IRQHandler
                0x0000000008001b8c                EXTI9_5_IRQHandler
                0x0000000008001b8c                SPI2_IRQHandler
                0x0000000008001b8c                DMA1_Channel5_IRQHandler
                0x0000000008001b8c                EXTI4_IRQHandler
                0x0000000008001b8c                USB_LP_CAN1_RX0_IRQHandler
                0x0000000008001b8c                USB_HP_CAN1_TX_IRQHandler
                0x0000000008001b8c                DMA1_Channel3_IRQHandler
                0x0000000008001b8c                TIM1_UP_IRQHandler
                0x0000000008001b8c                WWDG_IRQHandler
                0x0000000008001b8c                TIM2_IRQHandler
                0x0000000008001b8c                TIM1_BRK_IRQHandler
                0x0000000008001b8c                EXTI1_IRQHandler
                0x0000000008001b8c                USART2_IRQHandler
                0x0000000008001b8c                I2C2_ER_IRQHandler
                0x0000000008001b8c                DMA1_Channel2_IRQHandler
                0x0000000008001b8c                CAN1_SCE_IRQHandler
                0x0000000008001b8c                FLASH_IRQHandler
                0x0000000008001b8c                USART1_IRQHandler
                0x0000000008001b8c                I2C1_ER_IRQHandler
                0x0000000008001b8c                USBWakeUp_IRQHandler
 *fill*         0x0000000008001b8e        0x2 
 .text.__errno  0x0000000008001b90        0xc c:/dev/tools/xpack-arm-none-eabi-gcc-9.2.1-1.1/bin/../lib/gcc/arm-none-eabi/9.2.1/../../../../arm-none-eabi/lib/thumb/v7-m/nofp\libg.a(lib_a-errno.o)
                0x0000000008001b90                __errno
 .text.__libc_init_array
                0x0000000008001b9c       0x48 c:/dev/tools/xpack-arm-none-eabi-gcc-9.2.1-1.1/bin/../lib/gcc/arm-none-eabi/9.2.1/../../../../arm-none-eabi/lib/thumb/v7-m/nofp\libg.a(lib_a-init.o)
                0x0000000008001b9c                __libc_init_array
 .text.memset   0x0000000008001be4       0xa0 c:/dev/tools/xpack-arm-none-eabi-gcc-9.2.1-1.1/bin/../lib/gcc/arm-none-eabi/9.2.1/../../../../arm-none-eabi/lib/thumb/v7-m/nofp\libg.a(lib_a-memset.o)
                0x0000000008001be4                memset
 .text.printf   0x0000000008001c84       0x28 c:/dev/tools/xpack-arm-none-eabi-gcc-9.2.1-1.1/bin/../lib/gcc/arm-none-eabi/9.2.1/../../../../arm-none-eabi/lib/thumb/v7-m/nofp\libg.a(lib_a-printf.o)
                0x0000000008001c84                printf
 .text.setvbuf  0x0000000008001cac      0x1a0 c:/dev/tools/xpack-arm-none-eabi-gcc-9.2.1-1.1/bin/../lib/gcc/arm-none-eabi/9.2.1/../../../../arm-none-eabi/lib/thumb/v7-m/nofp\libg.a(lib_a-setvbuf.o)
                0x0000000008001cac                setvbuf
 .text._vfprintf_r
                0x0000000008001e4c     0x1c18 c:/dev/tools/xpack-arm-none-eabi-gcc-9.2.1-1.1/bin/../lib/gcc/arm-none-eabi/9.2.1/../../../../arm-none-eabi/lib/thumb/v7-m/nofp\libg.a(lib_a-vfprintf.o)
                0x0000000008001e4c                _vfprintf_r
 .text.__sbprintf
                0x0000000008003a64       0x88 c:/dev/tools/xpack-arm-none-eabi-gcc-9.2.1-1.1/bin/../lib/gcc/arm-none-eabi/9.2.1/../../../../arm-none-eabi/lib/thumb/v7-m/nofp\libg.a(lib_a-vfprintf.o)
 .text.__swsetup_r
                0x0000000008003aec       0xd0 c:/dev/tools/xpack-arm-none-eabi-gcc-9.2.1-1.1/bin/../lib/gcc/arm-none-eabi/9.2.1/../../../../arm-none-eabi/lib/thumb/v7-m/nofp\libg.a(lib_a-wsetup.o)
                0x0000000008003aec                __swsetup_r
 .text.startup.register_fini
                0x0000000008003bbc       0x14 c:/dev/tools/xpack-arm-none-eabi-gcc-9.2.1-1.1/bin/../lib/gcc/arm-none-eabi/9.2.1/../../../../arm-none-eabi/lib/thumb/v7-m/nofp\libg.a(lib_a-__call_atexit.o)
 .text.atexit   0x0000000008003bd0        0xc c:/dev/tools/xpack-arm-none-eabi-gcc-9.2.1-1.1/bin/../lib/gcc/arm-none-eabi/9.2.1/../../../../arm-none-eabi/lib/thumb/v7-m/nofp\libg.a(lib_a-atexit.o)
                0x0000000008003bd0                atexit
 .text.quorem   0x0000000008003bdc      0x120 c:/dev/tools/xpack-arm-none-eabi-gcc-9.2.1-1.1/bin/../lib/gcc/arm-none-eabi/9.2.1/../../../../arm-none-eabi/lib/thumb/v7-m/nofp\libg.a(lib_a-dtoa.o)
 *fill*         0x0000000008003cfc        0x4 
 .text._dtoa_r  0x0000000008003d00      0xe8c c:/dev/tools/xpack-arm-none-eabi-gcc-9.2.1-1.1/bin/../lib/gcc/arm-none-eabi/9.2.1/../../../../arm-none-eabi/lib/thumb/v7-m/nofp\libg.a(lib_a-dtoa.o)
                0x0000000008003d00                _dtoa_r
 .text.__sflush_r
                0x0000000008004b8c      0x130 c:/dev/tools/xpack-arm-none-eabi-gcc-9.2.1-1.1/bin/../lib/gcc/arm-none-eabi/9.2.1/../../../../arm-none-eabi/lib/thumb/v7-m/nofp\libg.a(lib_a-fflush.o)
                0x0000000008004b8c                __sflush_r
 .text._fflush_r
                0x0000000008004cbc       0x5c c:/dev/tools/xpack-arm-none-eabi-gcc-9.2.1-1.1/bin/../lib/gcc/arm-none-eabi/9.2.1/../../../../arm-none-eabi/lib/thumb/v7-m/nofp\libg.a(lib_a-fflush.o)
                0x0000000008004cbc                _fflush_r
 .text.std      0x0000000008004d18       0x50 c:/dev/tools/xpack-arm-none-eabi-gcc-9.2.1-1.1/bin/../lib/gcc/arm-none-eabi/9.2.1/../../../../arm-none-eabi/lib/thumb/v7-m/nofp\libg.a(lib_a-findfp.o)
 .text._cleanup_r
                0x0000000008004d68        0xc c:/dev/tools/xpack-arm-none-eabi-gcc-9.2.1-1.1/bin/../lib/gcc/arm-none-eabi/9.2.1/../../../../arm-none-eabi/lib/thumb/v7-m/nofp\libg.a(lib_a-findfp.o)
                0x0000000008004d68                _cleanup_r
 .text.__sinit  0x0000000008004d74       0x5c c:/dev/tools/xpack-arm-none-eabi-gcc-9.2.1-1.1/bin/../lib/gcc/arm-none-eabi/9.2.1/../../../../arm-none-eabi/lib/thumb/v7-m/nofp\libg.a(lib_a-findfp.o)
                0x0000000008004d74                __sinit
 .text.__sfp_lock_acquire
                0x0000000008004dd0        0xc c:/dev/tools/xpack-arm-none-eabi-gcc-9.2.1-1.1/bin/../lib/gcc/arm-none-eabi/9.2.1/../../../../arm-none-eabi/lib/thumb/v7-m/nofp\libg.a(lib_a-findfp.o)
                0x0000000008004dd0                __sfp_lock_acquire
 .text.__sfp_lock_release
                0x0000000008004ddc        0xc c:/dev/tools/xpack-arm-none-eabi-gcc-9.2.1-1.1/bin/../lib/gcc/arm-none-eabi/9.2.1/../../../../arm-none-eabi/lib/thumb/v7-m/nofp\libg.a(lib_a-findfp.o)
                0x0000000008004ddc                __sfp_lock_release
 .text.__libc_fini_array
                0x0000000008004de8       0x2c c:/dev/tools/xpack-arm-none-eabi-gcc-9.2.1-1.1/bin/../lib/gcc/arm-none-eabi/9.2.1/../../../../arm-none-eabi/lib/thumb/v7-m/nofp\libg.a(lib_a-fini.o)
                0x0000000008004de8                __libc_fini_array
 .text._malloc_trim_r
                0x0000000008004e14       0xa0 c:/dev/tools/xpack-arm-none-eabi-gcc-9.2.1-1.1/bin/../lib/gcc/arm-none-eabi/9.2.1/../../../../arm-none-eabi/lib/thumb/v7-m/nofp\libg.a(lib_a-freer.o)
                0x0000000008004e14                _malloc_trim_r
 .text._free_r  0x0000000008004eb4      0x20c c:/dev/tools/xpack-arm-none-eabi-gcc-9.2.1-1.1/bin/../lib/gcc/arm-none-eabi/9.2.1/../../../../arm-none-eabi/lib/thumb/v7-m/nofp\libg.a(lib_a-freer.o)
                0x0000000008004eb4                _free_r
 .text._fwalk_reent
                0x00000000080050c0       0x48 c:/dev/tools/xpack-arm-none-eabi-gcc-9.2.1-1.1/bin/../lib/gcc/arm-none-eabi/9.2.1/../../../../arm-none-eabi/lib/thumb/v7-m/nofp\libg.a(lib_a-fwalk.o)
                0x00000000080050c0                _fwalk_reent
 .text._localeconv_r
                0x0000000008005108        0x8 c:/dev/tools/xpack-arm-none-eabi-gcc-9.2.1-1.1/bin/../lib/gcc/arm-none-eabi/9.2.1/../../../../arm-none-eabi/lib/thumb/v7-m/nofp\libg.a(lib_a-localeconv.o)
                0x0000000008005108                _localeconv_r
 .text.__retarget_lock_init_recursive
                0x0000000008005110        0x4 c:/dev/tools/xpack-arm-none-eabi-gcc-9.2.1-1.1/bin/../lib/gcc/arm-none-eabi/9.2.1/../../../../arm-none-eabi/lib/thumb/v7-m/nofp\libg.a(lib_a-lock.o)
                0x0000000008005110                __retarget_lock_init_recursive
 .text.__retarget_lock_close_recursive
                0x0000000008005114        0x4 c:/dev/tools/xpack-arm-none-eabi-gcc-9.2.1-1.1/bin/../lib/gcc/arm-none-eabi/9.2.1/../../../../arm-none-eabi/lib/thumb/v7-m/nofp\libg.a(lib_a-lock.o)
                0x0000000008005114                __retarget_lock_close_recursive
 .text.__retarget_lock_acquire_recursive
                0x0000000008005118        0x4 c:/dev/tools/xpack-arm-none-eabi-gcc-9.2.1-1.1/bin/../lib/gcc/arm-none-eabi/9.2.1/../../../../arm-none-eabi/lib/thumb/v7-m/nofp\libg.a(lib_a-lock.o)
                0x0000000008005118                __retarget_lock_acquire_recursive
 .text.__retarget_lock_release_recursive
                0x000000000800511c        0x4 c:/dev/tools/xpack-arm-none-eabi-gcc-9.2.1-1.1/bin/../lib/gcc/arm-none-eabi/9.2.1/../../../../arm-none-eabi/lib/thumb/v7-m/nofp\libg.a(lib_a-lock.o)
                0x000000000800511c                __retarget_lock_release_recursive
 .text.__swhatbuf_r
                0x0000000008005120       0x5c c:/dev/tools/xpack-arm-none-eabi-gcc-9.2.1-1.1/bin/../lib/gcc/arm-none-eabi/9.2.1/../../../../arm-none-eabi/lib/thumb/v7-m/nofp\libg.a(lib_a-makebuf.o)
                0x0000000008005120                __swhatbuf_r
 .text.__smakebuf_r
                0x000000000800517c       0x94 c:/dev/tools/xpack-arm-none-eabi-gcc-9.2.1-1.1/bin/../lib/gcc/arm-none-eabi/9.2.1/../../../../arm-none-eabi/lib/thumb/v7-m/nofp\libg.a(lib_a-makebuf.o)
                0x000000000800517c                __smakebuf_r
 .text.malloc   0x0000000008005210       0x10 c:/dev/tools/xpack-arm-none-eabi-gcc-9.2.1-1.1/bin/../lib/gcc/arm-none-eabi/9.2.1/../../../../arm-none-eabi/lib/thumb/v7-m/nofp\libg.a(lib_a-malloc.o)
                0x0000000008005210                malloc
 .text._malloc_r
                0x0000000008005220      0x55c c:/dev/tools/xpack-arm-none-eabi-gcc-9.2.1-1.1/bin/../lib/gcc/arm-none-eabi/9.2.1/../../../../arm-none-eabi/lib/thumb/v7-m/nofp\libg.a(lib_a-mallocr.o)
                0x0000000008005220                _malloc_r
 .text.memchr   0x000000000800577c       0x80 c:/dev/tools/xpack-arm-none-eabi-gcc-9.2.1-1.1/bin/../lib/gcc/arm-none-eabi/9.2.1/../../../../arm-none-eabi/lib/thumb/v7-m/nofp\libg.a(lib_a-memchr-stub.o)
                0x000000000800577c                memchr
 .text.__malloc_lock
                0x00000000080057fc        0xc c:/dev/tools/xpack-arm-none-eabi-gcc-9.2.1-1.1/bin/../lib/gcc/arm-none-eabi/9.2.1/../../../../arm-none-eabi/lib/thumb/v7-m/nofp\libg.a(lib_a-mlock.o)
                0x00000000080057fc                __malloc_lock
 .text.__malloc_unlock
                0x0000000008005808        0xc c:/dev/tools/xpack-arm-none-eabi-gcc-9.2.1-1.1/bin/../lib/gcc/arm-none-eabi/9.2.1/../../../../arm-none-eabi/lib/thumb/v7-m/nofp\libg.a(lib_a-mlock.o)
                0x0000000008005808                __malloc_unlock
 .text._Balloc  0x0000000008005814       0x4c c:/dev/tools/xpack-arm-none-eabi-gcc-9.2.1-1.1/bin/../lib/gcc/arm-none-eabi/9.2.1/../../../../arm-none-eabi/lib/thumb/v7-m/nofp\libg.a(lib_a-mprec.o)
                0x0000000008005814                _Balloc
 .text._Bfree   0x0000000008005860       0x14 c:/dev/tools/xpack-arm-none-eabi-gcc-9.2.1-1.1/bin/../lib/gcc/arm-none-eabi/9.2.1/../../../../arm-none-eabi/lib/thumb/v7-m/nofp\libg.a(lib_a-mprec.o)
                0x0000000008005860                _Bfree
 .text.__multadd
                0x0000000008005874       0x7c c:/dev/tools/xpack-arm-none-eabi-gcc-9.2.1-1.1/bin/../lib/gcc/arm-none-eabi/9.2.1/../../../../arm-none-eabi/lib/thumb/v7-m/nofp\libg.a(lib_a-mprec.o)
                0x0000000008005874                __multadd
 .text.__hi0bits
                0x00000000080058f0       0x40 c:/dev/tools/xpack-arm-none-eabi-gcc-9.2.1-1.1/bin/../lib/gcc/arm-none-eabi/9.2.1/../../../../arm-none-eabi/lib/thumb/v7-m/nofp\libg.a(lib_a-mprec.o)
                0x00000000080058f0                __hi0bits
 .text.__lo0bits
                0x0000000008005930       0x60 c:/dev/tools/xpack-arm-none-eabi-gcc-9.2.1-1.1/bin/../lib/gcc/arm-none-eabi/9.2.1/../../../../arm-none-eabi/lib/thumb/v7-m/nofp\libg.a(lib_a-mprec.o)
                0x0000000008005930                __lo0bits
 .text.__i2b    0x0000000008005990       0x14 c:/dev/tools/xpack-arm-none-eabi-gcc-9.2.1-1.1/bin/../lib/gcc/arm-none-eabi/9.2.1/../../../../arm-none-eabi/lib/thumb/v7-m/nofp\libg.a(lib_a-mprec.o)
                0x0000000008005990                __i2b
 .text.__multiply
                0x00000000080059a4      0x144 c:/dev/tools/xpack-arm-none-eabi-gcc-9.2.1-1.1/bin/../lib/gcc/arm-none-eabi/9.2.1/../../../../arm-none-eabi/lib/thumb/v7-m/nofp\libg.a(lib_a-mprec.o)
                0x00000000080059a4                __multiply
 .text.__pow5mult
                0x0000000008005ae8       0xa0 c:/dev/tools/xpack-arm-none-eabi-gcc-9.2.1-1.1/bin/../lib/gcc/arm-none-eabi/9.2.1/../../../../arm-none-eabi/lib/thumb/v7-m/nofp\libg.a(lib_a-mprec.o)
                0x0000000008005ae8                __pow5mult
 .text.__lshift
                0x0000000008005b88       0xd0 c:/dev/tools/xpack-arm-none-eabi-gcc-9.2.1-1.1/bin/../lib/gcc/arm-none-eabi/9.2.1/../../../../arm-none-eabi/lib/thumb/v7-m/nofp\libg.a(lib_a-mprec.o)
                0x0000000008005b88                __lshift
 .text.__mcmp   0x0000000008005c58       0x3c c:/dev/tools/xpack-arm-none-eabi-gcc-9.2.1-1.1/bin/../lib/gcc/arm-none-eabi/9.2.1/../../../../arm-none-eabi/lib/thumb/v7-m/nofp\libg.a(lib_a-mprec.o)
                0x0000000008005c58                __mcmp
 .text.__mdiff  0x0000000008005c94      0x138 c:/dev/tools/xpack-arm-none-eabi-gcc-9.2.1-1.1/bin/../lib/gcc/arm-none-eabi/9.2.1/../../../../arm-none-eabi/lib/thumb/v7-m/nofp\libg.a(lib_a-mprec.o)
                0x0000000008005c94                __mdiff
 .text.__d2b    0x0000000008005dcc       0xa8 c:/dev/tools/xpack-arm-none-eabi-gcc-9.2.1-1.1/bin/../lib/gcc/arm-none-eabi/9.2.1/../../../../arm-none-eabi/lib/thumb/v7-m/nofp\libg.a(lib_a-mprec.o)
                0x0000000008005dcc                __d2b
 .text.frexp    0x0000000008005e74       0x70 c:/dev/tools/xpack-arm-none-eabi-gcc-9.2.1-1.1/bin/../lib/gcc/arm-none-eabi/9.2.1/../../../../arm-none-eabi/lib/thumb/v7-m/nofp\libg.a(lib_a-s_frexp.o)
                0x0000000008005e74                frexp
 .text._sbrk_r  0x0000000008005ee4       0x24 c:/dev/tools/xpack-arm-none-eabi-gcc-9.2.1-1.1/bin/../lib/gcc/arm-none-eabi/9.2.1/../../../../arm-none-eabi/lib/thumb/v7-m/nofp\libg.a(lib_a-sbrkr.o)
                0x0000000008005ee4                _sbrk_r
 .text.__sread  0x0000000008005f08       0x24 c:/dev/tools/xpack-arm-none-eabi-gcc-9.2.1-1.1/bin/../lib/gcc/arm-none-eabi/9.2.1/../../../../arm-none-eabi/lib/thumb/v7-m/nofp\libg.a(lib_a-stdio.o)
                0x0000000008005f08                __sread
 .text.__swrite
                0x0000000008005f2c       0x40 c:/dev/tools/xpack-arm-none-eabi-gcc-9.2.1-1.1/bin/../lib/gcc/arm-none-eabi/9.2.1/../../../../arm-none-eabi/lib/thumb/v7-m/nofp\libg.a(lib_a-stdio.o)
                0x0000000008005f2c                __swrite
 .text.__sseek  0x0000000008005f6c       0x20 c:/dev/tools/xpack-arm-none-eabi-gcc-9.2.1-1.1/bin/../lib/gcc/arm-none-eabi/9.2.1/../../../../arm-none-eabi/lib/thumb/v7-m/nofp\libg.a(lib_a-stdio.o)
                0x0000000008005f6c                __sseek
 .text.__sclose
                0x0000000008005f8c        0x8 c:/dev/tools/xpack-arm-none-eabi-gcc-9.2.1-1.1/bin/../lib/gcc/arm-none-eabi/9.2.1/../../../../arm-none-eabi/lib/thumb/v7-m/nofp\libg.a(lib_a-stdio.o)
                0x0000000008005f8c                __sclose
 .text.strlen   0x0000000008005f94       0x5c c:/dev/tools/xpack-arm-none-eabi-gcc-9.2.1-1.1/bin/../lib/gcc/arm-none-eabi/9.2.1/../../../../arm-none-eabi/lib/thumb/v7-m/nofp\libg.a(lib_a-strlen-stub.o)
                0x0000000008005f94                strlen
 .text.strncpy  0x0000000008005ff0       0x68 c:/dev/tools/xpack-arm-none-eabi-gcc-9.2.1-1.1/bin/../lib/gcc/arm-none-eabi/9.2.1/../../../../arm-none-eabi/lib/thumb/v7-m/nofp\libg.a(lib_a-strncpy.o)
                0x0000000008005ff0                strncpy
 .text.__sprint_r.part.0
                0x0000000008006058       0x78 c:/dev/tools/xpack-arm-none-eabi-gcc-9.2.1-1.1/bin/../lib/gcc/arm-none-eabi/9.2.1/../../../../arm-none-eabi/lib/thumb/v7-m/nofp\libg.a(lib_a-vfiprintf.o)
 .text.__sprint_r
                0x00000000080060d0       0x14 c:/dev/tools/xpack-arm-none-eabi-gcc-9.2.1-1.1/bin/../lib/gcc/arm-none-eabi/9.2.1/../../../../arm-none-eabi/lib/thumb/v7-m/nofp\libg.a(lib_a-vfiprintf.o)
                0x00000000080060d0                __sprint_r
 .text._write_r
                0x00000000080060e4       0x2c c:/dev/tools/xpack-arm-none-eabi-gcc-9.2.1-1.1/bin/../lib/gcc/arm-none-eabi/9.2.1/../../../../arm-none-eabi/lib/thumb/v7-m/nofp\libg.a(lib_a-writer.o)
                0x00000000080060e4                _write_r
 .text.__register_exitproc
                0x0000000008006110       0x8c c:/dev/tools/xpack-arm-none-eabi-gcc-9.2.1-1.1/bin/../lib/gcc/arm-none-eabi/9.2.1/../../../../arm-none-eabi/lib/thumb/v7-m/nofp\libg.a(lib_a-__atexit.o)
                0x0000000008006110                __register_exitproc
 .text._calloc_r
                0x000000000800619c       0x60 c:/dev/tools/xpack-arm-none-eabi-gcc-9.2.1-1.1/bin/../lib/gcc/arm-none-eabi/9.2.1/../../../../arm-none-eabi/lib/thumb/v7-m/nofp\libg.a(lib_a-callocr.o)
                0x000000000800619c                _calloc_r
 .text._close_r
                0x00000000080061fc       0x24 c:/dev/tools/xpack-arm-none-eabi-gcc-9.2.1-1.1/bin/../lib/gcc/arm-none-eabi/9.2.1/../../../../arm-none-eabi/lib/thumb/v7-m/nofp\libg.a(lib_a-closer.o)
                0x00000000080061fc                _close_r
 .text._fclose_r
                0x0000000008006220       0xcc c:/dev/tools/xpack-arm-none-eabi-gcc-9.2.1-1.1/bin/../lib/gcc/arm-none-eabi/9.2.1/../../../../arm-none-eabi/lib/thumb/v7-m/nofp\libg.a(lib_a-fclose.o)
                0x0000000008006220                _fclose_r
 .text.__fputwc
                0x00000000080062ec       0xa0 c:/dev/tools/xpack-arm-none-eabi-gcc-9.2.1-1.1/bin/../lib/gcc/arm-none-eabi/9.2.1/../../../../arm-none-eabi/lib/thumb/v7-m/nofp\libg.a(lib_a-fputwc.o)
                0x00000000080062ec                __fputwc
 .text._fputwc_r
                0x000000000800638c       0x68 c:/dev/tools/xpack-arm-none-eabi-gcc-9.2.1-1.1/bin/../lib/gcc/arm-none-eabi/9.2.1/../../../../arm-none-eabi/lib/thumb/v7-m/nofp\libg.a(lib_a-fputwc.o)
                0x000000000800638c                _fputwc_r
 .text._fstat_r
                0x00000000080063f4       0x2c c:/dev/tools/xpack-arm-none-eabi-gcc-9.2.1-1.1/bin/../lib/gcc/arm-none-eabi/9.2.1/../../../../arm-none-eabi/lib/thumb/v7-m/nofp\libg.a(lib_a-fstatr.o)
                0x00000000080063f4                _fstat_r
 .text.__sfvwrite_r
                0x0000000008006420      0x2ec c:/dev/tools/xpack-arm-none-eabi-gcc-9.2.1-1.1/bin/../lib/gcc/arm-none-eabi/9.2.1/../../../../arm-none-eabi/lib/thumb/v7-m/nofp\libg.a(lib_a-fvwrite.o)
                0x0000000008006420                __sfvwrite_r
 .text._isatty_r
                0x000000000800670c       0x24 c:/dev/tools/xpack-arm-none-eabi-gcc-9.2.1-1.1/bin/../lib/gcc/arm-none-eabi/9.2.1/../../../../arm-none-eabi/lib/thumb/v7-m/nofp\libg.a(lib_a-isattyr.o)
                0x000000000800670c                _isatty_r
 .text.__locale_mb_cur_max
                0x0000000008006730        0xc c:/dev/tools/xpack-arm-none-eabi-gcc-9.2.1-1.1/bin/../lib/gcc/arm-none-eabi/9.2.1/../../../../arm-none-eabi/lib/thumb/v7-m/nofp\libg.a(lib_a-locale.o)
                0x0000000008006730                __locale_mb_cur_max
 .text._lseek_r
                0x000000000800673c       0x2c c:/dev/tools/xpack-arm-none-eabi-gcc-9.2.1-1.1/bin/../lib/gcc/arm-none-eabi/9.2.1/../../../../arm-none-eabi/lib/thumb/v7-m/nofp\libg.a(lib_a-lseekr.o)
                0x000000000800673c                _lseek_r
 .text.__ascii_mbtowc
                0x0000000008006768       0x2c c:/dev/tools/xpack-arm-none-eabi-gcc-9.2.1-1.1/bin/../lib/gcc/arm-none-eabi/9.2.1/../../../../arm-none-eabi/lib/thumb/v7-m/nofp\libg.a(lib_a-mbtowc_r.o)
                0x0000000008006768                __ascii_mbtowc
 .text.memmove  0x0000000008006794       0xd4 c:/dev/tools/xpack-arm-none-eabi-gcc-9.2.1-1.1/bin/../lib/gcc/arm-none-eabi/9.2.1/../../../../arm-none-eabi/lib/thumb/v7-m/nofp\libg.a(lib_a-memmove.o)
                0x0000000008006794                memmove
 .text._read_r  0x0000000008006868       0x2c c:/dev/tools/xpack-arm-none-eabi-gcc-9.2.1-1.1/bin/../lib/gcc/arm-none-eabi/9.2.1/../../../../arm-none-eabi/lib/thumb/v7-m/nofp\libg.a(lib_a-readr.o)
                0x0000000008006868                _read_r
 .text._realloc_r
                0x0000000008006894      0x3e0 c:/dev/tools/xpack-arm-none-eabi-gcc-9.2.1-1.1/bin/../lib/gcc/arm-none-eabi/9.2.1/../../../../arm-none-eabi/lib/thumb/v7-m/nofp\libg.a(lib_a-reallocr.o)
                0x0000000008006894                _realloc_r
 .text.__swbuf_r
                0x0000000008006c74       0xb0 c:/dev/tools/xpack-arm-none-eabi-gcc-9.2.1-1.1/bin/../lib/gcc/arm-none-eabi/9.2.1/../../../../arm-none-eabi/lib/thumb/v7-m/nofp\libg.a(lib_a-wbuf.o)
                0x0000000008006c74                __swbuf_r
 .text._wcrtomb_r
                0x0000000008006d24       0x3c c:/dev/tools/xpack-arm-none-eabi-gcc-9.2.1-1.1/bin/../lib/gcc/arm-none-eabi/9.2.1/../../../../arm-none-eabi/lib/thumb/v7-m/nofp\libg.a(lib_a-wcrtomb.o)
                0x0000000008006d24                _wcrtomb_r
 .text.__ascii_wctomb
                0x0000000008006d60       0x1c c:/dev/tools/xpack-arm-none-eabi-gcc-9.2.1-1.1/bin/../lib/gcc/arm-none-eabi/9.2.1/../../../../arm-none-eabi/lib/thumb/v7-m/nofp\libg.a(lib_a-wctomb_r.o)
                0x0000000008006d60                __ascii_wctomb
 .text.__udivmoddi4
                0x0000000008006d7c      0x2c4 c:/dev/tools/xpack-arm-none-eabi-gcc-9.2.1-1.1/bin/../lib/gcc/arm-none-eabi/9.2.1/thumb/v7-m/nofp\libgcc.a(_udivmoddi4.o)
                0x0000000008006d7c                __udivmoddi4
 *(.glue_7)
 .glue_7        0x0000000008007040        0x0 linker stubs
 *(.glue_7t)
 .glue_7t       0x0000000008007040        0x0 linker stubs
 *(.eh_frame)
 .eh_frame      0x0000000008007040        0x0 c:/dev/tools/xpack-arm-none-eabi-gcc-9.2.1-1.1/bin/../lib/gcc/arm-none-eabi/9.2.1/thumb/v7-m/nofp/crtbegin.o
 *(.init)
 .init          0x0000000008007040        0x4 c:/dev/tools/xpack-arm-none-eabi-gcc-9.2.1-1.1/bin/../lib/gcc/arm-none-eabi/9.2.1/thumb/v7-m/nofp/crti.o
                0x0000000008007040                _init
 .init          0x0000000008007044        0x8 c:/dev/tools/xpack-arm-none-eabi-gcc-9.2.1-1.1/bin/../lib/gcc/arm-none-eabi/9.2.1/thumb/v7-m/nofp/crtn.o
 *(.fini)
 .fini          0x000000000800704c        0x4 c:/dev/tools/xpack-arm-none-eabi-gcc-9.2.1-1.1/bin/../lib/gcc/arm-none-eabi/9.2.1/thumb/v7-m/nofp/crti.o
                0x000000000800704c                _fini
 .fini          0x0000000008007050        0x8 c:/dev/tools/xpack-arm-none-eabi-gcc-9.2.1-1.1/bin/../lib/gcc/arm-none-eabi/9.2.1/thumb/v7-m/nofp/crtn.o
                0x0000000008007058                . = ALIGN (0x4)
                0x0000000008007058                _etext = .

.vfp11_veneer   0x0000000008007058        0x0
 .vfp11_veneer  0x0000000008007058        0x0 linker stubs

.v4_bx          0x0000000008007058        0x0
 .v4_bx         0x0000000008007058        0x0 linker stubs

.iplt           0x0000000008007058        0x0
 .iplt          0x0000000008007058        0x0 c:/dev/tools/xpack-arm-none-eabi-gcc-9.2.1-1.1/bin/../lib/gcc/arm-none-eabi/9.2.1/thumb/v7-m/nofp/crtbegin.o

.rodata         0x0000000008007058      0x2b8
                0x0000000008007058                . = ALIGN (0x4)
 *(.rodata)
 *(.rodata*)
 .rodata.main.str1.4
                0x0000000008007058        0x4 CMakeFiles/Balance.elf.dir/Core/Src/main.c.obj
 .rodata.AHBPrescTable
                0x000000000800705c       0x10 CMakeFiles/Balance.elf.dir/Core/Src/system_stm32f1xx.c.obj
                0x000000000800705c                AHBPrescTable
 .rodata.APBPrescTable
                0x000000000800706c        0x8 CMakeFiles/Balance.elf.dir/Core/Src/system_stm32f1xx.c.obj
                0x000000000800706c                APBPrescTable
 .rodata.HAL_RCC_GetSysClockFreq.str1.4
                0x0000000008007074       0x11 CMakeFiles/Balance.elf.dir/Drivers/STM32F1xx_HAL_Driver/Src/stm32f1xx_hal_rcc.c.obj
 *fill*         0x0000000008007085        0x3 
 .rodata._global_impure_ptr
                0x0000000008007088        0x4 c:/dev/tools/xpack-arm-none-eabi-gcc-9.2.1-1.1/bin/../lib/gcc/arm-none-eabi/9.2.1/../../../../arm-none-eabi/lib/thumb/v7-m/nofp\libg.a(lib_a-impure.o)
                0x0000000008007088                _global_impure_ptr
 .rodata._vfprintf_r.str1.4
                0x000000000800708c       0x42 c:/dev/tools/xpack-arm-none-eabi-gcc-9.2.1-1.1/bin/../lib/gcc/arm-none-eabi/9.2.1/../../../../arm-none-eabi/lib/thumb/v7-m/nofp\libg.a(lib_a-vfprintf.o)
 *fill*         0x00000000080070ce        0x2 
 .rodata.blanks.7366
                0x00000000080070d0       0x10 c:/dev/tools/xpack-arm-none-eabi-gcc-9.2.1-1.1/bin/../lib/gcc/arm-none-eabi/9.2.1/../../../../arm-none-eabi/lib/thumb/v7-m/nofp\libg.a(lib_a-vfprintf.o)
 .rodata.zeroes.7367
                0x00000000080070e0       0x10 c:/dev/tools/xpack-arm-none-eabi-gcc-9.2.1-1.1/bin/../lib/gcc/arm-none-eabi/9.2.1/../../../../arm-none-eabi/lib/thumb/v7-m/nofp\libg.a(lib_a-vfprintf.o)
 .rodata._dtoa_r.str1.4
                0x00000000080070f0        0xd c:/dev/tools/xpack-arm-none-eabi-gcc-9.2.1-1.1/bin/../lib/gcc/arm-none-eabi/9.2.1/../../../../arm-none-eabi/lib/thumb/v7-m/nofp\libg.a(lib_a-dtoa.o)
                                         0x12 (size before relaxing)
 *fill*         0x00000000080070fd        0x3 
 .rodata.__mprec_bigtens
                0x0000000008007100       0x28 c:/dev/tools/xpack-arm-none-eabi-gcc-9.2.1-1.1/bin/../lib/gcc/arm-none-eabi/9.2.1/../../../../arm-none-eabi/lib/thumb/v7-m/nofp\libg.a(lib_a-mprec.o)
                0x0000000008007100                __mprec_bigtens
 .rodata.__mprec_tens
                0x0000000008007128       0xc8 c:/dev/tools/xpack-arm-none-eabi-gcc-9.2.1-1.1/bin/../lib/gcc/arm-none-eabi/9.2.1/../../../../arm-none-eabi/lib/thumb/v7-m/nofp\libg.a(lib_a-mprec.o)
                0x0000000008007128                __mprec_tens
 .rodata.p05.6115
                0x00000000080071f0        0xc c:/dev/tools/xpack-arm-none-eabi-gcc-9.2.1-1.1/bin/../lib/gcc/arm-none-eabi/9.2.1/../../../../arm-none-eabi/lib/thumb/v7-m/nofp\libg.a(lib_a-mprec.o)
 .rodata._setlocale_r.str1.4
                0x00000000080071fc        0xa c:/dev/tools/xpack-arm-none-eabi-gcc-9.2.1-1.1/bin/../lib/gcc/arm-none-eabi/9.2.1/../../../../arm-none-eabi/lib/thumb/v7-m/nofp\libg.a(lib_a-locale.o)
                                          0xd (size before relaxing)
 *fill*         0x0000000008007206        0x2 
 .rodata.str1.4
                0x0000000008007208        0x2 c:/dev/tools/xpack-arm-none-eabi-gcc-9.2.1-1.1/bin/../lib/gcc/arm-none-eabi/9.2.1/../../../../arm-none-eabi/lib/thumb/v7-m/nofp\libg.a(lib_a-locale.o)
 *fill*         0x000000000800720a        0x2 
 .rodata._ctype_
                0x000000000800720c      0x101 c:/dev/tools/xpack-arm-none-eabi-gcc-9.2.1-1.1/bin/../lib/gcc/arm-none-eabi/9.2.1/../../../../arm-none-eabi/lib/thumb/v7-m/nofp\libg.a(lib_a-ctype_.o)
                0x000000000800720c                _ctype_
                0x0000000008007310                . = ALIGN (0x4)
 *fill*         0x000000000800730d        0x3 

.ARM.extab
 *(.ARM.extab* .gnu.linkonce.armextab.*)

.ARM            0x0000000008007310        0x8
                0x0000000008007310                __exidx_start = .
 *(.ARM.exidx*)
 .ARM.exidx.text.__udivmoddi4
                0x0000000008007310        0x8 c:/dev/tools/xpack-arm-none-eabi-gcc-9.2.1-1.1/bin/../lib/gcc/arm-none-eabi/9.2.1/thumb/v7-m/nofp\libgcc.a(_udivmoddi4.o)
                0x0000000008007318                __exidx_end = .

.rel.dyn        0x0000000008007318        0x0
 .rel.iplt      0x0000000008007318        0x0 c:/dev/tools/xpack-arm-none-eabi-gcc-9.2.1-1.1/bin/../lib/gcc/arm-none-eabi/9.2.1/thumb/v7-m/nofp/crtbegin.o

.preinit_array  0x0000000008007318        0x0
                0x0000000008007318                PROVIDE (__preinit_array_start = .)
 *(.preinit_array*)
                0x0000000008007318                PROVIDE (__preinit_array_end = .)

.init_array     0x0000000008007318        0x8
                0x0000000008007318                PROVIDE (__init_array_start = .)
 *(SORT_BY_NAME(.init_array.*))
 .init_array.00000
                0x0000000008007318        0x4 c:/dev/tools/xpack-arm-none-eabi-gcc-9.2.1-1.1/bin/../lib/gcc/arm-none-eabi/9.2.1/../../../../arm-none-eabi/lib/thumb/v7-m/nofp\libg.a(lib_a-__call_atexit.o)
 *(.init_array*)
 .init_array    0x000000000800731c        0x4 c:/dev/tools/xpack-arm-none-eabi-gcc-9.2.1-1.1/bin/../lib/gcc/arm-none-eabi/9.2.1/thumb/v7-m/nofp/crtbegin.o
                0x0000000008007320                PROVIDE (__init_array_end = .)

.fini_array     0x0000000008007320        0x4
                0x0000000008007320                PROVIDE (__fini_array_start = .)
 *(SORT_BY_NAME(.fini_array.*))
 *(.fini_array*)
 .fini_array    0x0000000008007320        0x4 c:/dev/tools/xpack-arm-none-eabi-gcc-9.2.1-1.1/bin/../lib/gcc/arm-none-eabi/9.2.1/thumb/v7-m/nofp/crtbegin.o
                0x0000000008007324                PROVIDE (__fini_array_end = .)
                0x0000000008007324                _sidata = LOADADDR (.data)

.data           0x0000000020000000      0x9b8 load address 0x0000000008007324
                0x0000000020000000                . = ALIGN (0x4)
                0x0000000020000000                _sdata = .
 *(.data)
 *(.data*)
 .data.SystemCoreClock
                0x0000000020000000        0x4 CMakeFiles/Balance.elf.dir/Core/Src/system_stm32f1xx.c.obj
                0x0000000020000000                SystemCoreClock
 .data.uwTickFreq
                0x0000000020000004        0x1 CMakeFiles/Balance.elf.dir/Drivers/STM32F1xx_HAL_Driver/Src/stm32f1xx_hal.c.obj
                0x0000000020000004                uwTickFreq
 *fill*         0x0000000020000005        0x3 
 .data.uwTickPrio
                0x0000000020000008        0x4 CMakeFiles/Balance.elf.dir/Drivers/STM32F1xx_HAL_Driver/Src/stm32f1xx_hal.c.obj
                0x0000000020000008                uwTickPrio
 .data._impure_ptr
                0x000000002000000c        0x4 c:/dev/tools/xpack-arm-none-eabi-gcc-9.2.1-1.1/bin/../lib/gcc/arm-none-eabi/9.2.1/../../../../arm-none-eabi/lib/thumb/v7-m/nofp\libg.a(lib_a-impure.o)
                0x000000002000000c                _impure_ptr
 .data.impure_data
                0x0000000020000010      0x428 c:/dev/tools/xpack-arm-none-eabi-gcc-9.2.1-1.1/bin/../lib/gcc/arm-none-eabi/9.2.1/../../../../arm-none-eabi/lib/thumb/v7-m/nofp\libg.a(lib_a-impure.o)
 .data.__atexit_recursive_mutex
                0x0000000020000438        0x4 c:/dev/tools/xpack-arm-none-eabi-gcc-9.2.1-1.1/bin/../lib/gcc/arm-none-eabi/9.2.1/../../../../arm-none-eabi/lib/thumb/v7-m/nofp\libg.a(lib_a-__call_atexit.o)
                0x0000000020000438                __atexit_recursive_mutex
 .data.__malloc_av_
                0x000000002000043c      0x408 c:/dev/tools/xpack-arm-none-eabi-gcc-9.2.1-1.1/bin/../lib/gcc/arm-none-eabi/9.2.1/../../../../arm-none-eabi/lib/thumb/v7-m/nofp\libg.a(lib_a-mallocr.o)
                0x000000002000043c                __malloc_av_
 .data.__malloc_sbrk_base
                0x0000000020000844        0x4 c:/dev/tools/xpack-arm-none-eabi-gcc-9.2.1-1.1/bin/../lib/gcc/arm-none-eabi/9.2.1/../../../../arm-none-eabi/lib/thumb/v7-m/nofp\libg.a(lib_a-mallocr.o)
                0x0000000020000844                __malloc_sbrk_base
 .data.__malloc_trim_threshold
                0x0000000020000848        0x4 c:/dev/tools/xpack-arm-none-eabi-gcc-9.2.1-1.1/bin/../lib/gcc/arm-none-eabi/9.2.1/../../../../arm-none-eabi/lib/thumb/v7-m/nofp\libg.a(lib_a-mallocr.o)
                0x0000000020000848                __malloc_trim_threshold
 .data.__global_locale
                0x000000002000084c      0x16c c:/dev/tools/xpack-arm-none-eabi-gcc-9.2.1-1.1/bin/../lib/gcc/arm-none-eabi/9.2.1/../../../../arm-none-eabi/lib/thumb/v7-m/nofp\libg.a(lib_a-locale.o)
                0x000000002000084c                __global_locale
                0x00000000200009b8                . = ALIGN (0x4)
                0x00000000200009b8                _edata = .

.igot.plt       0x00000000200009b8        0x0 load address 0x0000000008007cdc
 .igot.plt      0x00000000200009b8        0x0 c:/dev/tools/xpack-arm-none-eabi-gcc-9.2.1-1.1/bin/../lib/gcc/arm-none-eabi/9.2.1/thumb/v7-m/nofp/crtbegin.o
                0x00000000200009b8                . = ALIGN (0x4)

.bss            0x00000000200009b8       0xc8 load address 0x0000000008007cdc
                0x00000000200009b8                _sbss = .
                0x00000000200009b8                __bss_start__ = _sbss
 *(.bss)
 *(.bss*)
 .bss.completed.8911
                0x00000000200009b8        0x1 c:/dev/tools/xpack-arm-none-eabi-gcc-9.2.1-1.1/bin/../lib/gcc/arm-none-eabi/9.2.1/thumb/v7-m/nofp/crtbegin.o
 *fill*         0x00000000200009b9        0x3 
 .bss.object.8916
                0x00000000200009bc       0x18 c:/dev/tools/xpack-arm-none-eabi-gcc-9.2.1-1.1/bin/../lib/gcc/arm-none-eabi/9.2.1/thumb/v7-m/nofp/crtbegin.o
 .bss.heap_end.6023
                0x00000000200009d4        0x4 CMakeFiles/Balance.elf.dir/Core/Src/syscalls.c.obj
 .bss.huart1    0x00000000200009d8       0x44 CMakeFiles/Balance.elf.dir/Core/Src/usart.c.obj
                0x00000000200009d8                huart1
 .bss.uwTick    0x0000000020000a1c        0x4 CMakeFiles/Balance.elf.dir/Drivers/STM32F1xx_HAL_Driver/Src/stm32f1xx_hal.c.obj
                0x0000000020000a1c                uwTick
 .bss.gHuart    0x0000000020000a20        0x4 CMakeFiles/Balance.elf.dir/Platform/retarget.c.obj
                0x0000000020000a20                gHuart
 .bss.__malloc_current_mallinfo
                0x0000000020000a24       0x28 c:/dev/tools/xpack-arm-none-eabi-gcc-9.2.1-1.1/bin/../lib/gcc/arm-none-eabi/9.2.1/../../../../arm-none-eabi/lib/thumb/v7-m/nofp\libg.a(lib_a-mallocr.o)
                0x0000000020000a24                __malloc_current_mallinfo
 .bss.__malloc_max_sbrked_mem
                0x0000000020000a4c        0x4 c:/dev/tools/xpack-arm-none-eabi-gcc-9.2.1-1.1/bin/../lib/gcc/arm-none-eabi/9.2.1/../../../../arm-none-eabi/lib/thumb/v7-m/nofp\libg.a(lib_a-mallocr.o)
                0x0000000020000a4c                __malloc_max_sbrked_mem
 .bss.__malloc_max_total_mem
                0x0000000020000a50        0x4 c:/dev/tools/xpack-arm-none-eabi-gcc-9.2.1-1.1/bin/../lib/gcc/arm-none-eabi/9.2.1/../../../../arm-none-eabi/lib/thumb/v7-m/nofp\libg.a(lib_a-mallocr.o)
                0x0000000020000a50                __malloc_max_total_mem
 .bss.__malloc_top_pad
                0x0000000020000a54        0x4 c:/dev/tools/xpack-arm-none-eabi-gcc-9.2.1-1.1/bin/../lib/gcc/arm-none-eabi/9.2.1/../../../../arm-none-eabi/lib/thumb/v7-m/nofp\libg.a(lib_a-mallocr.o)
                0x0000000020000a54                __malloc_top_pad
 *(COMMON)
 COMMON         0x0000000020000a58       0x21 c:/dev/tools/xpack-arm-none-eabi-gcc-9.2.1-1.1/bin/../lib/gcc/arm-none-eabi/9.2.1/../../../../arm-none-eabi/lib/thumb/v7-m/nofp\libg.a(lib_a-lock.o)
                0x0000000020000a58                __lock___atexit_recursive_mutex
                0x0000000020000a5c                __lock___arc4random_mutex
                0x0000000020000a60                __lock___env_recursive_mutex
                0x0000000020000a64                __lock___sinit_recursive_mutex
                0x0000000020000a68                __lock___malloc_recursive_mutex
                0x0000000020000a6c                __lock___at_quick_exit_mutex
                0x0000000020000a70                __lock___dd_hash_mutex
                0x0000000020000a74                __lock___tz_mutex
                0x0000000020000a78                __lock___sfp_recursive_mutex
 *fill*         0x0000000020000a79        0x3 
 COMMON         0x0000000020000a7c        0x4 c:/dev/tools/xpack-arm-none-eabi-gcc-9.2.1-1.1/bin/../lib/gcc/arm-none-eabi/9.2.1/../../../../arm-none-eabi/lib/thumb/v7-m/nofp\libg.a(lib_a-reent.o)
                0x0000000020000a7c                errno
                0x0000000020000a80                . = ALIGN (0x4)
                0x0000000020000a80                _ebss = .
                0x0000000020000a80                __bss_end__ = _ebss

._user_heap_stack
                0x0000000020000a80      0x600 load address 0x0000000008007cdc
                0x0000000020000a80                . = ALIGN (0x8)
                0x0000000020000a80                PROVIDE (end = .)
                [!provide]                        PROVIDE (_end = .)
                0x0000000020000c80                . = (. + _Min_Heap_Size)
 *fill*         0x0000000020000a80      0x200 
                0x0000000020001080                . = (. + _Min_Stack_Size)
 *fill*         0x0000000020000c80      0x400 
                0x0000000020001080                . = ALIGN (0x8)

/DISCARD/
 libc.a(*)
 libm.a(*)
 libgcc.a(*)

.ARM.attributes
                0x0000000000000000       0x29
 *(.ARM.attributes)
 .ARM.attributes
                0x0000000000000000       0x1d c:/dev/tools/xpack-arm-none-eabi-gcc-9.2.1-1.1/bin/../lib/gcc/arm-none-eabi/9.2.1/thumb/v7-m/nofp/crti.o
 .ARM.attributes
                0x000000000000001d       0x2d c:/dev/tools/xpack-arm-none-eabi-gcc-9.2.1-1.1/bin/../lib/gcc/arm-none-eabi/9.2.1/thumb/v7-m/nofp/crtbegin.o
 .ARM.attributes
                0x000000000000004a       0x2d CMakeFiles/Balance.elf.dir/Core/Src/gpio.c.obj
 .ARM.attributes
                0x0000000000000077       0x2d CMakeFiles/Balance.elf.dir/Core/Src/main.c.obj
 .ARM.attributes
                0x00000000000000a4       0x2d CMakeFiles/Balance.elf.dir/Core/Src/stm32f1xx_hal_msp.c.obj
 .ARM.attributes
                0x00000000000000d1       0x2d CMakeFiles/Balance.elf.dir/Core/Src/stm32f1xx_it.c.obj
 .ARM.attributes
                0x00000000000000fe       0x2d CMakeFiles/Balance.elf.dir/Core/Src/syscalls.c.obj
 .ARM.attributes
                0x000000000000012b       0x2d CMakeFiles/Balance.elf.dir/Core/Src/system_stm32f1xx.c.obj
 .ARM.attributes
                0x0000000000000158       0x2d CMakeFiles/Balance.elf.dir/Core/Src/usart.c.obj
 .ARM.attributes
                0x0000000000000185       0x2d CMakeFiles/Balance.elf.dir/Drivers/STM32F1xx_HAL_Driver/Src/stm32f1xx_hal.c.obj
 .ARM.attributes
                0x00000000000001b2       0x2d CMakeFiles/Balance.elf.dir/Drivers/STM32F1xx_HAL_Driver/Src/stm32f1xx_hal_cortex.c.obj
 .ARM.attributes
                0x00000000000001df       0x2d CMakeFiles/Balance.elf.dir/Drivers/STM32F1xx_HAL_Driver/Src/stm32f1xx_hal_gpio.c.obj
 .ARM.attributes
                0x000000000000020c       0x2d CMakeFiles/Balance.elf.dir/Drivers/STM32F1xx_HAL_Driver/Src/stm32f1xx_hal_rcc.c.obj
 .ARM.attributes
                0x0000000000000239       0x2d CMakeFiles/Balance.elf.dir/Drivers/STM32F1xx_HAL_Driver/Src/stm32f1xx_hal_uart.c.obj
 .ARM.attributes
                0x0000000000000266       0x2d CMakeFiles/Balance.elf.dir/Platform/retarget.c.obj
 .ARM.attributes
                0x0000000000000293       0x21 CMakeFiles/Balance.elf.dir/startup/startup_stm32f103xb.s.obj
 .ARM.attributes
                0x00000000000002b4       0x2d c:/dev/tools/xpack-arm-none-eabi-gcc-9.2.1-1.1/bin/../lib/gcc/arm-none-eabi/9.2.1/../../../../arm-none-eabi/lib/thumb/v7-m/nofp\libg.a(lib_a-errno.o)
 .ARM.attributes
                0x00000000000002e1       0x2d c:/dev/tools/xpack-arm-none-eabi-gcc-9.2.1-1.1/bin/../lib/gcc/arm-none-eabi/9.2.1/../../../../arm-none-eabi/lib/thumb/v7-m/nofp\libg.a(lib_a-impure.o)
 .ARM.attributes
                0x000000000000030e       0x2d c:/dev/tools/xpack-arm-none-eabi-gcc-9.2.1-1.1/bin/../lib/gcc/arm-none-eabi/9.2.1/../../../../arm-none-eabi/lib/thumb/v7-m/nofp\libg.a(lib_a-init.o)
 .ARM.attributes
                0x000000000000033b       0x2d c:/dev/tools/xpack-arm-none-eabi-gcc-9.2.1-1.1/bin/../lib/gcc/arm-none-eabi/9.2.1/../../../../arm-none-eabi/lib/thumb/v7-m/nofp\libg.a(lib_a-memset.o)
 .ARM.attributes
                0x0000000000000368       0x2d c:/dev/tools/xpack-arm-none-eabi-gcc-9.2.1-1.1/bin/../lib/gcc/arm-none-eabi/9.2.1/../../../../arm-none-eabi/lib/thumb/v7-m/nofp\libg.a(lib_a-printf.o)
 .ARM.attributes
                0x0000000000000395       0x2d c:/dev/tools/xpack-arm-none-eabi-gcc-9.2.1-1.1/bin/../lib/gcc/arm-none-eabi/9.2.1/../../../../arm-none-eabi/lib/thumb/v7-m/nofp\libg.a(lib_a-setvbuf.o)
 .ARM.attributes
                0x00000000000003c2       0x2d c:/dev/tools/xpack-arm-none-eabi-gcc-9.2.1-1.1/bin/../lib/gcc/arm-none-eabi/9.2.1/../../../../arm-none-eabi/lib/thumb/v7-m/nofp\libg.a(lib_a-vfprintf.o)
 .ARM.attributes
                0x00000000000003ef       0x2d c:/dev/tools/xpack-arm-none-eabi-gcc-9.2.1-1.1/bin/../lib/gcc/arm-none-eabi/9.2.1/../../../../arm-none-eabi/lib/thumb/v7-m/nofp\libg.a(lib_a-wsetup.o)
 .ARM.attributes
                0x000000000000041c       0x2d c:/dev/tools/xpack-arm-none-eabi-gcc-9.2.1-1.1/bin/../lib/gcc/arm-none-eabi/9.2.1/../../../../arm-none-eabi/lib/thumb/v7-m/nofp\libg.a(lib_a-__call_atexit.o)
 .ARM.attributes
                0x0000000000000449       0x2d c:/dev/tools/xpack-arm-none-eabi-gcc-9.2.1-1.1/bin/../lib/gcc/arm-none-eabi/9.2.1/../../../../arm-none-eabi/lib/thumb/v7-m/nofp\libg.a(lib_a-atexit.o)
 .ARM.attributes
                0x0000000000000476       0x2d c:/dev/tools/xpack-arm-none-eabi-gcc-9.2.1-1.1/bin/../lib/gcc/arm-none-eabi/9.2.1/../../../../arm-none-eabi/lib/thumb/v7-m/nofp\libg.a(lib_a-dtoa.o)
 .ARM.attributes
                0x00000000000004a3       0x2d c:/dev/tools/xpack-arm-none-eabi-gcc-9.2.1-1.1/bin/../lib/gcc/arm-none-eabi/9.2.1/../../../../arm-none-eabi/lib/thumb/v7-m/nofp\libg.a(lib_a-fflush.o)
 .ARM.attributes
                0x00000000000004d0       0x2d c:/dev/tools/xpack-arm-none-eabi-gcc-9.2.1-1.1/bin/../lib/gcc/arm-none-eabi/9.2.1/../../../../arm-none-eabi/lib/thumb/v7-m/nofp\libg.a(lib_a-findfp.o)
 .ARM.attributes
                0x00000000000004fd       0x2d c:/dev/tools/xpack-arm-none-eabi-gcc-9.2.1-1.1/bin/../lib/gcc/arm-none-eabi/9.2.1/../../../../arm-none-eabi/lib/thumb/v7-m/nofp\libg.a(lib_a-fini.o)
 .ARM.attributes
                0x000000000000052a       0x2d c:/dev/tools/xpack-arm-none-eabi-gcc-9.2.1-1.1/bin/../lib/gcc/arm-none-eabi/9.2.1/../../../../arm-none-eabi/lib/thumb/v7-m/nofp\libg.a(lib_a-freer.o)
 .ARM.attributes
                0x0000000000000557       0x2d c:/dev/tools/xpack-arm-none-eabi-gcc-9.2.1-1.1/bin/../lib/gcc/arm-none-eabi/9.2.1/../../../../arm-none-eabi/lib/thumb/v7-m/nofp\libg.a(lib_a-fwalk.o)
 .ARM.attributes
                0x0000000000000584       0x2d c:/dev/tools/xpack-arm-none-eabi-gcc-9.2.1-1.1/bin/../lib/gcc/arm-none-eabi/9.2.1/../../../../arm-none-eabi/lib/thumb/v7-m/nofp\libg.a(lib_a-localeconv.o)
 .ARM.attributes
                0x00000000000005b1       0x2d c:/dev/tools/xpack-arm-none-eabi-gcc-9.2.1-1.1/bin/../lib/gcc/arm-none-eabi/9.2.1/../../../../arm-none-eabi/lib/thumb/v7-m/nofp\libg.a(lib_a-lock.o)
 .ARM.attributes
                0x00000000000005de       0x2d c:/dev/tools/xpack-arm-none-eabi-gcc-9.2.1-1.1/bin/../lib/gcc/arm-none-eabi/9.2.1/../../../../arm-none-eabi/lib/thumb/v7-m/nofp\libg.a(lib_a-makebuf.o)
 .ARM.attributes
                0x000000000000060b       0x2d c:/dev/tools/xpack-arm-none-eabi-gcc-9.2.1-1.1/bin/../lib/gcc/arm-none-eabi/9.2.1/../../../../arm-none-eabi/lib/thumb/v7-m/nofp\libg.a(lib_a-malloc.o)
 .ARM.attributes
                0x0000000000000638       0x2d c:/dev/tools/xpack-arm-none-eabi-gcc-9.2.1-1.1/bin/../lib/gcc/arm-none-eabi/9.2.1/../../../../arm-none-eabi/lib/thumb/v7-m/nofp\libg.a(lib_a-mallocr.o)
 .ARM.attributes
                0x0000000000000665       0x2d c:/dev/tools/xpack-arm-none-eabi-gcc-9.2.1-1.1/bin/../lib/gcc/arm-none-eabi/9.2.1/../../../../arm-none-eabi/lib/thumb/v7-m/nofp\libg.a(lib_a-memchr-stub.o)
 .ARM.attributes
                0x0000000000000692       0x1b c:/dev/tools/xpack-arm-none-eabi-gcc-9.2.1-1.1/bin/../lib/gcc/arm-none-eabi/9.2.1/../../../../arm-none-eabi/lib/thumb/v7-m/nofp\libg.a(lib_a-memcpy.o)
 .ARM.attributes
                0x00000000000006ad       0x2d c:/dev/tools/xpack-arm-none-eabi-gcc-9.2.1-1.1/bin/../lib/gcc/arm-none-eabi/9.2.1/../../../../arm-none-eabi/lib/thumb/v7-m/nofp\libg.a(lib_a-mlock.o)
 .ARM.attributes
                0x00000000000006da       0x2d c:/dev/tools/xpack-arm-none-eabi-gcc-9.2.1-1.1/bin/../lib/gcc/arm-none-eabi/9.2.1/../../../../arm-none-eabi/lib/thumb/v7-m/nofp\libg.a(lib_a-mprec.o)
 .ARM.attributes
                0x0000000000000707       0x2d c:/dev/tools/xpack-arm-none-eabi-gcc-9.2.1-1.1/bin/../lib/gcc/arm-none-eabi/9.2.1/../../../../arm-none-eabi/lib/thumb/v7-m/nofp\libg.a(lib_a-s_frexp.o)
 .ARM.attributes
                0x0000000000000734       0x2d c:/dev/tools/xpack-arm-none-eabi-gcc-9.2.1-1.1/bin/../lib/gcc/arm-none-eabi/9.2.1/../../../../arm-none-eabi/lib/thumb/v7-m/nofp\libg.a(lib_a-sbrkr.o)
 .ARM.attributes
                0x0000000000000761       0x2d c:/dev/tools/xpack-arm-none-eabi-gcc-9.2.1-1.1/bin/../lib/gcc/arm-none-eabi/9.2.1/../../../../arm-none-eabi/lib/thumb/v7-m/nofp\libg.a(lib_a-stdio.o)
 .ARM.attributes
                0x000000000000078e       0x2d c:/dev/tools/xpack-arm-none-eabi-gcc-9.2.1-1.1/bin/../lib/gcc/arm-none-eabi/9.2.1/../../../../arm-none-eabi/lib/thumb/v7-m/nofp\libg.a(lib_a-strlen-stub.o)
 .ARM.attributes
                0x00000000000007bb       0x2d c:/dev/tools/xpack-arm-none-eabi-gcc-9.2.1-1.1/bin/../lib/gcc/arm-none-eabi/9.2.1/../../../../arm-none-eabi/lib/thumb/v7-m/nofp\libg.a(lib_a-strncpy.o)
 .ARM.attributes
                0x00000000000007e8       0x2d c:/dev/tools/xpack-arm-none-eabi-gcc-9.2.1-1.1/bin/../lib/gcc/arm-none-eabi/9.2.1/../../../../arm-none-eabi/lib/thumb/v7-m/nofp\libg.a(lib_a-vfiprintf.o)
 .ARM.attributes
                0x0000000000000815       0x2d c:/dev/tools/xpack-arm-none-eabi-gcc-9.2.1-1.1/bin/../lib/gcc/arm-none-eabi/9.2.1/../../../../arm-none-eabi/lib/thumb/v7-m/nofp\libg.a(lib_a-writer.o)
 .ARM.attributes
                0x0000000000000842       0x2d c:/dev/tools/xpack-arm-none-eabi-gcc-9.2.1-1.1/bin/../lib/gcc/arm-none-eabi/9.2.1/../../../../arm-none-eabi/lib/thumb/v7-m/nofp\libg.a(lib_a-__atexit.o)
 .ARM.attributes
                0x000000000000086f       0x2d c:/dev/tools/xpack-arm-none-eabi-gcc-9.2.1-1.1/bin/../lib/gcc/arm-none-eabi/9.2.1/../../../../arm-none-eabi/lib/thumb/v7-m/nofp\libg.a(lib_a-callocr.o)
 .ARM.attributes
                0x000000000000089c       0x2d c:/dev/tools/xpack-arm-none-eabi-gcc-9.2.1-1.1/bin/../lib/gcc/arm-none-eabi/9.2.1/../../../../arm-none-eabi/lib/thumb/v7-m/nofp\libg.a(lib_a-closer.o)
 .ARM.attributes
                0x00000000000008c9       0x2d c:/dev/tools/xpack-arm-none-eabi-gcc-9.2.1-1.1/bin/../lib/gcc/arm-none-eabi/9.2.1/../../../../arm-none-eabi/lib/thumb/v7-m/nofp\libg.a(lib_a-fclose.o)
 .ARM.attributes
                0x00000000000008f6       0x2d c:/dev/tools/xpack-arm-none-eabi-gcc-9.2.1-1.1/bin/../lib/gcc/arm-none-eabi/9.2.1/../../../../arm-none-eabi/lib/thumb/v7-m/nofp\libg.a(lib_a-fputwc.o)
 .ARM.attributes
                0x0000000000000923       0x2d c:/dev/tools/xpack-arm-none-eabi-gcc-9.2.1-1.1/bin/../lib/gcc/arm-none-eabi/9.2.1/../../../../arm-none-eabi/lib/thumb/v7-m/nofp\libg.a(lib_a-fstatr.o)
 .ARM.attributes
                0x0000000000000950       0x2d c:/dev/tools/xpack-arm-none-eabi-gcc-9.2.1-1.1/bin/../lib/gcc/arm-none-eabi/9.2.1/../../../../arm-none-eabi/lib/thumb/v7-m/nofp\libg.a(lib_a-fvwrite.o)
 .ARM.attributes
                0x000000000000097d       0x2d c:/dev/tools/xpack-arm-none-eabi-gcc-9.2.1-1.1/bin/../lib/gcc/arm-none-eabi/9.2.1/../../../../arm-none-eabi/lib/thumb/v7-m/nofp\libg.a(lib_a-isattyr.o)
 .ARM.attributes
                0x00000000000009aa       0x2d c:/dev/tools/xpack-arm-none-eabi-gcc-9.2.1-1.1/bin/../lib/gcc/arm-none-eabi/9.2.1/../../../../arm-none-eabi/lib/thumb/v7-m/nofp\libg.a(lib_a-locale.o)
 .ARM.attributes
                0x00000000000009d7       0x2d c:/dev/tools/xpack-arm-none-eabi-gcc-9.2.1-1.1/bin/../lib/gcc/arm-none-eabi/9.2.1/../../../../arm-none-eabi/lib/thumb/v7-m/nofp\libg.a(lib_a-lseekr.o)
 .ARM.attributes
                0x0000000000000a04       0x2d c:/dev/tools/xpack-arm-none-eabi-gcc-9.2.1-1.1/bin/../lib/gcc/arm-none-eabi/9.2.1/../../../../arm-none-eabi/lib/thumb/v7-m/nofp\libg.a(lib_a-mbtowc_r.o)
 .ARM.attributes
                0x0000000000000a31       0x2d c:/dev/tools/xpack-arm-none-eabi-gcc-9.2.1-1.1/bin/../lib/gcc/arm-none-eabi/9.2.1/../../../../arm-none-eabi/lib/thumb/v7-m/nofp\libg.a(lib_a-memmove.o)
 .ARM.attributes
                0x0000000000000a5e       0x2d c:/dev/tools/xpack-arm-none-eabi-gcc-9.2.1-1.1/bin/../lib/gcc/arm-none-eabi/9.2.1/../../../../arm-none-eabi/lib/thumb/v7-m/nofp\libg.a(lib_a-readr.o)
 .ARM.attributes
                0x0000000000000a8b       0x2d c:/dev/tools/xpack-arm-none-eabi-gcc-9.2.1-1.1/bin/../lib/gcc/arm-none-eabi/9.2.1/../../../../arm-none-eabi/lib/thumb/v7-m/nofp\libg.a(lib_a-reallocr.o)
 .ARM.attributes
                0x0000000000000ab8       0x2d c:/dev/tools/xpack-arm-none-eabi-gcc-9.2.1-1.1/bin/../lib/gcc/arm-none-eabi/9.2.1/../../../../arm-none-eabi/lib/thumb/v7-m/nofp\libg.a(lib_a-reent.o)
 .ARM.attributes
                0x0000000000000ae5       0x2d c:/dev/tools/xpack-arm-none-eabi-gcc-9.2.1-1.1/bin/../lib/gcc/arm-none-eabi/9.2.1/../../../../arm-none-eabi/lib/thumb/v7-m/nofp\libg.a(lib_a-wbuf.o)
 .ARM.attributes
                0x0000000000000b12       0x2d c:/dev/tools/xpack-arm-none-eabi-gcc-9.2.1-1.1/bin/../lib/gcc/arm-none-eabi/9.2.1/../../../../arm-none-eabi/lib/thumb/v7-m/nofp\libg.a(lib_a-wcrtomb.o)
 .ARM.attributes
                0x0000000000000b3f       0x2d c:/dev/tools/xpack-arm-none-eabi-gcc-9.2.1-1.1/bin/../lib/gcc/arm-none-eabi/9.2.1/../../../../arm-none-eabi/lib/thumb/v7-m/nofp\libg.a(lib_a-wctomb_r.o)
 .ARM.attributes
                0x0000000000000b6c       0x2d c:/dev/tools/xpack-arm-none-eabi-gcc-9.2.1-1.1/bin/../lib/gcc/arm-none-eabi/9.2.1/../../../../arm-none-eabi/lib/thumb/v7-m/nofp\libg.a(lib_a-ctype_.o)
 .ARM.attributes
                0x0000000000000b99       0x1d c:/dev/tools/xpack-arm-none-eabi-gcc-9.2.1-1.1/bin/../lib/gcc/arm-none-eabi/9.2.1/thumb/v7-m/nofp\libgcc.a(_arm_addsubdf3.o)
 .ARM.attributes
                0x0000000000000bb6       0x1d c:/dev/tools/xpack-arm-none-eabi-gcc-9.2.1-1.1/bin/../lib/gcc/arm-none-eabi/9.2.1/thumb/v7-m/nofp\libgcc.a(_arm_muldivdf3.o)
 .ARM.attributes
                0x0000000000000bd3       0x1d c:/dev/tools/xpack-arm-none-eabi-gcc-9.2.1-1.1/bin/../lib/gcc/arm-none-eabi/9.2.1/thumb/v7-m/nofp\libgcc.a(_arm_cmpdf2.o)
 .ARM.attributes
                0x0000000000000bf0       0x1d c:/dev/tools/xpack-arm-none-eabi-gcc-9.2.1-1.1/bin/../lib/gcc/arm-none-eabi/9.2.1/thumb/v7-m/nofp\libgcc.a(_arm_unorddf2.o)
 .ARM.attributes
                0x0000000000000c0d       0x1d c:/dev/tools/xpack-arm-none-eabi-gcc-9.2.1-1.1/bin/../lib/gcc/arm-none-eabi/9.2.1/thumb/v7-m/nofp\libgcc.a(_arm_fixdfsi.o)
 .ARM.attributes
                0x0000000000000c2a       0x1d c:/dev/tools/xpack-arm-none-eabi-gcc-9.2.1-1.1/bin/../lib/gcc/arm-none-eabi/9.2.1/thumb/v7-m/nofp\libgcc.a(_aeabi_uldivmod.o)
 .ARM.attributes
                0x0000000000000c47       0x2d c:/dev/tools/xpack-arm-none-eabi-gcc-9.2.1-1.1/bin/../lib/gcc/arm-none-eabi/9.2.1/thumb/v7-m/nofp\libgcc.a(_udivmoddi4.o)
 .ARM.attributes
                0x0000000000000c74       0x1d c:/dev/tools/xpack-arm-none-eabi-gcc-9.2.1-1.1/bin/../lib/gcc/arm-none-eabi/9.2.1/thumb/v7-m/nofp\libgcc.a(_dvmd_tls.o)
 .ARM.attributes
                0x0000000000000c91       0x1d c:/dev/tools/xpack-arm-none-eabi-gcc-9.2.1-1.1/bin/../lib/gcc/arm-none-eabi/9.2.1/thumb/v7-m/nofp/crtn.o
OUTPUT(Balance.elf elf32-littlearm)

.debug_info     0x0000000000000000     0x8f27
 .debug_info    0x0000000000000000      0x268 CMakeFiles/Balance.elf.dir/Core/Src/gpio.c.obj
 .debug_info    0x0000000000000268     0x11aa CMakeFiles/Balance.elf.dir/Core/Src/main.c.obj
 .debug_info    0x0000000000001412      0x2fd CMakeFiles/Balance.elf.dir/Core/Src/stm32f1xx_hal_msp.c.obj
 .debug_info    0x000000000000170f      0x239 CMakeFiles/Balance.elf.dir/Core/Src/stm32f1xx_it.c.obj
 .debug_info    0x0000000000001948     0x1045 CMakeFiles/Balance.elf.dir/Core/Src/syscalls.c.obj
 .debug_info    0x000000000000298d      0x2c9 CMakeFiles/Balance.elf.dir/Core/Src/system_stm32f1xx.c.obj
 .debug_info    0x0000000000002c56      0x8fb CMakeFiles/Balance.elf.dir/Core/Src/usart.c.obj
 .debug_info    0x0000000000003551      0x831 CMakeFiles/Balance.elf.dir/Drivers/STM32F1xx_HAL_Driver/Src/stm32f1xx_hal.c.obj
 .debug_info    0x0000000000003d82      0xe46 CMakeFiles/Balance.elf.dir/Drivers/STM32F1xx_HAL_Driver/Src/stm32f1xx_hal_cortex.c.obj
 .debug_info    0x0000000000004bc8      0x75b CMakeFiles/Balance.elf.dir/Drivers/STM32F1xx_HAL_Driver/Src/stm32f1xx_hal_gpio.c.obj
 .debug_info    0x0000000000005323      0xaab CMakeFiles/Balance.elf.dir/Drivers/STM32F1xx_HAL_Driver/Src/stm32f1xx_hal_rcc.c.obj
 .debug_info    0x0000000000005dce     0x1d5f CMakeFiles/Balance.elf.dir/Drivers/STM32F1xx_HAL_Driver/Src/stm32f1xx_hal_uart.c.obj
 .debug_info    0x0000000000007b2d     0x13d8 CMakeFiles/Balance.elf.dir/Platform/retarget.c.obj
 .debug_info    0x0000000000008f05       0x22 CMakeFiles/Balance.elf.dir/startup/startup_stm32f103xb.s.obj

.debug_abbrev   0x0000000000000000     0x1be5
 .debug_abbrev  0x0000000000000000      0x11a CMakeFiles/Balance.elf.dir/Core/Src/gpio.c.obj
 .debug_abbrev  0x000000000000011a      0x2c1 CMakeFiles/Balance.elf.dir/Core/Src/main.c.obj
 .debug_abbrev  0x00000000000003db      0x12e CMakeFiles/Balance.elf.dir/Core/Src/stm32f1xx_hal_msp.c.obj
 .debug_abbrev  0x0000000000000509       0xef CMakeFiles/Balance.elf.dir/Core/Src/stm32f1xx_it.c.obj
 .debug_abbrev  0x00000000000005f8      0x31e CMakeFiles/Balance.elf.dir/Core/Src/syscalls.c.obj
 .debug_abbrev  0x0000000000000916      0x151 CMakeFiles/Balance.elf.dir/Core/Src/system_stm32f1xx.c.obj
 .debug_abbrev  0x0000000000000a67      0x1ed CMakeFiles/Balance.elf.dir/Core/Src/usart.c.obj
 .debug_abbrev  0x0000000000000c54      0x219 CMakeFiles/Balance.elf.dir/Drivers/STM32F1xx_HAL_Driver/Src/stm32f1xx_hal.c.obj
 .debug_abbrev  0x0000000000000e6d      0x367 CMakeFiles/Balance.elf.dir/Drivers/STM32F1xx_HAL_Driver/Src/stm32f1xx_hal_cortex.c.obj
 .debug_abbrev  0x00000000000011d4      0x213 CMakeFiles/Balance.elf.dir/Drivers/STM32F1xx_HAL_Driver/Src/stm32f1xx_hal_gpio.c.obj
 .debug_abbrev  0x00000000000013e7      0x28d CMakeFiles/Balance.elf.dir/Drivers/STM32F1xx_HAL_Driver/Src/stm32f1xx_hal_rcc.c.obj
 .debug_abbrev  0x0000000000001674      0x293 CMakeFiles/Balance.elf.dir/Drivers/STM32F1xx_HAL_Driver/Src/stm32f1xx_hal_uart.c.obj
 .debug_abbrev  0x0000000000001907      0x2cc CMakeFiles/Balance.elf.dir/Platform/retarget.c.obj
 .debug_abbrev  0x0000000000001bd3       0x12 CMakeFiles/Balance.elf.dir/startup/startup_stm32f103xb.s.obj

.debug_aranges  0x0000000000000000      0x688
 .debug_aranges
                0x0000000000000000       0x20 CMakeFiles/Balance.elf.dir/Core/Src/gpio.c.obj
 .debug_aranges
                0x0000000000000020       0x30 CMakeFiles/Balance.elf.dir/Core/Src/main.c.obj
 .debug_aranges
                0x0000000000000050       0x20 CMakeFiles/Balance.elf.dir/Core/Src/stm32f1xx_hal_msp.c.obj
 .debug_aranges
                0x0000000000000070       0x60 CMakeFiles/Balance.elf.dir/Core/Src/stm32f1xx_it.c.obj
 .debug_aranges
                0x00000000000000d0       0x90 CMakeFiles/Balance.elf.dir/Core/Src/syscalls.c.obj
 .debug_aranges
                0x0000000000000160       0x28 CMakeFiles/Balance.elf.dir/Core/Src/system_stm32f1xx.c.obj
 .debug_aranges
                0x0000000000000188       0x30 CMakeFiles/Balance.elf.dir/Core/Src/usart.c.obj
 .debug_aranges
                0x00000000000001b8       0xe0 CMakeFiles/Balance.elf.dir/Drivers/STM32F1xx_HAL_Driver/Src/stm32f1xx_hal.c.obj
 .debug_aranges
                0x0000000000000298       0x90 CMakeFiles/Balance.elf.dir/Drivers/STM32F1xx_HAL_Driver/Src/stm32f1xx_hal_cortex.c.obj
 .debug_aranges
                0x0000000000000328       0x58 CMakeFiles/Balance.elf.dir/Drivers/STM32F1xx_HAL_Driver/Src/stm32f1xx_hal_gpio.c.obj
 .debug_aranges
                0x0000000000000380       0x90 CMakeFiles/Balance.elf.dir/Drivers/STM32F1xx_HAL_Driver/Src/stm32f1xx_hal_rcc.c.obj
 .debug_aranges
                0x0000000000000410      0x200 CMakeFiles/Balance.elf.dir/Drivers/STM32F1xx_HAL_Driver/Src/stm32f1xx_hal_uart.c.obj
 .debug_aranges
                0x0000000000000610       0x50 CMakeFiles/Balance.elf.dir/Platform/retarget.c.obj
 .debug_aranges
                0x0000000000000660       0x28 CMakeFiles/Balance.elf.dir/startup/startup_stm32f103xb.s.obj

.debug_ranges   0x0000000000000000      0x630
 .debug_ranges  0x0000000000000000       0x10 CMakeFiles/Balance.elf.dir/Core/Src/gpio.c.obj
 .debug_ranges  0x0000000000000010       0x20 CMakeFiles/Balance.elf.dir/Core/Src/main.c.obj
 .debug_ranges  0x0000000000000030       0x10 CMakeFiles/Balance.elf.dir/Core/Src/stm32f1xx_hal_msp.c.obj
 .debug_ranges  0x0000000000000040       0x50 CMakeFiles/Balance.elf.dir/Core/Src/stm32f1xx_it.c.obj
 .debug_ranges  0x0000000000000090       0x80 CMakeFiles/Balance.elf.dir/Core/Src/syscalls.c.obj
 .debug_ranges  0x0000000000000110       0x18 CMakeFiles/Balance.elf.dir/Core/Src/system_stm32f1xx.c.obj
 .debug_ranges  0x0000000000000128       0x20 CMakeFiles/Balance.elf.dir/Core/Src/usart.c.obj
 .debug_ranges  0x0000000000000148       0xd0 CMakeFiles/Balance.elf.dir/Drivers/STM32F1xx_HAL_Driver/Src/stm32f1xx_hal.c.obj
 .debug_ranges  0x0000000000000218       0xe0 CMakeFiles/Balance.elf.dir/Drivers/STM32F1xx_HAL_Driver/Src/stm32f1xx_hal_cortex.c.obj
 .debug_ranges  0x00000000000002f8       0x48 CMakeFiles/Balance.elf.dir/Drivers/STM32F1xx_HAL_Driver/Src/stm32f1xx_hal_gpio.c.obj
 .debug_ranges  0x0000000000000340       0xa0 CMakeFiles/Balance.elf.dir/Drivers/STM32F1xx_HAL_Driver/Src/stm32f1xx_hal_rcc.c.obj
 .debug_ranges  0x00000000000003e0      0x1f0 CMakeFiles/Balance.elf.dir/Drivers/STM32F1xx_HAL_Driver/Src/stm32f1xx_hal_uart.c.obj
 .debug_ranges  0x00000000000005d0       0x40 CMakeFiles/Balance.elf.dir/Platform/retarget.c.obj
 .debug_ranges  0x0000000000000610       0x20 CMakeFiles/Balance.elf.dir/startup/startup_stm32f103xb.s.obj

.debug_line     0x0000000000000000     0x62d5
 .debug_line    0x0000000000000000      0x287 CMakeFiles/Balance.elf.dir/Core/Src/gpio.c.obj
 .debug_line    0x0000000000000287      0x55c CMakeFiles/Balance.elf.dir/Core/Src/main.c.obj
 .debug_line    0x00000000000007e3      0x29a CMakeFiles/Balance.elf.dir/Core/Src/stm32f1xx_hal_msp.c.obj
 .debug_line    0x0000000000000a7d      0x366 CMakeFiles/Balance.elf.dir/Core/Src/stm32f1xx_it.c.obj
 .debug_line    0x0000000000000de3      0x4ce CMakeFiles/Balance.elf.dir/Core/Src/syscalls.c.obj
 .debug_line    0x00000000000012b1      0x34e CMakeFiles/Balance.elf.dir/Core/Src/system_stm32f1xx.c.obj
 .debug_line    0x00000000000015ff      0x425 CMakeFiles/Balance.elf.dir/Core/Src/usart.c.obj
 .debug_line    0x0000000000001a24      0x5de CMakeFiles/Balance.elf.dir/Drivers/STM32F1xx_HAL_Driver/Src/stm32f1xx_hal.c.obj
 .debug_line    0x0000000000002002      0x734 CMakeFiles/Balance.elf.dir/Drivers/STM32F1xx_HAL_Driver/Src/stm32f1xx_hal_cortex.c.obj
 .debug_line    0x0000000000002736      0x6e0 CMakeFiles/Balance.elf.dir/Drivers/STM32F1xx_HAL_Driver/Src/stm32f1xx_hal_gpio.c.obj
 .debug_line    0x0000000000002e16      0xcfb CMakeFiles/Balance.elf.dir/Drivers/STM32F1xx_HAL_Driver/Src/stm32f1xx_hal_rcc.c.obj
 .debug_line    0x0000000000003b11     0x21a3 CMakeFiles/Balance.elf.dir/Drivers/STM32F1xx_HAL_Driver/Src/stm32f1xx_hal_uart.c.obj
 .debug_line    0x0000000000005cb4      0x56f CMakeFiles/Balance.elf.dir/Platform/retarget.c.obj
 .debug_line    0x0000000000006223       0xb2 CMakeFiles/Balance.elf.dir/startup/startup_stm32f103xb.s.obj

.debug_str      0x0000000000000000     0x2607
 .debug_str     0x0000000000000000      0x2fa CMakeFiles/Balance.elf.dir/Core/Src/gpio.c.obj
                                        0x347 (size before relaxing)
 .debug_str     0x00000000000002fa      0x954 CMakeFiles/Balance.elf.dir/Core/Src/main.c.obj
                                        0xc9e (size before relaxing)
 .debug_str     0x0000000000000c4e       0x8c CMakeFiles/Balance.elf.dir/Core/Src/stm32f1xx_hal_msp.c.obj
                                        0x381 (size before relaxing)
 .debug_str     0x0000000000000cda       0xe9 CMakeFiles/Balance.elf.dir/Core/Src/stm32f1xx_it.c.obj
                                        0x398 (size before relaxing)
 .debug_str     0x0000000000000dc3      0x26b CMakeFiles/Balance.elf.dir/Core/Src/syscalls.c.obj
                                        0x895 (size before relaxing)
 .debug_str     0x000000000000102e       0x84 CMakeFiles/Balance.elf.dir/Core/Src/system_stm32f1xx.c.obj
                                        0x378 (size before relaxing)
 .debug_str     0x00000000000010b2       0xe4 CMakeFiles/Balance.elf.dir/Core/Src/usart.c.obj
                                        0x7e8 (size before relaxing)
 .debug_str     0x0000000000001196      0x5a4 CMakeFiles/Balance.elf.dir/Drivers/STM32F1xx_HAL_Driver/Src/stm32f1xx_hal.c.obj
                                        0x8f5 (size before relaxing)
 .debug_str     0x000000000000173a      0x3ed CMakeFiles/Balance.elf.dir/Drivers/STM32F1xx_HAL_Driver/Src/stm32f1xx_hal_cortex.c.obj
                                        0xa11 (size before relaxing)
 .debug_str     0x0000000000001b27      0x17a CMakeFiles/Balance.elf.dir/Drivers/STM32F1xx_HAL_Driver/Src/stm32f1xx_hal_gpio.c.obj
                                        0x562 (size before relaxing)
 .debug_str     0x0000000000001ca1      0x226 CMakeFiles/Balance.elf.dir/Drivers/STM32F1xx_HAL_Driver/Src/stm32f1xx_hal_rcc.c.obj
                                        0x744 (size before relaxing)
 .debug_str     0x0000000000001ec7      0x669 CMakeFiles/Balance.elf.dir/Drivers/STM32F1xx_HAL_Driver/Src/stm32f1xx_hal_uart.c.obj
                                        0xdde (size before relaxing)
 .debug_str     0x0000000000002530       0x76 CMakeFiles/Balance.elf.dir/Platform/retarget.c.obj
                                        0xcb9 (size before relaxing)
 .debug_str     0x00000000000025a6       0x61 CMakeFiles/Balance.elf.dir/startup/startup_stm32f103xb.s.obj
                                         0xa8 (size before relaxing)

.comment        0x0000000000000000       0x66
 .comment       0x0000000000000000       0x66 CMakeFiles/Balance.elf.dir/Core/Src/gpio.c.obj
                                         0x67 (size before relaxing)
 .comment       0x0000000000000066       0x67 CMakeFiles/Balance.elf.dir/Core/Src/main.c.obj
 .comment       0x0000000000000066       0x67 CMakeFiles/Balance.elf.dir/Core/Src/stm32f1xx_hal_msp.c.obj
 .comment       0x0000000000000066       0x67 CMakeFiles/Balance.elf.dir/Core/Src/stm32f1xx_it.c.obj
 .comment       0x0000000000000066       0x67 CMakeFiles/Balance.elf.dir/Core/Src/syscalls.c.obj
 .comment       0x0000000000000066       0x67 CMakeFiles/Balance.elf.dir/Core/Src/system_stm32f1xx.c.obj
 .comment       0x0000000000000066       0x67 CMakeFiles/Balance.elf.dir/Core/Src/usart.c.obj
 .comment       0x0000000000000066       0x67 CMakeFiles/Balance.elf.dir/Drivers/STM32F1xx_HAL_Driver/Src/stm32f1xx_hal.c.obj
 .comment       0x0000000000000066       0x67 CMakeFiles/Balance.elf.dir/Drivers/STM32F1xx_HAL_Driver/Src/stm32f1xx_hal_cortex.c.obj
 .comment       0x0000000000000066       0x67 CMakeFiles/Balance.elf.dir/Drivers/STM32F1xx_HAL_Driver/Src/stm32f1xx_hal_gpio.c.obj
 .comment       0x0000000000000066       0x67 CMakeFiles/Balance.elf.dir/Drivers/STM32F1xx_HAL_Driver/Src/stm32f1xx_hal_rcc.c.obj
 .comment       0x0000000000000066       0x67 CMakeFiles/Balance.elf.dir/Drivers/STM32F1xx_HAL_Driver/Src/stm32f1xx_hal_uart.c.obj
 .comment       0x0000000000000066       0x67 CMakeFiles/Balance.elf.dir/Platform/retarget.c.obj

.debug_frame    0x0000000000000000     0x2324
 .debug_frame   0x0000000000000000       0x28 CMakeFiles/Balance.elf.dir/Core/Src/gpio.c.obj
 .debug_frame   0x0000000000000028       0x58 CMakeFiles/Balance.elf.dir/Core/Src/main.c.obj
 .debug_frame   0x0000000000000080       0x28 CMakeFiles/Balance.elf.dir/Core/Src/stm32f1xx_hal_msp.c.obj
 .debug_frame   0x00000000000000a8       0xa8 CMakeFiles/Balance.elf.dir/Core/Src/stm32f1xx_it.c.obj
 .debug_frame   0x0000000000000150      0x168 CMakeFiles/Balance.elf.dir/Core/Src/syscalls.c.obj
 .debug_frame   0x00000000000002b8       0x30 CMakeFiles/Balance.elf.dir/Core/Src/system_stm32f1xx.c.obj
 .debug_frame   0x00000000000002e8       0x60 CMakeFiles/Balance.elf.dir/Core/Src/usart.c.obj
 .debug_frame   0x0000000000000348      0x1cc CMakeFiles/Balance.elf.dir/Drivers/STM32F1xx_HAL_Driver/Src/stm32f1xx_hal.c.obj
 .debug_frame   0x0000000000000514      0x12c CMakeFiles/Balance.elf.dir/Drivers/STM32F1xx_HAL_Driver/Src/stm32f1xx_hal_cortex.c.obj
 .debug_frame   0x0000000000000640       0xe8 CMakeFiles/Balance.elf.dir/Drivers/STM32F1xx_HAL_Driver/Src/stm32f1xx_hal_gpio.c.obj
 .debug_frame   0x0000000000000728      0x190 CMakeFiles/Balance.elf.dir/Drivers/STM32F1xx_HAL_Driver/Src/stm32f1xx_hal_rcc.c.obj
 .debug_frame   0x00000000000008b8      0x5c4 CMakeFiles/Balance.elf.dir/Drivers/STM32F1xx_HAL_Driver/Src/stm32f1xx_hal_uart.c.obj
 .debug_frame   0x0000000000000e7c       0xbc CMakeFiles/Balance.elf.dir/Platform/retarget.c.obj
 .debug_frame   0x0000000000000f38       0x20 c:/dev/tools/xpack-arm-none-eabi-gcc-9.2.1-1.1/bin/../lib/gcc/arm-none-eabi/9.2.1/../../../../arm-none-eabi/lib/thumb/v7-m/nofp\libg.a(lib_a-errno.o)
 .debug_frame   0x0000000000000f58       0x2c c:/dev/tools/xpack-arm-none-eabi-gcc-9.2.1-1.1/bin/../lib/gcc/arm-none-eabi/9.2.1/../../../../arm-none-eabi/lib/thumb/v7-m/nofp\libg.a(lib_a-init.o)
 .debug_frame   0x0000000000000f84       0x38 c:/dev/tools/xpack-arm-none-eabi-gcc-9.2.1-1.1/bin/../lib/gcc/arm-none-eabi/9.2.1/../../../../arm-none-eabi/lib/thumb/v7-m/nofp\libg.a(lib_a-memset.o)
 .debug_frame   0x0000000000000fbc       0x74 c:/dev/tools/xpack-arm-none-eabi-gcc-9.2.1-1.1/bin/../lib/gcc/arm-none-eabi/9.2.1/../../../../arm-none-eabi/lib/thumb/v7-m/nofp\libg.a(lib_a-printf.o)
 .debug_frame   0x0000000000001030       0x48 c:/dev/tools/xpack-arm-none-eabi-gcc-9.2.1-1.1/bin/../lib/gcc/arm-none-eabi/9.2.1/../../../../arm-none-eabi/lib/thumb/v7-m/nofp\libg.a(lib_a-setvbuf.o)
 .debug_frame   0x0000000000001078       0x8c c:/dev/tools/xpack-arm-none-eabi-gcc-9.2.1-1.1/bin/../lib/gcc/arm-none-eabi/9.2.1/../../../../arm-none-eabi/lib/thumb/v7-m/nofp\libg.a(lib_a-vfprintf.o)
 .debug_frame   0x0000000000001104       0x2c c:/dev/tools/xpack-arm-none-eabi-gcc-9.2.1-1.1/bin/../lib/gcc/arm-none-eabi/9.2.1/../../../../arm-none-eabi/lib/thumb/v7-m/nofp\libg.a(lib_a-wsetup.o)
 .debug_frame   0x0000000000001130       0x5c c:/dev/tools/xpack-arm-none-eabi-gcc-9.2.1-1.1/bin/../lib/gcc/arm-none-eabi/9.2.1/../../../../arm-none-eabi/lib/thumb/v7-m/nofp\libg.a(lib_a-__call_atexit.o)
 .debug_frame   0x000000000000118c       0x20 c:/dev/tools/xpack-arm-none-eabi-gcc-9.2.1-1.1/bin/../lib/gcc/arm-none-eabi/9.2.1/../../../../arm-none-eabi/lib/thumb/v7-m/nofp\libg.a(lib_a-atexit.o)
 .debug_frame   0x00000000000011ac       0x8c c:/dev/tools/xpack-arm-none-eabi-gcc-9.2.1-1.1/bin/../lib/gcc/arm-none-eabi/9.2.1/../../../../arm-none-eabi/lib/thumb/v7-m/nofp\libg.a(lib_a-dtoa.o)
 .debug_frame   0x0000000000001238       0x5c c:/dev/tools/xpack-arm-none-eabi-gcc-9.2.1-1.1/bin/../lib/gcc/arm-none-eabi/9.2.1/../../../../arm-none-eabi/lib/thumb/v7-m/nofp\libg.a(lib_a-fflush.o)
 .debug_frame   0x0000000000001294      0x154 c:/dev/tools/xpack-arm-none-eabi-gcc-9.2.1-1.1/bin/../lib/gcc/arm-none-eabi/9.2.1/../../../../arm-none-eabi/lib/thumb/v7-m/nofp\libg.a(lib_a-findfp.o)
 .debug_frame   0x00000000000013e8       0x34 c:/dev/tools/xpack-arm-none-eabi-gcc-9.2.1-1.1/bin/../lib/gcc/arm-none-eabi/9.2.1/../../../../arm-none-eabi/lib/thumb/v7-m/nofp\libg.a(lib_a-fini.o)
 .debug_frame   0x000000000000141c       0x8c c:/dev/tools/xpack-arm-none-eabi-gcc-9.2.1-1.1/bin/../lib/gcc/arm-none-eabi/9.2.1/../../../../arm-none-eabi/lib/thumb/v7-m/nofp\libg.a(lib_a-freer.o)
 .debug_frame   0x00000000000014a8       0x54 c:/dev/tools/xpack-arm-none-eabi-gcc-9.2.1-1.1/bin/../lib/gcc/arm-none-eabi/9.2.1/../../../../arm-none-eabi/lib/thumb/v7-m/nofp\libg.a(lib_a-fwalk.o)
 .debug_frame   0x00000000000014fc       0x40 c:/dev/tools/xpack-arm-none-eabi-gcc-9.2.1-1.1/bin/../lib/gcc/arm-none-eabi/9.2.1/../../../../arm-none-eabi/lib/thumb/v7-m/nofp\libg.a(lib_a-localeconv.o)
 .debug_frame   0x000000000000153c       0xb0 c:/dev/tools/xpack-arm-none-eabi-gcc-9.2.1-1.1/bin/../lib/gcc/arm-none-eabi/9.2.1/../../../../arm-none-eabi/lib/thumb/v7-m/nofp\libg.a(lib_a-lock.o)
 .debug_frame   0x00000000000015ec       0x6c c:/dev/tools/xpack-arm-none-eabi-gcc-9.2.1-1.1/bin/../lib/gcc/arm-none-eabi/9.2.1/../../../../arm-none-eabi/lib/thumb/v7-m/nofp\libg.a(lib_a-makebuf.o)
 .debug_frame   0x0000000000001658       0x30 c:/dev/tools/xpack-arm-none-eabi-gcc-9.2.1-1.1/bin/../lib/gcc/arm-none-eabi/9.2.1/../../../../arm-none-eabi/lib/thumb/v7-m/nofp\libg.a(lib_a-malloc.o)
 .debug_frame   0x0000000000001688       0x4c c:/dev/tools/xpack-arm-none-eabi-gcc-9.2.1-1.1/bin/../lib/gcc/arm-none-eabi/9.2.1/../../../../arm-none-eabi/lib/thumb/v7-m/nofp\libg.a(lib_a-mallocr.o)
 .debug_frame   0x00000000000016d4       0x44 c:/dev/tools/xpack-arm-none-eabi-gcc-9.2.1-1.1/bin/../lib/gcc/arm-none-eabi/9.2.1/../../../../arm-none-eabi/lib/thumb/v7-m/nofp\libg.a(lib_a-memchr-stub.o)
 .debug_frame   0x0000000000001718       0x30 c:/dev/tools/xpack-arm-none-eabi-gcc-9.2.1-1.1/bin/../lib/gcc/arm-none-eabi/9.2.1/../../../../arm-none-eabi/lib/thumb/v7-m/nofp\libg.a(lib_a-mlock.o)
 .debug_frame   0x0000000000001748      0x25c c:/dev/tools/xpack-arm-none-eabi-gcc-9.2.1-1.1/bin/../lib/gcc/arm-none-eabi/9.2.1/../../../../arm-none-eabi/lib/thumb/v7-m/nofp\libg.a(lib_a-mprec.o)
 .debug_frame   0x00000000000019a4       0x30 c:/dev/tools/xpack-arm-none-eabi-gcc-9.2.1-1.1/bin/../lib/gcc/arm-none-eabi/9.2.1/../../../../arm-none-eabi/lib/thumb/v7-m/nofp\libg.a(lib_a-s_frexp.o)
 .debug_frame   0x00000000000019d4       0x2c c:/dev/tools/xpack-arm-none-eabi-gcc-9.2.1-1.1/bin/../lib/gcc/arm-none-eabi/9.2.1/../../../../arm-none-eabi/lib/thumb/v7-m/nofp\libg.a(lib_a-sbrkr.o)
 .debug_frame   0x0000000000001a00       0x8c c:/dev/tools/xpack-arm-none-eabi-gcc-9.2.1-1.1/bin/../lib/gcc/arm-none-eabi/9.2.1/../../../../arm-none-eabi/lib/thumb/v7-m/nofp\libg.a(lib_a-stdio.o)
 .debug_frame   0x0000000000001a8c       0x20 c:/dev/tools/xpack-arm-none-eabi-gcc-9.2.1-1.1/bin/../lib/gcc/arm-none-eabi/9.2.1/../../../../arm-none-eabi/lib/thumb/v7-m/nofp\libg.a(lib_a-strlen-stub.o)
 .debug_frame   0x0000000000001aac       0x38 c:/dev/tools/xpack-arm-none-eabi-gcc-9.2.1-1.1/bin/../lib/gcc/arm-none-eabi/9.2.1/../../../../arm-none-eabi/lib/thumb/v7-m/nofp\libg.a(lib_a-strncpy.o)
 .debug_frame   0x0000000000001ae4       0xd0 c:/dev/tools/xpack-arm-none-eabi-gcc-9.2.1-1.1/bin/../lib/gcc/arm-none-eabi/9.2.1/../../../../arm-none-eabi/lib/thumb/v7-m/nofp\libg.a(lib_a-vfiprintf.o)
 .debug_frame   0x0000000000001bb4       0x30 c:/dev/tools/xpack-arm-none-eabi-gcc-9.2.1-1.1/bin/../lib/gcc/arm-none-eabi/9.2.1/../../../../arm-none-eabi/lib/thumb/v7-m/nofp\libg.a(lib_a-writer.o)
 .debug_frame   0x0000000000001be4       0x34 c:/dev/tools/xpack-arm-none-eabi-gcc-9.2.1-1.1/bin/../lib/gcc/arm-none-eabi/9.2.1/../../../../arm-none-eabi/lib/thumb/v7-m/nofp\libg.a(lib_a-__atexit.o)
 .debug_frame   0x0000000000001c18       0x28 c:/dev/tools/xpack-arm-none-eabi-gcc-9.2.1-1.1/bin/../lib/gcc/arm-none-eabi/9.2.1/../../../../arm-none-eabi/lib/thumb/v7-m/nofp\libg.a(lib_a-callocr.o)
 .debug_frame   0x0000000000001c40       0x2c c:/dev/tools/xpack-arm-none-eabi-gcc-9.2.1-1.1/bin/../lib/gcc/arm-none-eabi/9.2.1/../../../../arm-none-eabi/lib/thumb/v7-m/nofp\libg.a(lib_a-closer.o)
 .debug_frame   0x0000000000001c6c       0x3c c:/dev/tools/xpack-arm-none-eabi-gcc-9.2.1-1.1/bin/../lib/gcc/arm-none-eabi/9.2.1/../../../../arm-none-eabi/lib/thumb/v7-m/nofp\libg.a(lib_a-fclose.o)
 .debug_frame   0x0000000000001ca8       0x98 c:/dev/tools/xpack-arm-none-eabi-gcc-9.2.1-1.1/bin/../lib/gcc/arm-none-eabi/9.2.1/../../../../arm-none-eabi/lib/thumb/v7-m/nofp\libg.a(lib_a-fputwc.o)
 .debug_frame   0x0000000000001d40       0x2c c:/dev/tools/xpack-arm-none-eabi-gcc-9.2.1-1.1/bin/../lib/gcc/arm-none-eabi/9.2.1/../../../../arm-none-eabi/lib/thumb/v7-m/nofp\libg.a(lib_a-fstatr.o)
 .debug_frame   0x0000000000001d6c       0x64 c:/dev/tools/xpack-arm-none-eabi-gcc-9.2.1-1.1/bin/../lib/gcc/arm-none-eabi/9.2.1/../../../../arm-none-eabi/lib/thumb/v7-m/nofp\libg.a(lib_a-fvwrite.o)
 .debug_frame   0x0000000000001dd0       0x2c c:/dev/tools/xpack-arm-none-eabi-gcc-9.2.1-1.1/bin/../lib/gcc/arm-none-eabi/9.2.1/../../../../arm-none-eabi/lib/thumb/v7-m/nofp\libg.a(lib_a-isattyr.o)
 .debug_frame   0x0000000000001dfc       0x54 c:/dev/tools/xpack-arm-none-eabi-gcc-9.2.1-1.1/bin/../lib/gcc/arm-none-eabi/9.2.1/../../../../arm-none-eabi/lib/thumb/v7-m/nofp\libg.a(lib_a-locale.o)
 .debug_frame   0x0000000000001e50       0x30 c:/dev/tools/xpack-arm-none-eabi-gcc-9.2.1-1.1/bin/../lib/gcc/arm-none-eabi/9.2.1/../../../../arm-none-eabi/lib/thumb/v7-m/nofp\libg.a(lib_a-lseekr.o)
 .debug_frame   0x0000000000001e80       0x4c c:/dev/tools/xpack-arm-none-eabi-gcc-9.2.1-1.1/bin/../lib/gcc/arm-none-eabi/9.2.1/../../../../arm-none-eabi/lib/thumb/v7-m/nofp\libg.a(lib_a-mbtowc_r.o)
 .debug_frame   0x0000000000001ecc       0x40 c:/dev/tools/xpack-arm-none-eabi-gcc-9.2.1-1.1/bin/../lib/gcc/arm-none-eabi/9.2.1/../../../../arm-none-eabi/lib/thumb/v7-m/nofp\libg.a(lib_a-memmove.o)
 .debug_frame   0x0000000000001f0c       0x30 c:/dev/tools/xpack-arm-none-eabi-gcc-9.2.1-1.1/bin/../lib/gcc/arm-none-eabi/9.2.1/../../../../arm-none-eabi/lib/thumb/v7-m/nofp\libg.a(lib_a-readr.o)
 .debug_frame   0x0000000000001f3c       0x48 c:/dev/tools/xpack-arm-none-eabi-gcc-9.2.1-1.1/bin/../lib/gcc/arm-none-eabi/9.2.1/../../../../arm-none-eabi/lib/thumb/v7-m/nofp\libg.a(lib_a-reallocr.o)
 .debug_frame   0x0000000000001f84       0x60 c:/dev/tools/xpack-arm-none-eabi-gcc-9.2.1-1.1/bin/../lib/gcc/arm-none-eabi/9.2.1/../../../../arm-none-eabi/lib/thumb/v7-m/nofp\libg.a(lib_a-reent.o)
 .debug_frame   0x0000000000001fe4       0x40 c:/dev/tools/xpack-arm-none-eabi-gcc-9.2.1-1.1/bin/../lib/gcc/arm-none-eabi/9.2.1/../../../../arm-none-eabi/lib/thumb/v7-m/nofp\libg.a(lib_a-wbuf.o)
 .debug_frame   0x0000000000002024       0x60 c:/dev/tools/xpack-arm-none-eabi-gcc-9.2.1-1.1/bin/../lib/gcc/arm-none-eabi/9.2.1/../../../../arm-none-eabi/lib/thumb/v7-m/nofp\libg.a(lib_a-wcrtomb.o)
 .debug_frame   0x0000000000002084       0x3c c:/dev/tools/xpack-arm-none-eabi-gcc-9.2.1-1.1/bin/../lib/gcc/arm-none-eabi/9.2.1/../../../../arm-none-eabi/lib/thumb/v7-m/nofp\libg.a(lib_a-wctomb_r.o)
 .debug_frame   0x00000000000020c0       0xac c:/dev/tools/xpack-arm-none-eabi-gcc-9.2.1-1.1/bin/../lib/gcc/arm-none-eabi/9.2.1/thumb/v7-m/nofp\libgcc.a(_arm_addsubdf3.o)
 .debug_frame   0x000000000000216c       0x50 c:/dev/tools/xpack-arm-none-eabi-gcc-9.2.1-1.1/bin/../lib/gcc/arm-none-eabi/9.2.1/thumb/v7-m/nofp\libgcc.a(_arm_muldivdf3.o)